 GUISimulation

 Timestamp is 5b895500 (Fri Aug 31 22:47:28 2018)

 Preferred load address is 00400000

 Start         Length     Name                   Class
 0001:00000000 00011752H .text                   CODE
 0002:00000000 00000250H .idata$5                DATA
 0002:00000250 000274d8H .rdata                  DATA
 0002:00027728 00000050H .idata$2                DATA
 0002:00027778 00000014H .idata$3                DATA
 0002:0002778c 00000250H .idata$4                DATA
 0002:000279dc 000009a8H .idata$6                DATA
 0002:00028384 00000000H .edata                  DATA
 0003:00000000 00000004H .CRT$XCA                DATA
 0003:00000004 00000004H .CRT$XCZ                DATA
 0003:00000008 00000004H .CRT$XIA                DATA
 0003:0000000c 0000000cH .CRT$XIC                DATA
 0003:00000018 00000004H .CRT$XIZ                DATA
 0003:0000001c 00000004H .CRT$XPA                DATA
 0003:00000020 00000004H .CRT$XPX                DATA
 0003:00000024 00000004H .CRT$XPZ                DATA
 0003:00000028 00000004H .CRT$XTA                DATA
 0003:0000002c 00000004H .CRT$XTZ                DATA
 0003:00000030 00003aa0H .data                   DATA
 0003:00003ad0 00009ce8H .bss                    DATA
 0004:00000000 00000418H .rsrc$01                DATA
 0004:00000420 0001aae8H .rsrc$02                DATA

  Address         Publics by Value              Rva+Base     Lib:Object

 0001:00000000       _main                      00401000 f   main.obj
 0001:00000035       _LCD_Color2Index_8666      00401035 f   LCDP8666.obj
 0001:00000095       _LCD_Index2Color_8666      00401095 f   LCDP8666.obj
 0001:000000f7       _GL_SwapInt                004010f7 f   gui2dlib.obj
 0001:0000010a       _GUI_sin                   0040110a f   gui2dlib.obj
 0001:00000171       _GUI_cos                   00401171 f   gui2dlib.obj
 0001:00000182       __atan0_45                 00401182 f   gui2dlib.obj
 0001:000001c3       _SetLineColor              004011c3 f   gui2dlib.obj
 0001:00000240       _CalcOrto                  00401240 f   gui2dlib.obj
 0001:00000321       _GL_DrawLine               00401321 f   gui2dlib.obj
 0001:00000450       _GUI_DrawRect              00401450 f   gui2dlib.obj
 0001:00000525       _GL_DrawLine1              00401525 f   gui2dlib.obj
 0001:000006aa       _GL_DrawPoint              004016aa f   gui2dlib.obj
 0001:000006e1       _GUI__AddSpaceHex          004016e1 f   GUI__AddSpaceHex.obj
 0001:000006ff       _GUI__IntersectRect        004016ff f   GUI__IntersectRect.obj
 0001:0000073d       _GUI__IntersectRects       0040173d f   GUI__IntersectRects.obj
 0001:000007c7       _GUI__ReduceRect           004017c7 f   GUI__ReduceRect.obj
 0001:00000800       _GUI_AddDecShift           00401800 f   GUI_AddDec.obj
 0001:000008b0       _GUI_AddHex                004018b0 f   GUI_AddHex.obj
 0001:000008f4       _GUI_DrawHLine             004018f4 f   GUI_DrawHLine.obj
 0001:00000965       _GUI_DrawVLine             00401965 f   GUI_DrawVLine.obj
 0001:000009d4       _GUI_ErrorOut              004019d4 f   GUI_ErrorOut.obj
 0001:000009df       _GUI_ErrorOut1             004019df f   GUI_ErrorOut.obj
 0001:00000a20       _GUI_ErrorOut2             00401a20 f   GUI_ErrorOut.obj
 0001:00000a6f       _GUI_ErrorOut3             00401a6f f   GUI_ErrorOut.obj
 0001:00000acc       _GUI_Exec1                 00401acc f   GUI_Exec.obj
 0001:00000af1       _GUI_Exec                  00401af1 f   GUI_Exec.obj
 0001:00000b0d       _GL_CheckYInterSect        00401b0d f   GUI_FillPolygon.obj
 0001:00000b8b       _GL_GetSign                00401b8b f   GUI_FillPolygon.obj
 0001:00000ba1       _GL_FillPolygon            00401ba1 f   GUI_FillPolygon.obj
 0001:00000dd1       _GUI_GetBkColor            00401dd1 f   GUI_GetColor.obj
 0001:00000dee       _GUI_GetColor              00401dee f   GUI_GetColor.obj
 0001:00000e0b       _GUI_GetVersionString      00401e0b f   GUI_GetVersionString.obj
 0001:00000e2d       _GUI_MergeRect             00401e2d f   GUI_MergeRect.obj
 0001:00000ebd       _GUI_MoveRect              00401ebd f   GUI_MoveRect.obj
 0001:00000edd       _GUI_StoreKey              00401edd f   GUI_OnKey.obj
 0001:00000ef0       _GUI_StoreKeyMsg           00401ef0 f   GUI_OnKey.obj
 0001:00000f0d       _GUI_PollKeyMsg            00401f0d f   GUI_OnKey.obj
 0001:00000f4c       _GUI_SetPenSize            00401f4c f   GUI_Pen.obj
 0001:00000f6a       _GUI_RectsIntersect        00401f6a f   GUI_RectsIntersect.obj
 0001:00000f9f       _GUI_SaveContext           00401f9f f   GUI_SaveContext.obj
 0001:00000fb2       _GUI_RestoreContext        00401fb2 f   GUI_SaveContext.obj
 0001:00000fc5       _GL_SetDefault             00401fc5 f   GUI_SetDefault.obj
 0001:00001008       _GUI_Warn                  00402008 f   GUI_Warn.obj
 0001:00001013       _GUI_Warn1                 00402013 f   GUI_Warn.obj
 0001:00001054       _GUI_ALLOC_Init            00402054 f   GUIAlloc.obj
 0001:0000109f       _GUI_ALLOC_Alloc           0040209f f   GUIAlloc.obj
 0001:00001329       _GUI_ALLOC_Free            00402329 f   GUIAlloc.obj
 0001:000013c7       _GUI_ALLOC_h2p             004023c7 f   GUIAlloc.obj
 0001:000013f0       _GUI_ALLOC_GetMaxSize      004023f0 f   GUIAlloc.obj
 0001:0000146f       _GUI_GetLineDistX          0040246f f   GUIChar.obj
 0001:000014ef       _GUI__GetLineLen           004024ef f   GUIChar.obj
 0001:0000154e       _GUI_GetYAdjust            0040254e f   GUIChar.obj
 0001:0000157f       _GUI_GetDispPosX           0040257f f   GUIChar.obj
 0001:00001595       _GUI_GetDispPosY           00402595 f   GUIChar.obj
 0001:000015ab       _GUI_GetFontDistY          004025ab f   GUIChar.obj
 0001:000015ca       _GUI_GetCharDistX          004025ca f   GUIChar.obj
 0001:000015e8       _GUI_SetTextMode           004025e8 f   GUIChar.obj
 0001:00001609       _GUI_SetTextAlign          00402609 f   GUIChar.obj
 0001:0000162a       _GUI_DispNextLine          0040262a f   GUIChar.obj
 0001:00001643       _GL_DispChar               00402643 f   GUIChar.obj
 0001:00001662       _GUI_SetFont               00402662 f   GUIChar.obj
 0001:00001684       _GUI_GotoY                 00402684 f   GUIChar.obj
 0001:000016ad       _GUI_GotoX                 004026ad f   GUIChar.obj
 0001:000016d6       _GUI_GotoXY                004026d6 f   GUIChar.obj
 0001:000016fd       _GL_DispLine               004026fd f   GUIChar.obj
 0001:0000178a       _GUI__DispLine             0040278a f   GUIChar.obj
 0001:00001820       _GUI_DispString            00402820 f   GUIChar.obj
 0001:0000195e       _GUI_DispStringAt          0040295e f   GUIChar.obj
 0001:00001988       _GUIMONO_DispChar          00402988 f   GUICharM.obj
 0001:00001b23       _GUIMONO_GetCharDistX      00402b23 f   GUICharM.obj
 0001:00001b30       _GUIMONO_GetFontInfo       00402b30 f   GUICharM.obj
 0001:00001b3a       _GUIMONO_IsInFont          00402b3a f   GUICharM.obj
 0001:00001b6a       _GUIPROP_DispChar          00402b6a f   GUICharP.obj
 0001:00001c89       _GUIPROP_GetCharDistX      00402c89 f   GUICharP.obj
 0001:00001cb5       _GUIPROP_GetFontInfo       00402cb5 f   GUICharP.obj
 0001:00001cbf       _GUIPROP_IsInFont          00402cbf f   GUICharP.obj
 0001:00001cd8       _GL_FillCircle             00402cd8 f   GUICirc.obj
 0001:00001de8       _GUI_SetBkColor            00402de8 f   GUICore.obj
 0001:00001dfc       _GUI_SetColor              00402dfc f   GUICore.obj
 0001:00001e10       _GUI_SetDrawMode           00402e10 f   GUICore.obj
 0001:00001e2b       _GUI_SetLineStyle          00402e2b f   GUICore.obj
 0001:00001e49       _GUI_ClearRect             00402e49 f   GUICore.obj
 0001:00001ebc       _GUI_Clear                 00402ebc f   GUICore.obj
 0001:00001edc       _GUI_SelectLCD             00402edc f   GUICore.obj
 0001:00001f23       _GUI_Init                  00402f23 f   GUICore.obj
 0001:00001f96       _GUI_GetLineDistX_SJIS     00402f96 f   GUIEncJS.obj
 0001:00001ffb       _GUI_GetLineLen_SJIS       00402ffb f   GUIEncJS.obj
 0001:00002020       _GL_DispLine_SJIS          00403020 f   GUIEncJS.obj
 0001:00002069       _GUI_Unlock                00403069 f   guitask.obj
 0001:0000208b       _GUI_Lock                  0040308b f   guitask.obj
 0001:00002159       _GUITASK_Init              00403159 f   guitask.obj
 0001:00002185       _GUI_GetTime               00403185 f   GUITime.obj
 0001:0000218a       _GUI_Delay                 0040318a f   GUITime.obj
 0001:000021bd       _GUI_DB2UC                 004031bd f   GUIUC0.obj
 0001:000021f1       _GUI_DispDecAt             004031f1 f   GUIVal.obj
 0001:00002226       _LCD_SetColorIndex         00403226 f   LCD.obj
 0001:00002248       _LCD_SetBkColorIndex       00403248 f   LCD.obj
 0001:0000225b       _LCD_SetDrawMode           0040325b f   LCD.obj
 0001:00002290       _LCD_DrawPixel             00403290 f   LCD.obj
 0001:000022f0       _LCD_DrawHLine             004032f0 f   LCD.obj
 0001:00002341       _LCD_DrawVLine             00403341 f   LCD.obj
 0001:00002392       _LCD_FillRect              00403392 f   LCD.obj
 0001:000023f2       _LCD_DrawBitmap            004033f2 f   LCD.obj
 0001:00002630       _LCD_SetClipRectEx         00403630 f   LCD.obj
 0001:00002657       _LCD_SetClipRectMax        00403657 f   LCD.obj
 0001:00002666       _LCD_Init                  00403666 f   LCD.obj
 0001:000026a2       _LCD_Color2Index           004036a2 f   LCD.obj
 0001:000026af       _LCD_Index2Color           004036af f   LCD.obj
 0001:000026bd       _LCD_SetBkColor            004036bd f   LCD.obj
 0001:000026cf       _LCD_SetColor              004036cf f   LCD.obj
 0001:000026e1       _LCD_GetBkColorIndex       004036e1 f   LCD_GetColorIndex.obj
 0001:000026e9       _LCD_GetColorIndex         004036e9 f   LCD_GetColorIndex.obj
 0001:000026f1       _LCD_L0_Color2Index        004036f1 f   LCD_L0_Generic.obj
 0001:000026fc       _LCD_L0_Index2Color        004036fc f   LCD_L0_Generic.obj
 0001:00002707       _LCD_L0_GetRect            00403707 f   LCD_L0_Generic.obj
 0001:00002721       _LCD_GetpPalConvTableUncached 00403721 f   LCDColor.obj
 0001:00002760       _LCD_GetpPalConvTable      00403760 f   LCDColor.obj
 0001:0000276b       _LCD_InitLUT               0040376b f   LCDColor.obj
 0001:0000278c       _LCD_GetDevCap             0040378c f   LCDInfo.obj
 0001:000027f2       _LCD_GetVXSize             004037f2 f   LCDInfo0.obj
 0001:000027f2       _LCD_GetXSize              004037f2 f   LCDInfo0.obj
 0001:000027f8       _LCD_GetYSize              004037f8 f   LCDInfo0.obj
 0001:000027f8       _LCD_GetVYSize             004037f8 f   LCDInfo0.obj
 0001:000027fe       _LCD_GetBitsPerPixel       004037fe f   LCDInfo0.obj
 0001:00002802       _LCD_GetNumColors          00403802 f   LCDInfo0.obj
 0001:00002808       _LCD_GetNumDisplays        00403808 f   LCDInfo0.obj
 0001:00002808       _LCD_GetYMag               00403808 f   LCDInfo0.obj
 0001:00002808       _LCD_GetXMag               00403808 f   LCDInfo0.obj
 0001:0000280c       _LCD_GetFixedPalette       0040380c f   LCDInfo0.obj
 0001:00002812       _LCD_GetNumColors_1        00403812 f   LCDInfo1.obj
 0001:00002812       _LCD_GetYSize_1            00403812 f   LCDInfo1.obj
 0001:00002812       _LCD_GetVYSize_1           00403812 f   LCDInfo1.obj
 0001:00002812       _LCD_GetXSize_1            00403812 f   LCDInfo1.obj
 0001:00002812       _LCD_GetBitsPerPixel_1     00403812 f   LCDInfo1.obj
 0001:00002812       _LCD_GetXMag_1             00403812 f   LCDInfo1.obj
 0001:00002812       __matherr                  00403812 f   LCDInfo1.obj
 0001:00002812       _LCD_GetYMag_1             00403812 f   LCDInfo1.obj
 0001:00002812       _LCD_GetFixedPalette_1     00403812 f   LCDInfo1.obj
 0001:00002812       _LCD_GetVXSize_1           00403812 f   LCDInfo1.obj
 0001:0000283b       _LCD_L0_DrawHLine          0040383b f   LCDWin.obj
 0001:0000287d       _LCD_L0_DrawVLine          0040387d f   LCDWin.obj
 0001:000028bf       _LCD_L0_FillRect           004038bf f   LCDWin.obj
 0001:000028e0       _LCD_L0_DrawBitmap         004038e0 f   LCDWin.obj
 0001:00002d6b       _GUI_MOUSE_StoreState      00403d6b f   LCDWin.obj
 0001:00002d6b       _WM__InvalidateTransAreaAbove 00403d6b f   LCDWin.obj
 0001:00002d6b       _LCD_L0_On                 00403d6b f   LCDWin.obj
 0001:00002d6b       _GUI_X_Init                00403d6b f   LCDWin.obj
 0001:00002d6b       _WIDGET_EFFECT_None_DrawUpRect 00403d6b f   LCDWin.obj
 0001:00002d6b       _WIDGET_EFFECT_None_DrawDown 00403d6b f   LCDWin.obj
 0001:00002d6b       __fpclear                  00403d6b f   LCDWin.obj
 0001:00002d6b       _GUI_TOUCH_StoreState      00403d6b f   LCDWin.obj
 0001:00002d6b       _WIDGET_EFFECT_None_DrawUp 00403d6b f   LCDWin.obj
 0001:00002d6b       _WIDGET_EFFECT_None_DrawDownRect 00403d6b f   LCDWin.obj
 0001:00002d6b       _SIM_X_Init                00403d6b f   LCDWin.obj
 0001:00002d6c       _LCD_L0_SetLUTEntry        00403d6c f   LCDWin.obj
 0001:00002d7c       _LCD_L0_Init               00403d7c f   LCDWin.obj
 0001:00002dab       _LCD_L0_GetPixelIndex      00403dab f   LCDWin.obj
 0001:00002dbb       _LCD_L0_XorPixel           00403dbb f   LCDWin.obj
 0001:00002dcb       _LCD_L0_SetPixelIndex      00403dcb f   LCDWin.obj
 0001:00002de0       _GUI_MEMDEV_XY2PTR         00403de0 f   GUIDEV.obj
 0001:000036fe       _GUI_MEMDEV_Delete         004046fe f   GUIDEV.obj
 0001:00003740       _GUI_MEMDEV_CreateEx       00404740 f   GUIDEV.obj
 0001:0000382c       _GUI_MEMDEV_Select         0040482c f   GUIDEV.obj
 0001:00003879       _GUI_MEMDEV_CopyToLCDAt    00404879 f   GUIDEV.obj
 0001:00003a9f       _GUI_MEMDEV_CopyToLCD      00404a9f f   GUIDEV.obj
 0001:00003ab3       _GUI_MEMDEV_Draw           00404ab3 f   GUIDEV_Banding.obj
 0001:00003c0f       _GUI_MEMDEV_Clear          00404c0f f   GUIDEV_Clear.obj
 0001:00003c42       _GUI_MEMDEV_GetYSize       00404c42 f   GUIDEV_GetYSize.obj
 0001:00003c64       __MarkPixel                00404c64 f   GUIDEV_Measure.obj
 0001:00003ca8       __MarkRect                 00404ca8 f   GUIDEV_Measure.obj
 0001:00003ef1       _GUI_MEMDEV_ReduceYSize    00404ef1 f   GUIDEV_ReduceYSize.obj
 0001:00003f1c       _GUI_MEMDEV_SetOrg         00404f1c f   GUIDEV_SetOrg.obj
 0001:00003f8f       _GUI_USAGE_DecUseCnt       00404f8f f   GUIDEV_Usage.obj
 0001:00004192       _GUI_USAGE_BM_Delete       00405192 f   GUIDEV_UsageBM.obj
 0001:0000419d       _GUI_USAGE_BM_Create       0040519d f   GUIDEV_UsageBM.obj
 0001:00004210       _WIDGET_EFFECT_3D_DrawUpRect 00405210 f   Widget_3D.obj
 0001:000042b3       _WIDGET_EFFECT_3D_DrawUp   004052b3 f   Widget_3D.obj
 0001:000042ce       _WIDGET_EFFECT_3D_DrawDownRect 004052ce f   Widget_3D.obj
 0001:000043a1       _WIDGET_EFFECT_3D_DrawDown 004053a1 f   Widget_3D.obj
 0001:000043bc       _WIDGET_EFFECT_3D_GetRect  004053bc f   Widget_3D.obj
 0001:000043d5       _WIDGET_EFFECT_None_GetRect 004053d5 f   Widget_None.obj
 0001:000043e0       _WIDGET_EFFECT_Simple_DrawUpRect 004053e0 f   Widget_Simple.obj
 0001:0000441f       _WIDGET_EFFECT_Simple_DrawUp 0040541f f   Widget_Simple.obj
 0001:0000443a       _WIDGET_EFFECT_Simple_DrawDownRect 0040543a f   Widget_Simple.obj
 0001:00004479       _WIDGET_EFFECT_Simple_DrawDown 00405479 f   Widget_Simple.obj
 0001:00004494       _WIDGET_EFFECT_Simple_GetRect 00405494 f   Widget_Simple.obj
 0001:000044ad       __ClipAtParentBorders      004054ad f   wm.obj
 0001:000044db       __AddChild                 004054db f   wm.obj
 0001:00004569       _WM__Client2Screen         00405569 f   wm.obj
 0001:00004583       __AddToLinList             00405583 f   wm.obj
 0001:000045bf       _WM__RectIsNZ              004055bf f   wm.obj
 0001:000045df       _WM_SendMessage            004055df f   wm.obj
 0001:00004624       _WM__SendMsgNoData         00405624 f   wm.obj
 0001:00004646       _WM__GetClientRectWin      00405646 f   wm.obj
 0001:0000466f       _WM__InvalidateAreaBelow   0040566f f   wm.obj
 0001:0000479d       _WM_InvalidateRect         0040579d f   wm.obj
 0001:00004829       _WM_InvalidateWindow       00405829 f   wm.obj
 0001:00004837       _WM_GetDesktopWindow       00405837 f   wm.obj
 0001:0000483e       _WM_CreateWindowAsChild    0040583e f   wm.obj
 0001:000049a2       _WM_CreateWindow           004059a2 f   wm.obj
 0001:000049c6       _WM__SetMaxClipRect        004059c6 f   wm.obj
 0001:000049da       _WM_SelectWindow           004059da f   wm.obj
 0001:00004a43       _WM_ShowWindow             00405a43 f   wm.obj
 0001:00004a76       _WM__GetOrgX               00405a76 f   wm.obj
 0001:00004a87       _WM__GetOrgY               00405a87 f   wm.obj
 0001:00004a99       _WM__GetNextIVR            00405a99 f   wm.obj
 0001:00004dcd       _WM__InitIVRSearch         00405dcd f   wm.obj
 0001:00004ece       _WM_SetDefault             00405ece f   wm.obj
 0001:00004edb       _WM_Exec1                  00405edb f   wm.obj
 0001:00005038       _WM_Exec                   00406038 f   wm.obj
 0001:00005054       _WM_Activate               00406054 f   wm.obj
 0001:0000505c       _WM_Deactivate             0040605c f   wm.obj
 0001:00005073       _WM_Init                   00406073 f   wm.obj
 0001:00005114       _WM_DefaultProc            00406114 f   wm.obj
 0001:000051a2       _WM__SendMessage           004061a2 f   WM__SendMessage.obj
 0001:000051ca       _WM_GetClientRect          004061ca f   WM_GetClientRect.obj
 0001:0000520c       _WM_GetParent              0040620c f   WM_GetParent.obj
 0001:00005230       _WM_HideWindow             00406230 f   WM_Hide.obj
 0001:00005299       _WM_OnKey                  00406299 f   WM_OnKey.obj
 0001:000052e4       _WM_SendToParent           004062e4 f   WM_SendToParent.obj
 0001:00005320       _strlen                    00406320 f   libcmt:strlen.obj
 0001:000053a0       _strncpy                   004063a0 f   libcmt:strncpy.obj
 0001:000054a0       _memset                    004064a0 f   libcmt:memset.obj
 0001:00005500       _memmove                   00406500 f   libcmt:memmove.obj
 0001:00005840       __CIcos                    00406840 f   libcmt:cos.obj
 0001:00005854       _cos                       00406854 f   libcmt:cos.obj
 0001:000058f0       __CIsin                    004068f0 f   libcmt:sin.obj
 0001:00005904       _sin                       00406904 f   libcmt:sin.obj
 0001:0000599e       __fpmath                   0040699e f   libcmt:fpinit.obj
 0001:000059b5       __cfltcvt_init             004069b5 f   libcmt:fpinit.obj
 0001:000059f0       __ftol                     004069f0 f   libcmt:ftol.obj
 0001:00005a20       __CIsqrt                   00406a20 f   libcmt:sqrt.obj
 0001:00005a34       _sqrt                      00406a34 f   libcmt:sqrt.obj
 0001:00005ae0       _memcpy                    00406ae0 f   libcmt:memcpy.obj
 0001:00005e20       _strcpy                    00406e20 f   libcmt:strcat.obj
 0001:00005e30       _strcat                    00406e30 f   libcmt:strcat.obj
 0001:00005f10       _strcmp                    00406f10 f   libcmt:strcmp.obj
 0001:00005f94       _WinMainCRTStartup         00406f94 f   libcmt:wincrt0.obj
 0001:0000609c       __amsg_exit                0040709c f   libcmt:wincrt0.obj
 0001:000060e5       __raise_exc                004070e5 f   libcmt:fpexcept.obj
 0001:00006398       __handle_exc               00407398 f   libcmt:fpexcept.obj
 0001:000065af       __set_errno                004075af f   libcmt:fpexcept.obj
 0001:000065d7       __frnd                     004075d7 f   libcmt:frnd.obj
 0001:000065e9       __set_exp                  004075e9 f   libcmt:util.obj
 0001:00006612       __sptype                   00407612 f   libcmt:util.obj
 0001:0000666c       __decomp                   0040766c f   libcmt:util.obj
 0001:0000672d       __statfp                   0040772d f   libcmt:fpctrl.obj
 0001:0000673b       __clrfp                    0040773b f   libcmt:fpctrl.obj
 0001:0000674a       __ctrlfp                   0040774a f   libcmt:fpctrl.obj
 0001:0000676d       __set_statfp               0040776d f   libcmt:fpctrl.obj
 0001:000067d0       __trandisp1                004077d0 f   libcmt:87disp.obj
 0001:00006837       __trandisp2                00407837 f   libcmt:87disp.obj
 0001:000068c3       __rttospopde               004078c3 f   libcmt:87disp.obj
 0001:000068c8       __rttospop                 004078c8 f   libcmt:87disp.obj
 0001:000068ca       __rtnospop                 004078ca f   libcmt:87disp.obj
 0001:000068cc       __rttosnpop                004078cc f   libcmt:87disp.obj
 0001:000068cd       __rtnospopde               004078cd f   libcmt:87disp.obj
 0001:000068d4       __rtzeropop                004078d4 f   libcmt:87disp.obj
 0001:000068d6       __rtzeronpop               004078d6 f   libcmt:87disp.obj
 0001:000068db       __rtonepop                 004078db f   libcmt:87disp.obj
 0001:000068dd       __rtonenpop                004078dd f   libcmt:87disp.obj
 0001:000068e2       __tosnan1                  004078e2 f   libcmt:87disp.obj
 0001:0000690d       __nosnan2                  0040790d f   libcmt:87disp.obj
 0001:0000690f       __tosnan2                  0040790f f   libcmt:87disp.obj
 0001:00006937       __nan2                     00407937 f   libcmt:87disp.obj
 0001:00006976       __rtindfpop                00407976 f   libcmt:87disp.obj
 0001:00006978       __rtindfnpop               00407978 f   libcmt:87disp.obj
 0001:00006989       __rttosnpopde              00407989 f   libcmt:87disp.obj
 0001:00006993       __rtchsifneg               00407993 f   libcmt:87disp.obj
 0001:000069a0       __twoToTOS                 004079a0 f   libcmt:common.obj
 0001:000069b5       __load_CW                  004079b5 f   libcmt:common.obj
 0001:000069cc       __convertTOStoQNaN         004079cc f   libcmt:common.obj
 0001:000069e5       __fload_withFB             004079e5 f   libcmt:common.obj
 0001:00006a28       __checkTOS_withFB          00407a28 f   libcmt:common.obj
 0001:00006a3e       __fast_exit                00407a3e f   libcmt:common.obj
 0001:00006a4b       __math_exit                00407a4b f   libcmt:common.obj
 0001:00006a75       __check_overflow_exit      00407a75 f   libcmt:common.obj
 0001:00006a89       __check_range_exit         00407a89 f   libcmt:common.obj
 0001:00006b30       __startTwoArgErrorHandling 00407b30 f   libcmt:genexcep.obj
 0001:00006b47       __startOneArgErrorHandling 00407b47 f   libcmt:genexcep.obj
 0001:00006b83       __setdefaultprecision      00407b83 f   libcmt:fp8.obj
 0001:00006b95       __ms_p5_test_fdiv          00407b95 f   libcmt:testfdiv.obj
 0001:00006bd3       __ms_p5_mp_test_fdiv       00407bd3 f   libcmt:testfdiv.obj
 0001:00006bfc       __forcdecpt                00407bfc f   libcmt:cvt.obj
 0001:00006c56       __cropzeros                00407c56 f   libcmt:cvt.obj
 0001:00006ca4       __positive                 00407ca4 f   libcmt:cvt.obj
 0001:00006cbc       __fassign                  00407cbc f   libcmt:cvt.obj
 0001:00006cfa       __cftoe                    00407cfa f   libcmt:cvt.obj
 0001:00006e1d       __cftof                    00407e1d f   libcmt:cvt.obj
 0001:00006f19       __cftog                    00407f19 f   libcmt:cvt.obj
 0001:00006fac       __cfltcvt                  00407fac f   libcmt:cvt.obj
 0001:00007022       __cinit                    00408022 f   libcmt:crt0dat.obj
 0001:0000704f       _exit                      0040804f f   libcmt:crt0dat.obj
 0001:00007060       __exit                     00408060 f   libcmt:crt0dat.obj
 0001:00007116       __lockexit                 00408116 f   libcmt:crt0dat.obj
 0001:0000711f       __unlockexit               0040811f f   libcmt:crt0dat.obj
 0001:00007142       __XcptFilter               00408142 f   libcmt:winxfltr.obj
 0001:000072ba       __wincmdln                 004082ba f   libcmt:wincmdln.obj
 0001:00007312       __setenvp                  00408312 f   libcmt:stdenvp.obj
 0001:000073cb       __setargv                  004083cb f   libcmt:stdargv.obj
 0001:00007618       ___crtGetEnvironmentStringsA 00408618 f   libcmt:a_env.obj
 0001:0000774a       __ioinit                   0040874a f   libcmt:ioinit.obj
 0001:00007906       __mtinit                   00408906 f   libcmt:tidtable.obj
 0001:0000795a       __initptd                  0040895a f   libcmt:tidtable.obj
 0001:0000796d       __getptd                   0040896d f   libcmt:tidtable.obj
 0001:000079d4       __GetLinkerVersion         004089d4 f   libcmt:heapinit.obj
 0001:00007a01       ___heap_select             00408a01 f   libcmt:heapinit.obj
 0001:00007b49       __heap_init                00408b49 f   libcmt:heapinit.obj
 0001:00007ba8       __global_unwind2           00408ba8 f   libcmt:exsup.obj
 0001:00007bea       __local_unwind2            00408bea f   libcmt:exsup.obj
 0001:00007c42       __NLG_Return2              00408c42 f   libcmt:exsup.obj
 0001:00007c52       __abnormal_termination     00408c52 f   libcmt:exsup.obj
 0001:00007c75       __NLG_Notify1              00408c75 f   libcmt:exsup.obj
 0001:00007c7e       __NLG_Notify               00408c7e f   libcmt:exsup.obj
 0001:00007c91       __NLG_Dispatch             00408c91 f   libcmt:exsup.obj
 0001:00007ca0       __except_handler3          00408ca0 f   libcmt:exsup3.obj
 0001:00007d5d       __seh_longjmp_unwind@4     00408d5d f   libcmt:exsup3.obj
 0001:00007d78       __FF_MSGBANNER             00408d78 f   libcmt:crt0msg.obj
 0001:00007db1       __NMSG_WRITE               00408db1 f   libcmt:crt0msg.obj
 0001:00007f04       __dosmaperr                00408f04 f   libcmt:dosmap.obj
 0001:00007f77       __errno                    00408f77 f   libcmt:dosmap.obj
 0001:00007f80       ___doserrno                00408f80 f   libcmt:dosmap.obj
 0001:00007f89       __87except                 00408f89 f   libcmt:87except.obj
 0001:00008059       __control87                00409059 f   libcmt:ieee87.obj
 0001:0000808e       __controlfp                0040908e f   libcmt:ieee87.obj
 0001:000081bf       __isctype                  004091bf f   libcmt:isctype.obj
 0001:00008234       _tolower                   00409234 f   libcmt:tolower.obj
 0001:000082a3       __tolower_lk               004092a3 f   libcmt:tolower.obj
 0001:0000836e       __ZeroTail                 0040936e f   libcmt:intrncvt.obj
 0001:000083b7       __IncMan                   004093b7 f   libcmt:intrncvt.obj
 0001:0000840d       __RoundMan                 0040940d f   libcmt:intrncvt.obj
 0001:00008499       __CopyMan                  00409499 f   libcmt:intrncvt.obj
 0001:000084b4       __FillZeroMan              004094b4 f   libcmt:intrncvt.obj
 0001:000084c0       __IsZeroMan                004094c0 f   libcmt:intrncvt.obj
 0001:000084db       __ShrMan                   004094db f   libcmt:intrncvt.obj
 0001:00008568       __ld12cvt                  00409568 f   libcmt:intrncvt.obj
 0001:000086d4       __ld12tod                  004096d4 f   libcmt:intrncvt.obj
 0001:000086ea       __ld12tof                  004096ea f   libcmt:intrncvt.obj
 0001:00008700       __atodbl                   00409700 f   libcmt:intrncvt.obj
 0001:0000872d       __atoflt                   0040972d f   libcmt:intrncvt.obj
 0001:0000875a       __fptostr                  0040975a f   libcmt:_fptostr.obj
 0001:000087d1       __fltout2                  004097d1 f   libcmt:cfout.obj
 0001:0000882d       ___dtold                   0040982d f   libcmt:cfout.obj
 0001:000088e3       __fptrap                   004098e3 f   libcmt:crt0fp.obj
 0001:000088ec       __mtinitlocks              004098ec f   libcmt:mlock.obj
 0001:00008915       __lock                     00409915 f   libcmt:mlock.obj
 0001:00008976       __unlock                   00409976 f   libcmt:mlock.obj
 0001:0000898b       __ismbblead                0040998b f   libcmt:ismbbyte.obj
 0001:000089cd       __setmbcp                  004099cd f   libcmt:mbctype.obj
 0001:00008da5       ___initmbctable            00409da5 f   libcmt:mbctype.obj
 0001:00008dc1       _free                      00409dc1 f   libcmt:free.obj
 0001:00008eaa       _malloc                    00409eaa f   libcmt:malloc.obj
 0001:00008ebc       __nh_malloc                00409ebc f   libcmt:malloc.obj
 0001:00008ee8       __heap_alloc               00409ee8 f   libcmt:malloc.obj
 0001:00008fe4       _calloc                    00409fe4 f   libcmt:calloc.obj
 0001:00009121       _strtol                    0040a121 f   libcmt:strtol.obj
 0001:00009350       _strchr                    0040a350 f   libcmt:strchr.obj
 0001:00009356       ___from_strstr_to_strchr   0040a356 f   libcmt:strchr.obj
 0001:00009410       _strstr                    0040a410 f   libcmt:strstr.obj
 0001:00009490       _strncmp                   0040a490 f   libcmt:strncmp.obj
 0001:000094d0       __chkstk                   0040a4d0 f   libcmt:chkstk.obj
 0001:000094d0       __alloca_probe             0040a4d0 f   libcmt:chkstk.obj
 0001:000094ff       ___sbh_heap_init           0040a4ff f   libcmt:sbheap.obj
 0001:00009547       ___sbh_find_block          0040a547 f   libcmt:sbheap.obj
 0001:00009572       ___sbh_free_block          0040a572 f   libcmt:sbheap.obj
 0001:0000989b       ___sbh_alloc_block         0040a89b f   libcmt:sbheap.obj
 0001:00009ba4       ___sbh_alloc_new_region    0040aba4 f   libcmt:sbheap.obj
 0001:00009c55       ___sbh_alloc_new_group     0040ac55 f   libcmt:sbheap.obj
 0001:00009d50       ___sbh_resize_block        0040ad50 f   libcmt:sbheap.obj
 0001:0000a046       ___old_sbh_new_region      0040b046 f   libcmt:sbheap.obj
 0001:0000a18a       ___old_sbh_release_region  0040b18a f   libcmt:sbheap.obj
 0001:0000a1e0       ___old_sbh_decommit_pages  0040b1e0 f   libcmt:sbheap.obj
 0001:0000a2a2       ___old_sbh_find_block      0040b2a2 f   libcmt:sbheap.obj
 0001:0000a2f9       ___old_sbh_free_block      0040b2f9 f   libcmt:sbheap.obj
 0001:0000a33e       ___old_sbh_alloc_block     0040b33e f   libcmt:sbheap.obj
 0001:0000a546       ___old_sbh_alloc_block_from_page 0040b546 f   libcmt:sbheap.obj
 0001:0000a66a       ___old_sbh_resize_block    0040b66a f   libcmt:sbheap.obj
 0001:0000a713       ___crtMessageBoxA          0040b713 f   libcmt:crtmbox.obj
 0001:0000a79c       ___crtGetStringTypeA       0040b79c f   libcmt:a_str.obj
 0001:0000a8e5       ___crtLCMapStringA         0040b8e5 f   libcmt:a_map.obj
 0001:0000ab34       ___addl                    0040bb34 f   libcmt:mantold.obj
 0001:0000ab55       ___add_12                  0040bb55 f   libcmt:mantold.obj
 0001:0000abb3       ___shl_12                  0040bbb3 f   libcmt:mantold.obj
 0001:0000abe1       ___shr_12                  0040bbe1 f   libcmt:mantold.obj
 0001:0000ac0e       ___mtold12                 0040bc0e f   libcmt:mantold.obj
 0001:0000acd5       ___strgtold12              0040bcd5 f   libcmt:strgtold.obj
 0001:0000b1a6       _$I10_OUTPUT               0040c1a6 f   libcmt:x10fout.obj
 0001:0000b439       __callnewh                 0040c439 f   libcmt:handler.obj
 0001:0000b454       _toupper                   0040c454 f   libcmt:toupper.obj
 0001:0000b4c3       __toupper_lk               0040c4c3 f   libcmt:toupper.obj
 0001:0000b590       _strcspn                   0040c590 f   libcmt:strcspn.obj
 0001:0000b5d0       _strpbrk                   0040c5d0 f   libcmt:strpbrk.obj
 0001:0000b60a       ___ld12mul                 0040c60a f   libcmt:tenpow.obj
 0001:0000b82a       ___multtenpow12            0040c82a f   libcmt:tenpow.obj
 0001:0000b8b0       __strcmpi                  0040c8b0 f   libcmt:stricmp.obj
 0001:0000b8b0       __stricmp                  0040c8b0 f   libcmt:stricmp.obj
 0001:0000b980       __strnicmp                 0040c980 f   libcmt:strnicmp.obj
 0001:0000ba90       __aulldiv                  0040ca90 f   libcmt:ulldiv.obj
 0001:0000bb00       __aullrem                  0040cb00 f   libcmt:ullrem.obj
 0001:0000bb80       __allmul                   0040cb80 f   libcmt:llmul.obj
 0001:0000bbb4       _realloc                   0040cbb4 f   libcmt:realloc.obj
 0001:0000bee3       _GUI_X_GetTime             0040cee3 f   GUISim:GUI_X_Sim.OBJ
 0001:0000bee8       _GUI_X_Delay               0040cee8 f   GUISim:GUI_X_Sim.OBJ
 0001:0000bef3       _GUI_X_InitOS              0040cef3 f   GUISim:GUI_X_Sim.OBJ
 0001:0000bf08       _GUI_X_GetTaskId           0040cf08 f   GUISim:GUI_X_Sim.OBJ
 0001:0000bf0e       _GUI_X_Lock                0040cf0e f   GUISim:GUI_X_Sim.OBJ
 0001:0000bf37       _GUI_X_Unlock              0040cf37 f   GUISim:GUI_X_Sim.OBJ
 0001:0000bf4a       _GUI_X_Warn                0040cf4a f   GUISim:GUI_X_Sim.OBJ
 0001:0000bf55       _GUI_X_ErrorOut            0040cf55 f   GUISim:GUI_X_Sim.OBJ
 0001:0000bf60       _LCDSIM_Init               0040cf60 f   GUISim:LCDSIM.OBJ
 0001:0000c10a       _LCDSIM_PaintEx            0040d10a f   GUISim:LCDSIM.OBJ
 0001:0000c21d       _LCDSIM_PaintAt            0040d21d f   GUISim:LCDSIM.OBJ
 0001:0000c272       _LCDSIM_Paint              0040d272 f   GUISim:LCDSIM.OBJ
 0001:0000c283       _LCDSIM_GetModifyCnt       0040d283 f   GUISim:LCDSIM.OBJ
 0001:0000c289       _LCDSIM_GetModifyCntInfo   0040d289 f   GUISim:LCDSIM.OBJ
 0001:0000c28f       _LCDSIM_Index2Color        0040d28f f   GUISim:LCDSIM.OBJ
 0001:0000c2d2       _LCDSIM_SetPixelIndex      0040d2d2 f   GUISim:LCDSIM.OBJ
 0001:0000c4a0       _LCDSIM_GetPixelIndex      0040d4a0 f   GUISim:LCDSIM.OBJ
 0001:0000c56b       _LCDSIM_GetPixelColor      0040d56b f   GUISim:LCDSIM.OBJ
 0001:0000c5a5       _LCDSIM_SetLUTEntry        0040d5a5 f   GUISim:LCDSIM.OBJ
 0001:0000c5ff       _LCDSIM_SetMouseState      0040d5ff f   GUISim:LCDSIM.OBJ
 0001:0000c646       __HandleKeyEvents          0040d646 f   GUISim:WinMain.OBJ
 0001:0000c701       _SIM_GetTime               0040d701 f   GUISim:WinMain.OBJ
 0001:0000c70e       _SIM_Delay                 0040d70e f   GUISim:WinMain.OBJ
 0001:0000c89e       _SIM_Warn                  0040d89e f   GUISim:WinMain.OBJ
 0001:0000c8d2       _SIM_ErrorOut              0040d8d2 f   GUISim:WinMain.OBJ
 0001:0000c99d       _WinMain@16                0040d99d f   GUISim:WinMain.OBJ
 0001:0000e79e       _BRANDING_GetCopyright     0040f79e f   GUISim:Branding.OBJ
 0001:0000e7a4       _BRANDING_GetAppNameShort  0040f7a4 f   GUISim:Branding.OBJ
 0001:0000e7aa       _BRANDING_GetAppNameLong   0040f7aa f   GUISim:Branding.OBJ
 0001:0000e7b0       _LCDSIM_1_Init             0040f7b0 f   GUISim:LCDSIM_1.OBJ
 0001:0000e996       _LCDSIM_1_PaintEx          0040f996 f   GUISim:LCDSIM_1.OBJ
 0001:0000eaa8       _LCDSIM_1_PaintAt          0040faa8 f   GUISim:LCDSIM_1.OBJ
 0001:0000eafd       _LCDSIM_1_Paint            0040fafd f   GUISim:LCDSIM_1.OBJ
 0001:0000eb0e       _LCDSIM_1_GetModifyCnt     0040fb0e f   GUISim:LCDSIM_1.OBJ
 0001:0000eb14       _LCDSIM_1_SetLUTEntry      0040fb14 f   GUISim:LCDSIM_1.OBJ
 0001:0000ec34       _RtlUnwind@16              0040fc34 f   kernel32:KERNEL32.dll
 0001:0000ec3a       _sprintf                   0040fc3a f   libcmt:sprintf.obj
 0001:0000ec8c       __onexit                   0040fc8c f   libcmt:onexit.obj
 0001:0000ed0a       _atexit                    0040fd0a f   libcmt:onexit.obj
 0001:0000ed1c       ___onexitinit              0040fd1c f   libcmt:onexit.obj
 0001:0000ed50       _exp                       0040fd50 f   libcmt:87ctran.obj
 0001:0000ed5a       __CIexp                    0040fd5a f   libcmt:87ctran.obj
 0001:0000ed70       __CIlog                    0040fd70 f   libcmt:log.obj
 0001:0000ed84       _log                       0040fd84 f   libcmt:log.obj
 0001:0000ee3c       __flsbuf                   0040fe3c f   libcmt:_flsbuf.obj
 0001:0000ef54       __output                   0040ff54 f   libcmt:output.obj
 0001:0000f7bb       __msize                    004107bb f   libcmt:msize.obj
 0001:0000f8c1       __fFEXP                    004108c1 f   libcmt:87tran.obj
 0001:0000f928       __rtinfpopse               00410928 f   libcmt:87tran.obj
 0001:0000f92a       __rtinfnpopse              0041092a f   libcmt:87tran.obj
 0001:0000f93a       __fFLN                     0041093a f   libcmt:87tran.obj
 0001:0000f9ef       __rtinfpop                 004109ef f   libcmt:87tran.obj
 0001:0000f9f1       __rtinfnpop                004109f1 f   libcmt:87tran.obj
 0001:0000fa0e       __ffexpm1                  00410a0e f   libcmt:87tran.obj
 0001:0000fac0       __cintrindisp2             00410ac0 f   libcmt:87cdisp.obj
 0001:0000fafe       __cintrindisp1             00410afe f   libcmt:87cdisp.obj
 0001:0000fb3b       __ctrandisp2               00410b3b f   libcmt:87cdisp.obj
 0001:0000fcbb       __ctrandisp1               00410cbb f   libcmt:87cdisp.obj
 0001:0000fcee       __fload                    00410cee f   libcmt:87cdisp.obj
 0001:0000fd2a       __lseek                    00410d2a f   libcmt:lseek.obj
 0001:0000fd8f       __lseek_lk                 00410d8f f   libcmt:lseek.obj
 0001:0000fe02       __write                    00410e02 f   libcmt:write.obj
 0001:0000fe67       __write_lk                 00410e67 f   libcmt:write.obj
 0001:0000fff2       __getbuf                   00410ff2 f   libcmt:_getbuf.obj
 0001:00010036       __isatty                   00411036 f   libcmt:isatty.obj
 0001:0001005f       ___initstdio               0041105f f   libcmt:_file.obj
 0001:00010107       ___endstdio                00411107 f   libcmt:_file.obj
 0001:0001011b       __lock_file                0041111b f   libcmt:_file.obj
 0001:0001014a       __lock_file2               0041114a f   libcmt:_file.obj
 0001:0001016d       __unlock_file              0041116d f   libcmt:_file.obj
 0001:0001019c       __unlock_file2             0041119c f   libcmt:_file.obj
 0001:000101bf       _wctomb                    004111bf f   libcmt:wctomb.obj
 0001:00010218       __wctomb_lk                00411218 f   libcmt:wctomb.obj
 0001:00010281       __powhlp                   00411281 f   libcmt:powhlp.obj
 0001:000103b1       __d_inttype                004113b1 f   libcmt:powhlp.obj
 0001:00010420       _fdiv_main_routine         00411420 f   libcmt:adj_fdiv.obj
 0001:00010537       __adj_fdiv_r               00411537 f   libcmt:adj_fdiv.obj
 0001:000109d6       __fdivp_sti_st             004119d6 f   libcmt:adj_fdiv.obj
 0001:000109e9       __fdivrp_sti_st            004119e9 f   libcmt:adj_fdiv.obj
 0001:000109fc       __adj_fdiv_m32             004119fc f   libcmt:adj_fdiv.obj
 0001:00010a48       __adj_fdiv_m64             00411a48 f   libcmt:adj_fdiv.obj
 0001:00010a94       __adj_fdiv_m16i            00411a94 f   libcmt:adj_fdiv.obj
 0001:00010ac8       __adj_fdiv_m32i            00411ac8 f   libcmt:adj_fdiv.obj
 0001:00010afc       __adj_fdivr_m32            00411afc f   libcmt:adj_fdiv.obj
 0001:00010b48       __adj_fdivr_m64            00411b48 f   libcmt:adj_fdiv.obj
 0001:00010b94       __adj_fdivr_m16i           00411b94 f   libcmt:adj_fdiv.obj
 0001:00010bc8       __adj_fdivr_m32i           00411bc8 f   libcmt:adj_fdiv.obj
 0001:00010bfc       __safe_fdiv                00411bfc f   libcmt:adj_fdiv.obj
 0001:00010c11       __safe_fdivr               00411c11 f   libcmt:adj_fdiv.obj
 0001:00010c26       __fprem_common             00411c26 f   libcmt:adj_fdiv.obj
 0001:00010e2c       __adj_fprem                00411e2c f   libcmt:adj_fdiv.obj
 0001:00010ede       __fprem1_common            00411ede f   libcmt:adj_fdiv.obj
 0001:000110e4       __adj_fprem1               004120e4 f   libcmt:adj_fdiv.obj
 0001:00011199       __safe_fprem               00412199 f   libcmt:adj_fdiv.obj
 0001:0001119f       __safe_fprem1              0041219f f   libcmt:adj_fdiv.obj
 0001:000111a5       __adj_fpatan               004121a5 f   libcmt:adj_fdiv.obj
 0001:000111a8       __adj_fptan                004121a8 f   libcmt:adj_fdiv.obj
 0001:000111ab       __free_osfhnd              004121ab f   libcmt:osfinfo.obj
 0001:0001122a       __get_osfhandle            0041222a f   libcmt:osfinfo.obj
 0001:0001126c       __lock_fhandle             0041226c f   libcmt:osfinfo.obj
 0001:000112cb       __unlock_fhandle           004122cb f   libcmt:osfinfo.obj
 0001:000112ed       __fcloseall                004122ed f   libcmt:closeall.obj
 0001:0001136e       __fflush_lk                0041236e f   libcmt:fflush.obj
 0001:0001139c       __flush                    0041239c f   libcmt:fflush.obj
 0001:000113f8       __flushall                 004123f8 f   libcmt:fflush.obj
 0001:000114a5       __fpclass                  004124a5 f   libcmt:ieeemisc.obj
 0001:00011537       _fclose                    00412537 f   libcmt:fclose.obj
 0001:00011568       __fclose_lk                00412568 f   libcmt:fclose.obj
 0001:000115b4       __commit                   004125b4 f   libcmt:commit.obj
 0001:00011647       __close                    00412647 f   libcmt:close.obj
 0001:000116a4       __close_lk                 004126a4 f   libcmt:close.obj
 0001:00011727       __freebuf                  00412727 f   libcmt:_freebuf.obj
 0002:00000000       __imp__StretchDIBits@52    00413000     gdi32:GDI32.dll
 0002:00000004       __imp__SetStretchBltMode@8 00413004     gdi32:GDI32.dll
 0002:00000008       __imp__DeleteObject@4      00413008     gdi32:GDI32.dll
 0002:0000000c       __imp__GetObjectA@12       0041300c     gdi32:GDI32.dll
 0002:00000010       __imp__SetTextColor@8      00413010     gdi32:GDI32.dll
 0002:00000014       __imp__GetTextExtentPoint32A@16 00413014     gdi32:GDI32.dll
 0002:00000018       __imp__SelectObject@8      00413018     gdi32:GDI32.dll
 0002:0000001c       __imp__GetStockObject@4    0041301c     gdi32:GDI32.dll
 0002:00000020       __imp__DeleteDC@4          00413020     gdi32:GDI32.dll
 0002:00000024       __imp__BitBlt@36           00413024     gdi32:GDI32.dll
 0002:00000028       __imp__CreateCompatibleDC@4 00413028     gdi32:GDI32.dll
 0002:0000002c       __imp__CombineRgn@16       0041302c     gdi32:GDI32.dll
 0002:00000030       __imp__CreateRectRgn@16    00413030     gdi32:GDI32.dll
 0002:00000034       __imp__GetDIBits@28        00413034     gdi32:GDI32.dll
 0002:00000038       __imp__Rectangle@20        00413038     gdi32:GDI32.dll
 0002:0000003c       __imp__CreateSolidBrush@4  0041303c     gdi32:GDI32.dll
 0002:00000040       __imp__SetDIBitsToDevice@48 00413040     gdi32:GDI32.dll
 0002:00000044       \177GDI32_NULL_THUNK_DATA  00413044     gdi32:GDI32.dll
 0002:00000048       __imp__SetHandleCount@4    00413048     kernel32:KERNEL32.dll
 0002:0000004c       __imp__GetStdHandle@4      0041304c     kernel32:KERNEL32.dll
 0002:00000050       __imp__GetFileType@4       00413050     kernel32:KERNEL32.dll
 0002:00000054       __imp__DeleteCriticalSection@4 00413054     kernel32:KERNEL32.dll
 0002:00000058       __imp__GetCurrentThreadId@0 00413058     kernel32:KERNEL32.dll
 0002:0000005c       __imp__TlsSetValue@8       0041305c     kernel32:KERNEL32.dll
 0002:00000060       __imp__TlsAlloc@0          00413060     kernel32:KERNEL32.dll
 0002:00000064       __imp__SetLastError@4      00413064     kernel32:KERNEL32.dll
 0002:00000068       __imp__TlsGetValue@4       00413068     kernel32:KERNEL32.dll
 0002:0000006c       __imp__GetLastError@0      0041306c     kernel32:KERNEL32.dll
 0002:00000070       __imp__GetEnvironmentVariableA@12 00413070     kernel32:KERNEL32.dll
 0002:00000074       __imp__GetVersionExA@4     00413074     kernel32:KERNEL32.dll
 0002:00000078       __imp__HeapDestroy@4       00413078     kernel32:KERNEL32.dll
 0002:0000007c       __imp__HeapCreate@12       0041307c     kernel32:KERNEL32.dll
 0002:00000080       __imp__VirtualFree@12      00413080     kernel32:KERNEL32.dll
 0002:00000084       __imp__HeapFree@12         00413084     kernel32:KERNEL32.dll
 0002:00000088       __imp__RtlUnwind@16        00413088     kernel32:KERNEL32.dll
 0002:0000008c       __imp__WriteFile@20        0041308c     kernel32:KERNEL32.dll
 0002:00000090       __imp__InterlockedDecrement@4 00413090     kernel32:KERNEL32.dll
 0002:00000094       __imp__InterlockedIncrement@4 00413094     kernel32:KERNEL32.dll
 0002:00000098       __imp__InitializeCriticalSection@4 00413098     kernel32:KERNEL32.dll
 0002:0000009c       __imp__EnterCriticalSection@4 0041309c     kernel32:KERNEL32.dll
 0002:000000a0       __imp__LeaveCriticalSection@4 004130a0     kernel32:KERNEL32.dll
 0002:000000a4       __imp__GetCPInfo@8         004130a4     kernel32:KERNEL32.dll
 0002:000000a8       __imp__GetACP@0            004130a8     kernel32:KERNEL32.dll
 0002:000000ac       __imp__GetOEMCP@0          004130ac     kernel32:KERNEL32.dll
 0002:000000b0       __imp__HeapAlloc@12        004130b0     kernel32:KERNEL32.dll
 0002:000000b4       __imp__VirtualAlloc@16     004130b4     kernel32:KERNEL32.dll
 0002:000000b8       __imp__HeapReAlloc@16      004130b8     kernel32:KERNEL32.dll
 0002:000000bc       __imp__LoadLibraryA@4      004130bc     kernel32:KERNEL32.dll
 0002:000000c0       __imp__GetEnvironmentStringsW@0 004130c0     kernel32:KERNEL32.dll
 0002:000000c4       __imp__GetStringTypeA@20   004130c4     kernel32:KERNEL32.dll
 0002:000000c8       __imp__GetStringTypeW@16   004130c8     kernel32:KERNEL32.dll
 0002:000000cc       __imp__Sleep@4             004130cc     kernel32:KERNEL32.dll
 0002:000000d0       __imp__LCMapStringA@24     004130d0     kernel32:KERNEL32.dll
 0002:000000d4       __imp__LCMapStringW@24     004130d4     kernel32:KERNEL32.dll
 0002:000000d8       __imp__CreateMutexA@12     004130d8     kernel32:KERNEL32.dll
 0002:000000dc       __imp__WaitForSingleObject@8 004130dc     kernel32:KERNEL32.dll
 0002:000000e0       __imp__ReleaseMutex@4      004130e0     kernel32:KERNEL32.dll
 0002:000000e4       __imp__MapViewOfFile@20    004130e4     kernel32:KERNEL32.dll
 0002:000000e8       __imp__CreateFileMappingA@24 004130e8     kernel32:KERNEL32.dll
 0002:000000ec       __imp__ExitThread@4        004130ec     kernel32:KERNEL32.dll
 0002:000000f0       __imp__SetThreadPriority@8 004130f0     kernel32:KERNEL32.dll
 0002:000000f4       __imp__OutputDebugStringA@4 004130f4     kernel32:KERNEL32.dll
 0002:000000f8       __imp__CreateFileA@28      004130f8     kernel32:KERNEL32.dll
 0002:000000fc       __imp__CreateThread@24     004130fc     kernel32:KERNEL32.dll
 0002:00000100       __imp__ResumeThread@4      00413100     kernel32:KERNEL32.dll
 0002:00000104       __imp__CloseHandle@4       00413104     kernel32:KERNEL32.dll
 0002:00000108       __imp__FlushFileBuffers@4  00413108     kernel32:KERNEL32.dll
 0002:0000010c       __imp__GlobalUnlock@4      0041310c     kernel32:KERNEL32.dll
 0002:00000110       __imp__GlobalLock@4        00413110     kernel32:KERNEL32.dll
 0002:00000114       __imp__GlobalAlloc@8       00413114     kernel32:KERNEL32.dll
 0002:00000118       __imp__SuspendThread@4     00413118     kernel32:KERNEL32.dll
 0002:0000011c       __imp__SetFilePointer@16   0041311c     kernel32:KERNEL32.dll
 0002:00000120       __imp__HeapSize@12         00413120     kernel32:KERNEL32.dll
 0002:00000124       __imp__GetEnvironmentStrings@0 00413124     kernel32:KERNEL32.dll
 0002:00000128       __imp__WideCharToMultiByte@32 00413128     kernel32:KERNEL32.dll
 0002:0000012c       __imp__FreeEnvironmentStringsW@4 0041312c     kernel32:KERNEL32.dll
 0002:00000130       __imp__FreeEnvironmentStringsA@4 00413130     kernel32:KERNEL32.dll
 0002:00000134       __imp__GetModuleFileNameA@12 00413134     kernel32:KERNEL32.dll
 0002:00000138       __imp__UnhandledExceptionFilter@4 00413138     kernel32:KERNEL32.dll
 0002:0000013c       __imp__GetCurrentProcess@0 0041313c     kernel32:KERNEL32.dll
 0002:00000140       __imp__TerminateProcess@8  00413140     kernel32:KERNEL32.dll
 0002:00000144       __imp__GetProcAddress@8    00413144     kernel32:KERNEL32.dll
 0002:00000148       __imp__RaiseException@16   00413148     kernel32:KERNEL32.dll
 0002:0000014c       __imp__ExitProcess@4       0041314c     kernel32:KERNEL32.dll
 0002:00000150       __imp__GetVersion@0        00413150     kernel32:KERNEL32.dll
 0002:00000154       __imp__GetCommandLineA@0   00413154     kernel32:KERNEL32.dll
 0002:00000158       __imp__GetStartupInfoA@4   00413158     kernel32:KERNEL32.dll
 0002:0000015c       __imp__GetModuleHandleA@4  0041315c     kernel32:KERNEL32.dll
 0002:00000160       __imp__SetStdHandle@8      00413160     kernel32:KERNEL32.dll
 0002:00000164       __imp__MultiByteToWideChar@24 00413164     kernel32:KERNEL32.dll
 0002:00000168       __imp__TerminateThread@8   00413168     kernel32:KERNEL32.dll
 0002:0000016c       \177KERNEL32_NULL_THUNK_DATA 0041316c     kernel32:KERNEL32.dll
 0002:00000170       __imp__DefWindowProcA@16   00413170     user32:USER32.dll
 0002:00000174       __imp__DrawTextA@20        00413174     user32:USER32.dll
 0002:00000178       __imp__GetClientRect@8     00413178     user32:USER32.dll
 0002:0000017c       __imp__LoadIconA@8         0041317c     user32:USER32.dll
 0002:00000180       __imp__SetTimer@16         00413180     user32:USER32.dll
 0002:00000184       __imp__FillRect@12         00413184     user32:USER32.dll
 0002:00000188       __imp__PostQuitMessage@4   00413188     user32:USER32.dll
 0002:0000018c       __imp__TrackPopupMenu@28   0041318c     user32:USER32.dll
 0002:00000190       __imp__ClientToScreen@8    00413190     user32:USER32.dll
 0002:00000194       __imp__wsprintfA           00413194     user32:USER32.dll
 0002:00000198       __imp__GetSystemMetrics@4  00413198     user32:USER32.dll
 0002:0000019c       __imp__SetCapture@4        0041319c     user32:USER32.dll
 0002:000001a0       __imp__ReleaseCapture@0    004131a0     user32:USER32.dll
 0002:000001a4       __imp__MoveWindow@24       004131a4     user32:USER32.dll
 0002:000001a8       __imp__GetWindowRect@8     004131a8     user32:USER32.dll
 0002:000001ac       __imp__SetWindowLongA@12   004131ac     user32:USER32.dll
 0002:000001b0       __imp__SetWindowRgn@12     004131b0     user32:USER32.dll
 0002:000001b4       __imp__GetParent@4         004131b4     user32:USER32.dll
 0002:000001b8       __imp__GetWindowDC@4       004131b8     user32:USER32.dll
 0002:000001bc       __imp__DialogBoxParamA@20  004131bc     user32:USER32.dll
 0002:000001c0       __imp__CloseClipboard@0    004131c0     user32:USER32.dll
 0002:000001c4       __imp__SetClipboardData@8  004131c4     user32:USER32.dll
 0002:000001c8       __imp__EmptyClipboard@0    004131c8     user32:USER32.dll
 0002:000001cc       __imp__OpenClipboard@4     004131cc     user32:USER32.dll
 0002:000001d0       __imp__SetDlgItemTextA@12  004131d0     user32:USER32.dll
 0002:000001d4       __imp__SetWindowTextA@8    004131d4     user32:USER32.dll
 0002:000001d8       __imp__EndDialog@8         004131d8     user32:USER32.dll
 0002:000001dc       __imp__GetWindowLongA@8    004131dc     user32:USER32.dll
 0002:000001e0       __imp__KillTimer@8         004131e0     user32:USER32.dll
 0002:000001e4       __imp__EnableMenuItem@12   004131e4     user32:USER32.dll
 0002:000001e8       __imp__LoadBitmapA@8       004131e8     user32:USER32.dll
 0002:000001ec       __imp__SendMessageA@16     004131ec     user32:USER32.dll
 0002:000001f0       __imp__CopyAcceleratorTableA@12 004131f0     user32:USER32.dll
 0002:000001f4       __imp__BeginPaint@8        004131f4     user32:USER32.dll
 0002:000001f8       __imp__EndPaint@8          004131f8     user32:USER32.dll
 0002:000001fc       __imp__LoadCursorA@8       004131fc     user32:USER32.dll
 0002:00000200       __imp__RegisterClassExA@4  00413200     user32:USER32.dll
 0002:00000204       __imp__LoadImageA@24       00413204     user32:USER32.dll
 0002:00000208       __imp__LoadMenuA@8         00413208     user32:USER32.dll
 0002:0000020c       __imp__GetSubMenu@8        0041320c     user32:USER32.dll
 0002:00000210       __imp__CreateWindowExA@48  00413210     user32:USER32.dll
 0002:00000214       __imp__ShowWindow@8        00413214     user32:USER32.dll
 0002:00000218       __imp__UpdateWindow@4      00413218     user32:USER32.dll
 0002:0000021c       __imp__LoadAcceleratorsA@8 0041321c     user32:USER32.dll
 0002:00000220       __imp__GetMessageA@16      00413220     user32:USER32.dll
 0002:00000224       __imp__TranslateMessage@4  00413224     user32:USER32.dll
 0002:00000228       __imp__DispatchMessageA@4  00413228     user32:USER32.dll
 0002:0000022c       __imp__DestroyWindow@4     0041322c     user32:USER32.dll
 0002:00000230       __imp__MessageBoxA@16      00413230     user32:USER32.dll
 0002:00000234       __imp__InvalidateRect@12   00413234     user32:USER32.dll
 0002:00000238       __imp__GetKeyboardState@4  00413238     user32:USER32.dll
 0002:0000023c       __imp__MapVirtualKeyA@8    0041323c     user32:USER32.dll
 0002:00000240       __imp__ToAscii@20          00413240     user32:USER32.dll
 0002:00000244       \177USER32_NULL_THUNK_DATA 00413244     user32:USER32.dll
 0002:00000248       __imp__timeGetTime@0       00413248     winmm:WINMM.dll
 0002:0000024c       \177WINMM_NULL_THUNK_DATA  0041324c     winmm:WINMM.dll
 0002:00000250       _ColorsBitamp              00413250     MicriumLogo.obj
 0002:00000260       _PalBitamp                 00413260     MicriumLogo.obj
 0002:0000026c       _acBitamp                  0041326c     MicriumLogo.obj
 0002:00000b30       _bmMicriumLogo             00413b30     MicriumLogo.obj
 0002:00000b48       _ColorsMicriumLogo_1bpp    00413b48     MicriumLogo_1bpp.obj
 0002:00000b50       _PalMicriumLogo_1bpp       00413b50     MicriumLogo_1bpp.obj
 0002:00000b5c       _acMicriumLogo_1bpp        00413b5c     MicriumLogo_1bpp.obj
 0002:00001680       _bmMicriumLogo_1bpp        00414680     MicriumLogo_1bpp.obj
 0002:000016b8       _aTan                      004146b8     gui2dlib.obj
 0002:000016dc       _GUI_Pow10                 004146dc     GUI_AddDec.obj
 0002:00001718       _ColorsGUI_MouseArrow      00414718     GUI_MouseArrow.obj
 0002:00001728       _PalGUI_MouseArrow         00414728     GUI_MouseArrow.obj
 0002:00001734       _acGUI_MouseArrow          00414734     GUI_MouseArrow.obj
 0002:00001770       _GUI_MouseArrow            00414770     GUI_MouseArrow.obj
 0002:00001788       _ColorsGUI_MouseNoDrop     00414788     GUI_MouseNoDrop.obj
 0002:00001798       _PalGUI_MouseNoDrop        00414798     GUI_MouseNoDrop.obj
 0002:000017a4       _acGUI_MouseNoDrop         004147a4     GUI_MouseNoDrop.obj
 0002:00001808       _GUI_MouseNoDrop           00414808     GUI_MouseNoDrop.obj
 0002:00001820       _LCD_HL_APIList            00414820     GUICore.obj
 0002:00001828       __real@4@00000000000000000000 00414828     GUIPolyE.obj
 0002:00001830       _LCD_L0_APIList            00414830     LCD_L0_Generic.obj
 0002:00001860       _acFont8_1_160             00414860     F08_1.obj
 0002:00001868       _acFont8_1_161             00414868     F08_1.obj
 0002:00001870       _acFont8_1_162             00414870     F08_1.obj
 0002:00001878       _acFont8_1_163             00414878     F08_1.obj
 0002:00001880       _acFont8_1_164             00414880     F08_1.obj
 0002:00001888       _acFont8_1_165             00414888     F08_1.obj
 0002:00001890       _acFont8_1_166             00414890     F08_1.obj
 0002:00001898       _acFont8_1_167             00414898     F08_1.obj
 0002:000018a0       _acFont8_1_168             004148a0     F08_1.obj
 0002:000018a8       _acFont8_1_169             004148a8     F08_1.obj
 0002:000018b0       _acFont8_1_170             004148b0     F08_1.obj
 0002:000018b8       _acFont8_1_171             004148b8     F08_1.obj
 0002:000018c0       _acFont8_1_172             004148c0     F08_1.obj
 0002:000018c8       _acFont8_1_173             004148c8     F08_1.obj
 0002:000018d0       _acFont8_1_174             004148d0     F08_1.obj
 0002:000018d8       _acFont8_1_175             004148d8     F08_1.obj
 0002:000018e0       _acFont8_1_176             004148e0     F08_1.obj
 0002:000018e8       _acFont8_1_177             004148e8     F08_1.obj
 0002:000018f0       _acFont8_1_178             004148f0     F08_1.obj
 0002:000018f8       _acFont8_1_179             004148f8     F08_1.obj
 0002:00001900       _acFont8_1_180             00414900     F08_1.obj
 0002:00001908       _acFont8_1_181             00414908     F08_1.obj
 0002:00001910       _acFont8_1_182             00414910     F08_1.obj
 0002:00001918       _acFont8_1_183             00414918     F08_1.obj
 0002:00001920       _acFont8_1_184             00414920     F08_1.obj
 0002:00001928       _acFont8_1_185             00414928     F08_1.obj
 0002:00001930       _acFont8_1_186             00414930     F08_1.obj
 0002:00001938       _acFont8_1_187             00414938     F08_1.obj
 0002:00001940       _acFont8_1_188             00414940     F08_1.obj
 0002:00001948       _acFont8_1_189             00414948     F08_1.obj
 0002:00001950       _acFont8_1_190             00414950     F08_1.obj
 0002:00001958       _acFont8_1_191             00414958     F08_1.obj
 0002:00001960       _acFont8_1_192             00414960     F08_1.obj
 0002:00001968       _acFont8_1_193             00414968     F08_1.obj
 0002:00001970       _acFont8_1_194             00414970     F08_1.obj
 0002:00001978       _acFont8_1_195             00414978     F08_1.obj
 0002:00001980       _acFont8_1_196             00414980     F08_1.obj
 0002:00001988       _acFont8_1_197             00414988     F08_1.obj
 0002:00001990       _acFont8_1_198             00414990     F08_1.obj
 0002:00001998       _acFont8_1_199             00414998     F08_1.obj
 0002:000019a0       _acFont8_1_200             004149a0     F08_1.obj
 0002:000019a8       _acFont8_1_201             004149a8     F08_1.obj
 0002:000019b0       _acFont8_1_202             004149b0     F08_1.obj
 0002:000019b8       _acFont8_1_203             004149b8     F08_1.obj
 0002:000019c0       _acFont8_1_204             004149c0     F08_1.obj
 0002:000019c8       _acFont8_1_205             004149c8     F08_1.obj
 0002:000019d0       _acFont8_1_206             004149d0     F08_1.obj
 0002:000019d8       _acFont8_1_207             004149d8     F08_1.obj
 0002:000019e0       _acFont8_1_208             004149e0     F08_1.obj
 0002:000019e8       _acFont8_1_209             004149e8     F08_1.obj
 0002:000019f0       _acFont8_1_210             004149f0     F08_1.obj
 0002:000019f8       _acFont8_1_211             004149f8     F08_1.obj
 0002:00001a00       _acFont8_1_212             00414a00     F08_1.obj
 0002:00001a08       _acFont8_1_213             00414a08     F08_1.obj
 0002:00001a10       _acFont8_1_214             00414a10     F08_1.obj
 0002:00001a18       _acFont8_1_215             00414a18     F08_1.obj
 0002:00001a20       _acFont8_1_216             00414a20     F08_1.obj
 0002:00001a28       _acFont8_1_217             00414a28     F08_1.obj
 0002:00001a30       _acFont8_1_218             00414a30     F08_1.obj
 0002:00001a38       _acFont8_1_219             00414a38     F08_1.obj
 0002:00001a40       _acFont8_1_220             00414a40     F08_1.obj
 0002:00001a48       _acFont8_1_221             00414a48     F08_1.obj
 0002:00001a50       _acFont8_1_222             00414a50     F08_1.obj
 0002:00001a58       _acFont8_1_223             00414a58     F08_1.obj
 0002:00001a60       _acFont8_1_224             00414a60     F08_1.obj
 0002:00001a68       _acFont8_1_225             00414a68     F08_1.obj
 0002:00001a70       _acFont8_1_226             00414a70     F08_1.obj
 0002:00001a78       _acFont8_1_227             00414a78     F08_1.obj
 0002:00001a80       _acFont8_1_228             00414a80     F08_1.obj
 0002:00001a88       _acFont8_1_229             00414a88     F08_1.obj
 0002:00001a90       _acFont8_1_230             00414a90     F08_1.obj
 0002:00001aa0       _acFont8_1_231             00414aa0     F08_1.obj
 0002:00001aa8       _acFont8_1_232             00414aa8     F08_1.obj
 0002:00001ab0       _acFont8_1_233             00414ab0     F08_1.obj
 0002:00001ab8       _acFont8_1_234             00414ab8     F08_1.obj
 0002:00001ac0       _acFont8_1_235             00414ac0     F08_1.obj
 0002:00001ac8       _acFont8_1_236             00414ac8     F08_1.obj
 0002:00001ad0       _acFont8_1_237             00414ad0     F08_1.obj
 0002:00001ad8       _acFont8_1_238             00414ad8     F08_1.obj
 0002:00001ae0       _acFont8_1_239             00414ae0     F08_1.obj
 0002:00001ae8       _acFont8_1_240             00414ae8     F08_1.obj
 0002:00001af0       _acFont8_1_241             00414af0     F08_1.obj
 0002:00001af8       _acFont8_1_242             00414af8     F08_1.obj
 0002:00001b00       _acFont8_1_243             00414b00     F08_1.obj
 0002:00001b08       _acFont8_1_244             00414b08     F08_1.obj
 0002:00001b10       _acFont8_1_245             00414b10     F08_1.obj
 0002:00001b18       _acFont8_1_246             00414b18     F08_1.obj
 0002:00001b20       _acFont8_1_247             00414b20     F08_1.obj
 0002:00001b28       _acFont8_1_248             00414b28     F08_1.obj
 0002:00001b30       _acFont8_1_249             00414b30     F08_1.obj
 0002:00001b38       _acFont8_1_250             00414b38     F08_1.obj
 0002:00001b40       _acFont8_1_251             00414b40     F08_1.obj
 0002:00001b48       _acFont8_1_252             00414b48     F08_1.obj
 0002:00001b50       _acFont8_1_253             00414b50     F08_1.obj
 0002:00001b58       _acFont8_1_254             00414b58     F08_1.obj
 0002:00001b60       _acFont8_1_255             00414b60     F08_1.obj
 0002:00001b68       _Font8_1_CharInfo          00414b68     F08_1.obj
 0002:00001e68       _GUI_Font8_1_Prop          00414e68     F08_1.obj
 0002:00001e78       _GUI_Font8_1               00414e78     F08_1.obj
 0002:00001e98       _acFont8ASCII              00414e98     F08_ASCII.obj
 0002:00002190       _GUI_Font8_ASCII_CharInfo  00415190     F08_ASCII.obj
 0002:00002488       _GUI_Font8ASCII_Prop       00415488     F08_ASCII.obj
 0002:00002498       _GUI_Font8_ASCII           00415498     F08_ASCII.obj
 0002:000024b8       _acFont10_1_160            004154b8     F10_1.obj
 0002:000024c4       _acFont10_1_161            004154c4     F10_1.obj
 0002:000024d0       _acFont10_1_162            004154d0     F10_1.obj
 0002:000024dc       _acFont10_1_163            004154dc     F10_1.obj
 0002:000024e8       _acFont10_1_164            004154e8     F10_1.obj
 0002:000024f4       _acFont10_1_165            004154f4     F10_1.obj
 0002:00002500       _acFont10_1_166            00415500     F10_1.obj
 0002:0000250c       _acFont10_1_167            0041550c     F10_1.obj
 0002:00002518       _acFont10_1_168            00415518     F10_1.obj
 0002:00002524       _acFont10_1_169            00415524     F10_1.obj
 0002:00002530       _acFont10_1_170            00415530     F10_1.obj
 0002:0000253c       _acFont10_1_171            0041553c     F10_1.obj
 0002:00002548       _acFont10_1_172            00415548     F10_1.obj
 0002:00002554       _acFont10_1_173            00415554     F10_1.obj
 0002:00002560       _acFont10_1_174            00415560     F10_1.obj
 0002:0000256c       _acFont10_1_175            0041556c     F10_1.obj
 0002:00002578       _acFont10_1_176            00415578     F10_1.obj
 0002:00002584       _acFont10_1_177            00415584     F10_1.obj
 0002:00002590       _acFont10_1_178            00415590     F10_1.obj
 0002:0000259c       _acFont10_1_179            0041559c     F10_1.obj
 0002:000025a8       _acFont10_1_180            004155a8     F10_1.obj
 0002:000025b4       _acFont10_1_181            004155b4     F10_1.obj
 0002:000025c0       _acFont10_1_182            004155c0     F10_1.obj
 0002:000025cc       _acFont10_1_183            004155cc     F10_1.obj
 0002:000025d8       _acFont10_1_184            004155d8     F10_1.obj
 0002:000025e4       _acFont10_1_185            004155e4     F10_1.obj
 0002:000025f0       _acFont10_1_186            004155f0     F10_1.obj
 0002:000025fc       _acFont10_1_187            004155fc     F10_1.obj
 0002:00002608       _acFont10_1_188            00415608     F10_1.obj
 0002:0000261c       _acFont10_1_189            0041561c     F10_1.obj
 0002:00002630       _acFont10_1_190            00415630     F10_1.obj
 0002:00002644       _acFont10_1_191            00415644     F10_1.obj
 0002:00002650       _acFont10_1_192            00415650     F10_1.obj
 0002:0000265c       _acFont10_1_193            0041565c     F10_1.obj
 0002:00002668       _acFont10_1_194            00415668     F10_1.obj
 0002:00002674       _acFont10_1_195            00415674     F10_1.obj
 0002:00002680       _acFont10_1_196            00415680     F10_1.obj
 0002:0000268c       _acFont10_1_197            0041568c     F10_1.obj
 0002:00002698       _acFont10_1_198            00415698     F10_1.obj
 0002:000026ac       _acFont10_1_199            004156ac     F10_1.obj
 0002:000026b8       _acFont10_1_200            004156b8     F10_1.obj
 0002:000026c4       _acFont10_1_201            004156c4     F10_1.obj
 0002:000026d0       _acFont10_1_202            004156d0     F10_1.obj
 0002:000026dc       _acFont10_1_203            004156dc     F10_1.obj
 0002:000026e8       _acFont10_1_204            004156e8     F10_1.obj
 0002:000026f4       _acFont10_1_205            004156f4     F10_1.obj
 0002:00002700       _acFont10_1_206            00415700     F10_1.obj
 0002:0000270c       _acFont10_1_207            0041570c     F10_1.obj
 0002:00002718       _acFont10_1_208            00415718     F10_1.obj
 0002:00002724       _acFont10_1_209            00415724     F10_1.obj
 0002:00002730       _acFont10_1_210            00415730     F10_1.obj
 0002:0000273c       _acFont10_1_211            0041573c     F10_1.obj
 0002:00002748       _acFont10_1_212            00415748     F10_1.obj
 0002:00002754       _acFont10_1_213            00415754     F10_1.obj
 0002:00002760       _acFont10_1_214            00415760     F10_1.obj
 0002:0000276c       _acFont10_1_215            0041576c     F10_1.obj
 0002:00002778       _acFont10_1_216            00415778     F10_1.obj
 0002:00002784       _acFont10_1_217            00415784     F10_1.obj
 0002:00002790       _acFont10_1_218            00415790     F10_1.obj
 0002:0000279c       _acFont10_1_219            0041579c     F10_1.obj
 0002:000027a8       _acFont10_1_220            004157a8     F10_1.obj
 0002:000027b4       _acFont10_1_221            004157b4     F10_1.obj
 0002:000027c0       _acFont10_1_222            004157c0     F10_1.obj
 0002:000027cc       _acFont10_1_223            004157cc     F10_1.obj
 0002:000027d8       _acFont10_1_224            004157d8     F10_1.obj
 0002:000027e4       _acFont10_1_225            004157e4     F10_1.obj
 0002:000027f0       _acFont10_1_226            004157f0     F10_1.obj
 0002:000027fc       _acFont10_1_227            004157fc     F10_1.obj
 0002:00002808       _acFont10_1_228            00415808     F10_1.obj
 0002:00002814       _acFont10_1_229            00415814     F10_1.obj
 0002:00002820       _acFont10_1_230            00415820     F10_1.obj
 0002:00002834       _acFont10_1_231            00415834     F10_1.obj
 0002:00002840       _acFont10_1_232            00415840     F10_1.obj
 0002:0000284c       _acFont10_1_233            0041584c     F10_1.obj
 0002:00002858       _acFont10_1_234            00415858     F10_1.obj
 0002:00002864       _acFont10_1_235            00415864     F10_1.obj
 0002:00002870       _acFont10_1_236            00415870     F10_1.obj
 0002:0000287c       _acFont10_1_237            0041587c     F10_1.obj
 0002:00002888       _acFont10_1_238            00415888     F10_1.obj
 0002:00002894       _acFont10_1_239            00415894     F10_1.obj
 0002:000028a0       _acFont10_1_240            004158a0     F10_1.obj
 0002:000028ac       _acFont10_1_241            004158ac     F10_1.obj
 0002:000028b8       _acFont10_1_242            004158b8     F10_1.obj
 0002:000028c4       _acFont10_1_243            004158c4     F10_1.obj
 0002:000028d0       _acFont10_1_244            004158d0     F10_1.obj
 0002:000028dc       _acFont10_1_245            004158dc     F10_1.obj
 0002:000028e8       _acFont10_1_246            004158e8     F10_1.obj
 0002:000028f4       _acFont10_1_247            004158f4     F10_1.obj
 0002:00002900       _acFont10_1_248            00415900     F10_1.obj
 0002:0000290c       _acFont10_1_249            0041590c     F10_1.obj
 0002:00002918       _acFont10_1_250            00415918     F10_1.obj
 0002:00002924       _acFont10_1_251            00415924     F10_1.obj
 0002:00002930       _acFont10_1_252            00415930     F10_1.obj
 0002:0000293c       _acFont10_1_253            0041593c     F10_1.obj
 0002:00002948       _acFont10_1_254            00415948     F10_1.obj
 0002:00002954       _acFont10_1_255            00415954     F10_1.obj
 0002:00002960       _Font10_1_CharInfo         00415960     F10_1.obj
 0002:00002c60       _Font10_1Prop1             00415c60     F10_1.obj
 0002:00002c70       _GUI_Font10_1              00415c70     F10_1.obj
 0002:00002c90       _acFont10_ASCII_32         00415c90     F10_ASCII.obj
 0002:00002c9c       _acFont10_ASCII_33         00415c9c     F10_ASCII.obj
 0002:00002ca8       _acFont10_ASCII_34         00415ca8     F10_ASCII.obj
 0002:00002cb4       _acFont10_ASCII_35         00415cb4     F10_ASCII.obj
 0002:00002cc0       _acFont10_ASCII_36         00415cc0     F10_ASCII.obj
 0002:00002ccc       _acFont10_ASCII_37         00415ccc     F10_ASCII.obj
 0002:00002ce0       _acFont10_ASCII_38         00415ce0     F10_ASCII.obj
 0002:00002cec       _acFont10_ASCII_39         00415cec     F10_ASCII.obj
 0002:00002cf8       _acFont10_ASCII_40         00415cf8     F10_ASCII.obj
 0002:00002d04       _acFont10_ASCII_41         00415d04     F10_ASCII.obj
 0002:00002d10       _acFont10_ASCII_42         00415d10     F10_ASCII.obj
 0002:00002d1c       _acFont10_ASCII_43         00415d1c     F10_ASCII.obj
 0002:00002d28       _acFont10_ASCII_44         00415d28     F10_ASCII.obj
 0002:00002d34       _acFont10_ASCII_45         00415d34     F10_ASCII.obj
 0002:00002d40       _acFont10_ASCII_46         00415d40     F10_ASCII.obj
 0002:00002d4c       _acFont10_ASCII_47         00415d4c     F10_ASCII.obj
 0002:00002d58       _acFont10_ASCII_48         00415d58     F10_ASCII.obj
 0002:00002d64       _acFont10_ASCII_49         00415d64     F10_ASCII.obj
 0002:00002d70       _acFont10_ASCII_50         00415d70     F10_ASCII.obj
 0002:00002d7c       _acFont10_ASCII_51         00415d7c     F10_ASCII.obj
 0002:00002d88       _acFont10_ASCII_52         00415d88     F10_ASCII.obj
 0002:00002d94       _acFont10_ASCII_53         00415d94     F10_ASCII.obj
 0002:00002da0       _acFont10_ASCII_54         00415da0     F10_ASCII.obj
 0002:00002dac       _acFont10_ASCII_55         00415dac     F10_ASCII.obj
 0002:00002db8       _acFont10_ASCII_56         00415db8     F10_ASCII.obj
 0002:00002dc4       _acFont10_ASCII_57         00415dc4     F10_ASCII.obj
 0002:00002dd0       _acFont10_ASCII_58         00415dd0     F10_ASCII.obj
 0002:00002ddc       _acFont10_ASCII_59         00415ddc     F10_ASCII.obj
 0002:00002de8       _acFont10_ASCII_60         00415de8     F10_ASCII.obj
 0002:00002df4       _acFont10_ASCII_61         00415df4     F10_ASCII.obj
 0002:00002e00       _acFont10_ASCII_62         00415e00     F10_ASCII.obj
 0002:00002e0c       _acFont10_ASCII_63         00415e0c     F10_ASCII.obj
 0002:00002e18       _acFont10_ASCII_64         00415e18     F10_ASCII.obj
 0002:00002e2c       _acFont10_ASCII_65         00415e2c     F10_ASCII.obj
 0002:00002e38       _acFont10_ASCII_66         00415e38     F10_ASCII.obj
 0002:00002e44       _acFont10_ASCII_67         00415e44     F10_ASCII.obj
 0002:00002e50       _acFont10_ASCII_68         00415e50     F10_ASCII.obj
 0002:00002e5c       _acFont10_ASCII_69         00415e5c     F10_ASCII.obj
 0002:00002e68       _acFont10_ASCII_70         00415e68     F10_ASCII.obj
 0002:00002e74       _acFont10_ASCII_71         00415e74     F10_ASCII.obj
 0002:00002e80       _acFont10_ASCII_72         00415e80     F10_ASCII.obj
 0002:00002e8c       _acFont10_ASCII_73         00415e8c     F10_ASCII.obj
 0002:00002e98       _acFont10_ASCII_74         00415e98     F10_ASCII.obj
 0002:00002ea4       _acFont10_ASCII_75         00415ea4     F10_ASCII.obj
 0002:00002eb0       _acFont10_ASCII_76         00415eb0     F10_ASCII.obj
 0002:00002ebc       _acFont10_ASCII_77         00415ebc     F10_ASCII.obj
 0002:00002ec8       _acFont10_ASCII_78         00415ec8     F10_ASCII.obj
 0002:00002ed4       _acFont10_ASCII_79         00415ed4     F10_ASCII.obj
 0002:00002ee0       _acFont10_ASCII_80         00415ee0     F10_ASCII.obj
 0002:00002eec       _acFont10_ASCII_81         00415eec     F10_ASCII.obj
 0002:00002ef8       _acFont10_ASCII_82         00415ef8     F10_ASCII.obj
 0002:00002f04       _acFont10_ASCII_83         00415f04     F10_ASCII.obj
 0002:00002f10       _acFont10_ASCII_84         00415f10     F10_ASCII.obj
 0002:00002f1c       _acFont10_ASCII_85         00415f1c     F10_ASCII.obj
 0002:00002f28       _acFont10_ASCII_86         00415f28     F10_ASCII.obj
 0002:00002f34       _acFont10_ASCII_87         00415f34     F10_ASCII.obj
 0002:00002f48       _acFont10_ASCII_88         00415f48     F10_ASCII.obj
 0002:00002f54       _acFont10_ASCII_89         00415f54     F10_ASCII.obj
 0002:00002f60       _acFont10_ASCII_90         00415f60     F10_ASCII.obj
 0002:00002f6c       _acFont10_ASCII_91         00415f6c     F10_ASCII.obj
 0002:00002f78       _acFont10_ASCII_92         00415f78     F10_ASCII.obj
 0002:00002f84       _acFont10_ASCII_93         00415f84     F10_ASCII.obj
 0002:00002f90       _acFont10_ASCII_94         00415f90     F10_ASCII.obj
 0002:00002f9c       _acFont10_ASCII_95         00415f9c     F10_ASCII.obj
 0002:00002fa8       _acFont10_ASCII_96         00415fa8     F10_ASCII.obj
 0002:00002fb4       _acFont10_ASCII_97         00415fb4     F10_ASCII.obj
 0002:00002fc0       _acFont10_ASCII_98         00415fc0     F10_ASCII.obj
 0002:00002fcc       _acFont10_ASCII_99         00415fcc     F10_ASCII.obj
 0002:00002fd8       _acFont10_ASCII_100        00415fd8     F10_ASCII.obj
 0002:00002fe4       _acFont10_ASCII_101        00415fe4     F10_ASCII.obj
 0002:00002ff0       _acFont10_ASCII_102        00415ff0     F10_ASCII.obj
 0002:00002ffc       _acFont10_ASCII_103        00415ffc     F10_ASCII.obj
 0002:00003008       _acFont10_ASCII_104        00416008     F10_ASCII.obj
 0002:00003014       _acFont10_ASCII_105        00416014     F10_ASCII.obj
 0002:00003020       _acFont10_ASCII_106        00416020     F10_ASCII.obj
 0002:0000302c       _acFont10_ASCII_107        0041602c     F10_ASCII.obj
 0002:00003038       _acFont10_ASCII_108        00416038     F10_ASCII.obj
 0002:00003044       _acFont10_ASCII_109        00416044     F10_ASCII.obj
 0002:00003050       _acFont10_ASCII_110        00416050     F10_ASCII.obj
 0002:0000305c       _acFont10_ASCII_111        0041605c     F10_ASCII.obj
 0002:00003068       _acFont10_ASCII_112        00416068     F10_ASCII.obj
 0002:00003074       _acFont10_ASCII_113        00416074     F10_ASCII.obj
 0002:00003080       _acFont10_ASCII_114        00416080     F10_ASCII.obj
 0002:0000308c       _acFont10_ASCII_115        0041608c     F10_ASCII.obj
 0002:00003098       _acFont10_ASCII_116        00416098     F10_ASCII.obj
 0002:000030a4       _acFont10_ASCII_117        004160a4     F10_ASCII.obj
 0002:000030b0       _acFont10_ASCII_118        004160b0     F10_ASCII.obj
 0002:000030bc       _acFont10_ASCII_119        004160bc     F10_ASCII.obj
 0002:000030d0       _acFont10_ASCII_120        004160d0     F10_ASCII.obj
 0002:000030dc       _acFont10_ASCII_121        004160dc     F10_ASCII.obj
 0002:000030e8       _acFont10_ASCII_122        004160e8     F10_ASCII.obj
 0002:000030f4       _acFont10_ASCII_123        004160f4     F10_ASCII.obj
 0002:00003100       _acFont10_ASCII_124        00416100     F10_ASCII.obj
 0002:0000310c       _acFont10_ASCII_125        0041610c     F10_ASCII.obj
 0002:00003118       _acFont10_ASCII_126        00416118     F10_ASCII.obj
 0002:00003128       _GUI_Font10_ASCII_CharInfo 00416128     F10_ASCII.obj
 0002:00003428       _GUI_Font10ASCIIProp1      00416428     F10_ASCII.obj
 0002:00003438       _GUI_Font10_ASCII          00416438     F10_ASCII.obj
 0002:00003458       _acFont10S_1_160           00416458     F10S_1.obj
 0002:00003464       _acFont10S_1_161           00416464     F10S_1.obj
 0002:00003470       _acFont10S_1_162           00416470     F10S_1.obj
 0002:0000347c       _acFont10S_1_163           0041647c     F10S_1.obj
 0002:00003488       _acFont10S_1_164           00416488     F10S_1.obj
 0002:00003494       _acFont10S_1_165           00416494     F10S_1.obj
 0002:000034a0       _acFont10S_1_166           004164a0     F10S_1.obj
 0002:000034ac       _acFont10S_1_167           004164ac     F10S_1.obj
 0002:000034b8       _acFont10S_1_168           004164b8     F10S_1.obj
 0002:000034c4       _acFont10S_1_169           004164c4     F10S_1.obj
 0002:000034d0       _acFont10S_1_170           004164d0     F10S_1.obj
 0002:000034dc       _acFont10S_1_171           004164dc     F10S_1.obj
 0002:000034e8       _acFont10S_1_172           004164e8     F10S_1.obj
 0002:000034f4       _acFont10S_1_173           004164f4     F10S_1.obj
 0002:00003500       _acFont10S_1_174           00416500     F10S_1.obj
 0002:0000350c       _acFont10S_1_175           0041650c     F10S_1.obj
 0002:00003518       _acFont10S_1_176           00416518     F10S_1.obj
 0002:00003524       _acFont10S_1_177           00416524     F10S_1.obj
 0002:00003530       _acFont10S_1_178           00416530     F10S_1.obj
 0002:0000353c       _acFont10S_1_179           0041653c     F10S_1.obj
 0002:00003548       _acFont10S_1_180           00416548     F10S_1.obj
 0002:00003554       _acFont10S_1_181           00416554     F10S_1.obj
 0002:00003560       _acFont10S_1_182           00416560     F10S_1.obj
 0002:0000356c       _acFont10S_1_183           0041656c     F10S_1.obj
 0002:00003578       _acFont10S_1_184           00416578     F10S_1.obj
 0002:00003584       _acFont10S_1_185           00416584     F10S_1.obj
 0002:00003590       _acFont10S_1_186           00416590     F10S_1.obj
 0002:0000359c       _acFont10S_1_187           0041659c     F10S_1.obj
 0002:000035a8       _acFont10S_1_188           004165a8     F10S_1.obj
 0002:000035b4       _acFont10S_1_189           004165b4     F10S_1.obj
 0002:000035c0       _acFont10S_1_190           004165c0     F10S_1.obj
 0002:000035cc       _acFont10S_1_191           004165cc     F10S_1.obj
 0002:000035d8       _acFont10S_1_192           004165d8     F10S_1.obj
 0002:000035e4       _acFont10S_1_193           004165e4     F10S_1.obj
 0002:000035f0       _acFont10S_1_194           004165f0     F10S_1.obj
 0002:000035fc       _acFont10S_1_195           004165fc     F10S_1.obj
 0002:00003608       _acFont10S_1_196           00416608     F10S_1.obj
 0002:00003614       _acFont10S_1_197           00416614     F10S_1.obj
 0002:00003620       _acFont10S_1_198           00416620     F10S_1.obj
 0002:0000362c       _acFont10S_1_199           0041662c     F10S_1.obj
 0002:00003638       _acFont10S_1_200           00416638     F10S_1.obj
 0002:00003644       _acFont10S_1_201           00416644     F10S_1.obj
 0002:00003650       _acFont10S_1_202           00416650     F10S_1.obj
 0002:0000365c       _acFont10S_1_203           0041665c     F10S_1.obj
 0002:00003668       _acFont10S_1_204           00416668     F10S_1.obj
 0002:00003674       _acFont10S_1_205           00416674     F10S_1.obj
 0002:00003680       _acFont10S_1_206           00416680     F10S_1.obj
 0002:0000368c       _acFont10S_1_207           0041668c     F10S_1.obj
 0002:00003698       _acFont10S_1_208           00416698     F10S_1.obj
[...]
 0001:000040d5       _GUI_USAGE_BM_Clear        004050d5 f   GUIDEV_UsageBM.obj
 0001:000040f1       _GUI_USAGE_BM_GetNextDirty 004050f1 f   GUIDEV_UsageBM.obj
 0001:00003cf5       __DrawBitmap               00404cf5 f   GUIDEV_Measure.obj
 0001:00003d1a       __DrawHLine                00404d1a f   GUIDEV_Measure.obj
 0001:00003d33       __DrawVLine                00404d33 f   GUIDEV_Measure.obj
 0001:00003d4c       __SetPixelIndex            00404d4c f   GUIDEV_Measure.obj
 0001:00003d4c       __XorPixel                 00404d4c f   GUIDEV_Measure.obj
 0001:00003d5c       __GetPixelIndex            00404d5c f   GUIDEV_Measure.obj
 0001:00003d5f       __FillRect                 00404d5f f   GUIDEV_Measure.obj
 0001:00003d78       __GetRect                  00404d78 f   GUIDEV_Measure.obj
 0001:00003d94       __Color2Index              00404d94 f   GUIDEV_Measure.obj
 0001:00003daa       __Index2Color              00404daa f   GUIDEV_Measure.obj
 0001:00003dc0       __FillPolygon              00404dc0 f   GUIDEV_Measure.obj
 0001:00003e01       _CalcPolyRect              00404e01 f   GUIDEV_Measure.obj
 0001:00003e6c       __FillPolygonAA            00404e6c f   GUIDEV_Measure.obj
 0001:00003c00       _Min                       00404c00 f   GUIDEV_Banding.obj
 0001:00002e6a       __DrawBitmap               00403e6a f   GUIDEV.obj
 0001:00002f9d       _DrawBitLine1BPP           00403f9d f   GUIDEV.obj
 0001:000030f8       _DrawBitLine2BPP           004040f8 f   GUIDEV.obj
 0001:0000320b       _DrawBitLine4BPP           0040420b f   GUIDEV.obj
 0001:000033e9       _DrawBitLine8BPP           004043e9 f   GUIDEV.obj
 0001:0000345b       _DrawBitLine8BPP_DDB       0040445b f   GUIDEV.obj
 0001:000034be       __DrawHLine                004044be f   GUIDEV.obj
 0001:0000354d       __DrawVLine                0040454d f   GUIDEV.obj
 0001:000035d5       __SetPixelIndex            004045d5 f   GUIDEV.obj
 0001:00003619       __XorPixel                 00404619 f   GUIDEV.obj
 0001:00003665       __GetPixelIndex            00404665 f   GUIDEV.obj
 0001:00003678       __FillRect                 00404678 f   GUIDEV.obj
 0001:00003699       __GetRect                  00404699 f   GUIDEV.obj
 0001:000036d2       __Color2Index              004046d2 f   GUIDEV.obj
 0001:000036e8       __Index2Color              004046e8 f   GUIDEV.obj
 0001:0000392e       __CopyToLCDAt              0040492e f   GUIDEV.obj
 0001:00002815       _XorPixel                  00403815 f   LCDWin.obj
 0001:00002966       _DrawBitLine1BPP           00403966 f   LCDWin.obj
 0001:00002a58       _DrawBitLine2BPP           00403a58 f   LCDWin.obj
 0001:00002be0       _DrawBitLine4BPP           00403be0 f   LCDWin.obj
 0001:00002c9f       _DrawBitLine8BPP           00403c9f f   LCDWin.obj
 0001:00002239       _GetColorIndex             00403239 f   LCD.obj
 0001:00002116       __GetTaskNo                00403116 f   guitask.obj
 0001:00001ff0       _DB2SJIS                   00402ff0 f   GUIEncJS.obj
 0001:00001f50       __InitContext              00402f50 f   GUICore.obj
 0001:00001c69       _GUIPROP_FindChar          00402c69 f   GUICharP.obj
 0001:0000169f       __GotoY                    0040269f f   GUIChar.obj
 0001:000016c8       __GotoX                    004026c8 f   GUIChar.obj
 0001:000010bb       __Alloc                    004020bb f   GUIAlloc.obj
 0001:000011df       _Size2LegalSize            004021df f   GUIAlloc.obj
 0001:000011e9       _FindFreeHandle            004021e9 f   GUIAlloc.obj
 0001:00001218       _FindHole                  00402218 f   GUIAlloc.obj
 0001:0000127e       _CreateHole                0040227e f   GUIAlloc.obj
 0001:0000131a       _CheckInit                 0040231a f   GUIAlloc.obj
 0001:0000088f       __Check_NegLong            0040188f f   GUI_AddDec.obj
 0001:000002b2       __atan2                    004012b2 f   gui2dlib.obj
 0001:00000437       __DrawLineEnd              00401437 f   gui2dlib.obj
 0001:000004e2       __DrawRect                 004014e2 f   gui2dlib.obj
 0001:0000069f       _Abs                       0040169f f   gui2dlib.obj
 0001:00011401       _flsall                    00412401 f   libcmt:fflush.obj
 0001:00010544       label0                     00411544 f   libcmt:adj_fdiv.obj
 0001:0001054a       label1                     0041154a f   libcmt:adj_fdiv.obj
 0001:0001054f       label2                     0041154f f   libcmt:adj_fdiv.obj
 0001:00010555       label3                     00411555 f   libcmt:adj_fdiv.obj
 0001:0001055a       label4                     0041155a f   libcmt:adj_fdiv.obj
 0001:00010560       label5                     00411560 f   libcmt:adj_fdiv.obj
 0001:00010566       label6                     00411566 f   libcmt:adj_fdiv.obj
 0001:0001056c       label7                     0041156c f   libcmt:adj_fdiv.obj
 0001:00010572       label8                     00411572 f   libcmt:adj_fdiv.obj
 0001:0001058e       label9                     0041158e f   libcmt:adj_fdiv.obj
 0001:00010593       label10                    00411593 f   libcmt:adj_fdiv.obj
 0001:000105a9       label11                    004115a9 f   libcmt:adj_fdiv.obj
 0001:000105ae       label12                    004115ae f   libcmt:adj_fdiv.obj
 0001:000105ca       label13                    004115ca f   libcmt:adj_fdiv.obj
 0001:000105da       label14                    004115da f   libcmt:adj_fdiv.obj
 0001:000105ee       label15                    004115ee f   libcmt:adj_fdiv.obj
 0001:000105fe       label16                    004115fe f   libcmt:adj_fdiv.obj
 0001:0001061e       label17                    0041161e f   libcmt:adj_fdiv.obj
 0001:00010623       label18                    00411623 f   libcmt:adj_fdiv.obj
 0001:0001063d       label19                    0041163d f   libcmt:adj_fdiv.obj
 0001:00010642       label20                    00411642 f   libcmt:adj_fdiv.obj
 0001:00010662       label21                    00411662 f   libcmt:adj_fdiv.obj
 0001:00010676       label22                    00411676 f   libcmt:adj_fdiv.obj
 0001:0001068e       label23                    0041168e f   libcmt:adj_fdiv.obj
 0001:000106a2       label24                    004116a2 f   libcmt:adj_fdiv.obj
 0001:000106c2       label25                    004116c2 f   libcmt:adj_fdiv.obj
 0001:000106c7       label26                    004116c7 f   libcmt:adj_fdiv.obj
 0001:000106e1       label27                    004116e1 f   libcmt:adj_fdiv.obj
 0001:000106e6       label28                    004116e6 f   libcmt:adj_fdiv.obj
 0001:00010706       label29                    00411706 f   libcmt:adj_fdiv.obj
 0001:0001071a       label30                    0041171a f   libcmt:adj_fdiv.obj
 0001:00010732       label31                    00411732 f   libcmt:adj_fdiv.obj
 0001:00010746       label32                    00411746 f   libcmt:adj_fdiv.obj
 0001:00010766       label33                    00411766 f   libcmt:adj_fdiv.obj
 0001:0001076b       label34                    0041176b f   libcmt:adj_fdiv.obj
 0001:00010785       label35                    00411785 f   libcmt:adj_fdiv.obj
 0001:0001078a       label36                    0041178a f   libcmt:adj_fdiv.obj
 0001:000107aa       label37                    004117aa f   libcmt:adj_fdiv.obj
 0001:000107be       label38                    004117be f   libcmt:adj_fdiv.obj
 0001:000107d6       label39                    004117d6 f   libcmt:adj_fdiv.obj
 0001:000107ea       label40                    004117ea f   libcmt:adj_fdiv.obj
 0001:0001080a       label41                    0041180a f   libcmt:adj_fdiv.obj
 0001:0001080f       label42                    0041180f f   libcmt:adj_fdiv.obj
 0001:00010829       label43                    00411829 f   libcmt:adj_fdiv.obj
 0001:0001082e       label44                    0041182e f   libcmt:adj_fdiv.obj
 0001:0001084e       label45                    0041184e f   libcmt:adj_fdiv.obj
 0001:00010862       label46                    00411862 f   libcmt:adj_fdiv.obj
 0001:0001087a       label47                    0041187a f   libcmt:adj_fdiv.obj
 0001:0001088e       label48                    0041188e f   libcmt:adj_fdiv.obj
 0001:000108ae       label49                    004118ae f   libcmt:adj_fdiv.obj
 0001:000108b3       label50                    004118b3 f   libcmt:adj_fdiv.obj
 0001:000108cd       label51                    004118cd f   libcmt:adj_fdiv.obj
 0001:000108d2       label52                    004118d2 f   libcmt:adj_fdiv.obj
 0001:000108f2       label53                    004118f2 f   libcmt:adj_fdiv.obj
 0001:00010906       label54                    00411906 f   libcmt:adj_fdiv.obj
 0001:0001091e       label55                    0041191e f   libcmt:adj_fdiv.obj
 0001:00010932       label56                    00411932 f   libcmt:adj_fdiv.obj
 0001:00010952       label57                    00411952 f   libcmt:adj_fdiv.obj
 0001:00010957       label58                    00411957 f   libcmt:adj_fdiv.obj
 0001:00010971       label59                    00411971 f   libcmt:adj_fdiv.obj
 0001:00010976       label60                    00411976 f   libcmt:adj_fdiv.obj
 0001:00010996       label61                    00411996 f   libcmt:adj_fdiv.obj
 0001:000109aa       label62                    004119aa f   libcmt:adj_fdiv.obj
 0001:000109c2       label63                    004119c2 f   libcmt:adj_fdiv.obj
 0001:0000f8c1       fFEXP                      004108c1 f   libcmt:87tran.obj
 0001:0000fa01       _rtforexpinf               00410a01 f   libcmt:87tran.obj
 0001:0000f6f2       _write_char                004106f2 f   libcmt:output.obj
 0001:0000f727       _write_multi_char          00410727 f   libcmt:output.obj
 0001:0000f758       _write_string              00410758 f   libcmt:output.obj
 0001:0000f790       _get_int_arg               00410790 f   libcmt:output.obj
 0001:0000f79d       _get_int64_arg             0041079d f   libcmt:output.obj
 0001:0000f7ad       _get_short_arg             004107ad f   libcmt:output.obj
 0001:0000ab09       _strncnt                   0040bb09 f   libcmt:a_map.obj
 0001:00009138       _strtoxl                   0040a138 f   libcmt:strtol.obj
 0001:00008b7a       _getSystemCP               00409b7a f   libcmt:mbctype.obj
 0001:00008bc4       _CPtoLCID                  00409bc4 f   libcmt:mbctype.obj
 0001:00008bf7       _setSBCS                   00409bf7 f   libcmt:mbctype.obj
 0001:00008c20       _setSBUpLow                00409c20 f   libcmt:mbctype.obj
 0001:0000899c       _x_ismbbtype               0040999c f   libcmt:ismbbyte.obj
 0001:000080a4       __abstract_cw              004090a4 f   libcmt:ieee87.obj
 0001:00008136       __hw_cw                    00409136 f   libcmt:ieee87.obj
 0001:00007bc0       _gu_return                 00408bc0 f   libcmt:exsup.obj
 0001:00007bc8       __unwind_handler           00408bc8 f   libcmt:exsup.obj
 0001:00007464       _parse_cmdline             00408464 f   libcmt:stdargv.obj
 0001:00007280       _xcptlookup                00408280 f   libcmt:winxfltr.obj
 0001:00007071       _doexit                    00408071 f   libcmt:crt0dat.obj
 0001:00007128       __initterm                 00408128 f   libcmt:crt0dat.obj
 0001:00006d5b       __cftoe2                   00407d5b f   libcmt:cvt.obj
 0001:00006e72       __cftof2                   00407e72 f   libcmt:cvt.obj
 0001:00006ffd       __shift                    00407ffd f   libcmt:cvt.obj
 0001:000060c1       _fast_error_exit           004070c1 f   libcmt:wincrt0.obj
 0001:00005b50       LeadUp1                    00406b50 f   libcmt:memcpy.obj
 0001:00005b7c       LeadUp2                    00406b7c f   libcmt:memcpy.obj
 0001:00005ba0       LeadUp3                    00406ba0 f   libcmt:memcpy.obj
 0001:00005c1f       UnwindUp0                  00406c1f f   libcmt:memcpy.obj
 0001:00005c0c       UnwindUp1                  00406c0c f   libcmt:memcpy.obj
 0001:00005c04       UnwindUp2                  00406c04 f   libcmt:memcpy.obj
 0001:00005bfc       UnwindUp3                  00406bfc f   libcmt:memcpy.obj
 0001:00005bf4       UnwindUp4                  00406bf4 f   libcmt:memcpy.obj
 0001:00005bec       UnwindUp5                  00406bec f   libcmt:memcpy.obj
 0001:00005be4       UnwindUp6                  00406be4 f   libcmt:memcpy.obj
 0001:00005bdc       UnwindUp7                  00406bdc f   libcmt:memcpy.obj
 0001:00005c38       TrailUp0                   00406c38 f   libcmt:memcpy.obj
 0001:00005c40       TrailUp1                   00406c40 f   libcmt:memcpy.obj
 0001:00005c4c       TrailUp2                   00406c4c f   libcmt:memcpy.obj
 0001:00005c60       TrailUp3                   00406c60 f   libcmt:memcpy.obj
 0001:00005cd8       LeadDown1                  00406cd8 f   libcmt:memcpy.obj
 0001:00005cf8       LeadDown2                  00406cf8 f   libcmt:memcpy.obj
 0001:00005d20       LeadDown3                  00406d20 f   libcmt:memcpy.obj
 0001:00005d74       UnwindDown7                00406d74 f   libcmt:memcpy.obj
 0001:00005d7c       UnwindDown6                00406d7c f   libcmt:memcpy.obj
 0001:00005d84       UnwindDown5                00406d84 f   libcmt:memcpy.obj
 0001:00005d8c       UnwindDown4                00406d8c f   libcmt:memcpy.obj
 0001:00005d94       UnwindDown3                00406d94 f   libcmt:memcpy.obj
 0001:00005d9c       UnwindDown2                00406d9c f   libcmt:memcpy.obj
 0001:00005da4       UnwindDown1                00406da4 f   libcmt:memcpy.obj
 0001:00005db7       UnwindDown0                00406db7 f   libcmt:memcpy.obj
 0001:00005dd0       TrailDown0                 00406dd0 f   libcmt:memcpy.obj
 0001:00005dd8       TrailDown1                 00406dd8 f   libcmt:memcpy.obj
 0001:00005de8       TrailDown2                 00406de8 f   libcmt:memcpy.obj
 0001:00005dfc       TrailDown3                 00406dfc f   libcmt:memcpy.obj
 0001:00005570       LeadUp1                    00406570 f   libcmt:memmove.obj
 0001:0000559c       LeadUp2                    0040659c f   libcmt:memmove.obj
 0001:000055c0       LeadUp3                    004065c0 f   libcmt:memmove.obj
 0001:0000563f       UnwindUp0                  0040663f f   libcmt:memmove.obj
 0001:0000562c       UnwindUp1                  0040662c f   libcmt:memmove.obj
 0001:00005624       UnwindUp2                  00406624 f   libcmt:memmove.obj
 0001:0000561c       UnwindUp3                  0040661c f   libcmt:memmove.obj
 0001:00005614       UnwindUp4                  00406614 f   libcmt:memmove.obj
 0001:0000560c       UnwindUp5                  0040660c f   libcmt:memmove.obj
 0001:00005604       UnwindUp6                  00406604 f   libcmt:memmove.obj
 0001:000055fc       UnwindUp7                  004065fc f   libcmt:memmove.obj
 0001:00005658       TrailUp0                   00406658 f   libcmt:memmove.obj
 0001:00005660       TrailUp1                   00406660 f   libcmt:memmove.obj
 0001:0000566c       TrailUp2                   0040666c f   libcmt:memmove.obj
 0001:00005680       TrailUp3                   00406680 f   libcmt:memmove.obj
 0001:000056f8       LeadDown1                  004066f8 f   libcmt:memmove.obj
 0001:00005718       LeadDown2                  00406718 f   libcmt:memmove.obj
 0001:00005740       LeadDown3                  00406740 f   libcmt:memmove.obj
 0001:00005794       UnwindDown7                00406794 f   libcmt:memmove.obj
 0001:0000579c       UnwindDown6                0040679c f   libcmt:memmove.obj
 0001:000057a4       UnwindDown5                004067a4 f   libcmt:memmove.obj
 0001:000057ac       UnwindDown4                004067ac f   libcmt:memmove.obj
 0001:000057b4       UnwindDown3                004067b4 f   libcmt:memmove.obj
 0001:000057bc       UnwindDown2                004067bc f   libcmt:memmove.obj
 0001:000057c4       UnwindDown1                004067c4 f   libcmt:memmove.obj
 0001:000057d7       UnwindDown0                004067d7 f   libcmt:memmove.obj
 0001:000057f0       TrailDown0                 004067f0 f   libcmt:memmove.obj
 0001:000057f8       TrailDown1                 004067f8 f   libcmt:memmove.obj
 0001:00005808       TrailDown2                 00406808 f   libcmt:memmove.obj
 0001:0000581c       TrailDown3                 0040681c f   libcmt:memmove.obj
 0001:0000e949       _InitSMem                  0040f949 f   GUISim:LCDSIM_1.OBJ
 0001:0000e982       _Cleanup                   0040f982 f   GUISim:LCDSIM_1.OBJ
 0001:0000eb7b       _CorrectGamma              0040fb7b f   GUISim:LCDSIM_1.OBJ
 0001:0000ebba       _Gamma                     0040fbba f   GUISim:LCDSIM_1.OBJ
 0001:0000c690       __VirtKey2Key              0040d690 f   GUISim:WinMain.OBJ
 0001:0000c6bc       __Keydown2ASCII            0040d6bc f   GUISim:WinMain.OBJ
 0001:0000c71e       __THREAD_Sleep             0040d71e f   GUISim:WinMain.OBJ
 0001:0000c766       __LOG_Add                  0040d766 f   GUISim:WinMain.OBJ
 0001:0000c797       __LOG_AddPlain             0040d797 f   GUISim:WinMain.OBJ
 0001:0000c82a       __LOG_DelFirstLine         0040d82a f   GUISim:WinMain.OBJ
 0001:0000c86f       _LogTime                   0040d86f f   GUISim:WinMain.OBJ
 0001:0000c935       _SendToErrorFile           0040d935 f   GUISim:WinMain.OBJ
 0001:0000ca0f       __WinMain_NoClean          0040da0f f   GUISim:WinMain.OBJ
 0001:0000ccbd       __LOG_Create               0040dcbd f   GUISim:WinMain.OBJ
 0001:0000cd13       __LOG_Init                 0040dd13 f   GUISim:WinMain.OBJ
 0001:0000cd83       __WndProcLog@16            0040dd83 f   GUISim:WinMain.OBJ
 0001:0000cde4       __LOG_Paint                0040dde4 f   GUISim:WinMain.OBJ
 0001:0000cef7       __THREAD_KillAll           0040def7 f   GUISim:WinMain.OBJ
 0001:0000cf40       __THREAD_StartApplication  0040df40 f   GUISim:WinMain.OBJ
 0001:0000cf93       __Thread                   0040df93 f   GUISim:WinMain.OBJ
 0001:0000cfbc       __RegisterClasses          0040dfbc f   GUISim:WinMain.OBJ
 0001:0000d0f3       __WndProcLCD@16            0040e0f3 f   GUISim:WinMain.OBJ
 0001:0000d2a4       __FindFreeLCDIndex         0040e2a4 f   GUISim:WinMain.OBJ
 0001:0000d2c0       __WndProcLCD1@16           0040e2c0 f   GUISim:WinMain.OBJ
 0001:0000d38a       __CreateWndLCD             0040e38a f   GUISim:WinMain.OBJ
 0001:0000d4f2       __CreateWndLCDInfo         0040e4f2 f   GUISim:WinMain.OBJ
 0001:0000d604       __WndProcDevice@16         0040e604 f   GUISim:WinMain.OBJ
 0001:0000d8a0       __SetBitmapRegion          0040e8a0 f   GUISim:WinMain.OBJ
 0001:0000da0e       __GetScanLine              0040ea0e f   GUISim:WinMain.OBJ
 0001:0000da7b       __FindHardkeys             0040ea7b f   GUISim:WinMain.OBJ
 0001:0000db28       __AddHardkeyRegion         0040eb28 f   GUISim:WinMain.OBJ
 0001:0000dbf2       __MainWnd_Command          0040ebf2 f   GUISim:WinMain.OBJ
 0001:0000dca5       __OnCopy                   0040eca5 f   GUISim:WinMain.OBJ
 0001:0000de68       __THREAD_StopApplication   0040ee68 f   GUISim:WinMain.OBJ
 0001:0000def3       __THREAD_ContinueApplication 0040eef3 f   GUISim:WinMain.OBJ
 0001:0000df7e       __About@16                 0040ef7e f   GUISim:WinMain.OBJ
 0001:0000e02e       __WndProcHardkey@16        0040f02e f   GUISim:WinMain.OBJ
 0001:0000e1db       __WndProcLCDInfo@16        0040f1db f   GUISim:WinMain.OBJ
 0001:0000e4a7       __WndProcMain@16           0040f4a7 f   GUISim:WinMain.OBJ
 0001:0000e549       __InitMenu                 0040f549 f   GUISim:WinMain.OBJ
 0001:0000e59a       __MainWnd_OnTimer          0040f59a f   GUISim:WinMain.OBJ
 0001:0000e66d       __MainWnd_Paint            0040f66d f   GUISim:WinMain.OBJ
 0001:0000e726       __TranslateAccelerator     0040f726 f   GUISim:WinMain.OBJ
 0001:0000c0d1       _InitSMem                  0040d0d1 f   GUISim:LCDSIM.OBJ
 0001:0000c338       _Convert_Index16IntoIndex32 0040d338 f   GUISim:LCDSIM.OBJ
 0001:0000c4e6       __COLORREF2Index           0040d4e6 f   GUISim:LCDSIM.OBJ

 57 bytes saved through ICF

