 GUISimulation

 Timestamp is 5b8e8bc1 (Tue Sep 04 21:42:25 2018)

 Preferred load address is 00400000

 Start         Length     Name                   Class
 0001:00000000 00011f7dH .text                   CODE
 0002:00000000 00000250H .idata$5                DATA
 0002:00000250 00027548H .rdata                  DATA
 0002:00027798 00000050H .idata$2                DATA
 0002:000277e8 00000014H .idata$3                DATA
 0002:000277fc 00000250H .idata$4                DATA
 0002:00027a4c 000009a8H .idata$6                DATA
 0002:000283f4 00000000H .edata                  DATA
 0003:00000000 00000004H .CRT$XCA                DATA
 0003:00000004 00000004H .CRT$XCZ                DATA
 0003:00000008 00000004H .CRT$XIA                DATA
 0003:0000000c 0000000cH .CRT$XIC                DATA
 0003:00000018 00000004H .CRT$XIZ                DATA
 0003:0000001c 00000004H .CRT$XPA                DATA
 0003:00000020 00000004H .CRT$XPX                DATA
 0003:00000024 00000004H .CRT$XPZ                DATA
 0003:00000028 00000004H .CRT$XTA                DATA
 0003:0000002c 00000004H .CRT$XTZ                DATA
 0003:00000030 00003aa0H .data                   DATA
 0003:00003ad0 00009d08H .bss                    DATA
 0004:00000000 00000418H .rsrc$01                DATA
 0004:00000420 0001aae8H .rsrc$02                DATA

  Address         Publics by Value              Rva+Base     Lib:Object

 0001:00000000       _main                      00401000 f   main.obj
 0001:0000015d       _LCD_Color2Index_8666      0040115d f   LCDP8666.obj
 0001:000001bd       _LCD_Index2Color_8666      004011bd f   LCDP8666.obj
 0001:0000021f       _GL_SwapInt                0040121f f   gui2dlib.obj
 0001:00000232       _GUI_sin                   00401232 f   gui2dlib.obj
 0001:00000299       _GUI_cos                   00401299 f   gui2dlib.obj
 0001:000002aa       __atan0_45                 004012aa f   gui2dlib.obj
 0001:000002eb       _SetLineColor              004012eb f   gui2dlib.obj
 0001:00000368       _CalcOrto                  00401368 f   gui2dlib.obj
 0001:00000449       _GL_DrawLine               00401449 f   gui2dlib.obj
 0001:00000578       _GUI_DrawRect              00401578 f   gui2dlib.obj
 0001:0000064d       _GL_DrawLine1              0040164d f   gui2dlib.obj
 0001:000007d2       _GL_DrawPoint              004017d2 f   gui2dlib.obj
 0001:00000809       _GUI_DrawPoint             00401809 f   gui2dlib.obj
 0001:00000851       _GUI__AddSpaceHex          00401851 f   GUI__AddSpaceHex.obj
 0001:0000086f       _GUI__IntersectRect        0040186f f   GUI__IntersectRect.obj
 0001:000008ad       _GUI__IntersectRects       004018ad f   GUI__IntersectRects.obj
 0001:00000937       _GUI__ReduceRect           00401937 f   GUI__ReduceRect.obj
 0001:00000970       _GUI_AddHex                00401970 f   GUI_AddHex.obj
 0001:000009b4       _GUI_DrawHLine             004019b4 f   GUI_DrawHLine.obj
 0001:00000a25       _GUI_DrawVLine             00401a25 f   GUI_DrawVLine.obj
 0001:00000a94       _GUI_ErrorOut              00401a94 f   GUI_ErrorOut.obj
 0001:00000a9f       _GUI_ErrorOut1             00401a9f f   GUI_ErrorOut.obj
 0001:00000ae0       _GUI_ErrorOut2             00401ae0 f   GUI_ErrorOut.obj
 0001:00000b2f       _GUI_ErrorOut3             00401b2f f   GUI_ErrorOut.obj
 0001:00000b8c       _GUI_Exec1                 00401b8c f   GUI_Exec.obj
 0001:00000bb1       _GUI_Exec                  00401bb1 f   GUI_Exec.obj
 0001:00000bcd       _GL_CheckYInterSect        00401bcd f   GUI_FillPolygon.obj
 0001:00000c4b       _GL_GetSign                00401c4b f   GUI_FillPolygon.obj
 0001:00000c61       _GL_FillPolygon            00401c61 f   GUI_FillPolygon.obj
 0001:00000e91       _GUI_GetBkColor            00401e91 f   GUI_GetColor.obj
 0001:00000eae       _GUI_GetColor              00401eae f   GUI_GetColor.obj
 0001:00000ecb       _GUI_GetVersionString      00401ecb f   GUI_GetVersionString.obj
 0001:00000eed       _GUI_MergeRect             00401eed f   GUI_MergeRect.obj
 0001:00000f7d       _GUI_MoveRect              00401f7d f   GUI_MoveRect.obj
 0001:00000f9d       _GUI_StoreKey              00401f9d f   GUI_OnKey.obj
 0001:00000fb0       _GUI_StoreKeyMsg           00401fb0 f   GUI_OnKey.obj
 0001:00000fcd       _GUI_PollKeyMsg            00401fcd f   GUI_OnKey.obj
 0001:0000100c       _GUI_SetPenSize            0040200c f   GUI_Pen.obj
 0001:0000102a       _GUI_RectsIntersect        0040202a f   GUI_RectsIntersect.obj
 0001:0000105f       _GUI_SaveContext           0040205f f   GUI_SaveContext.obj
 0001:00001072       _GUI_RestoreContext        00402072 f   GUI_SaveContext.obj
 0001:00001085       _GL_SetDefault             00402085 f   GUI_SetDefault.obj
 0001:000010c8       _GUI_MOUSE_StoreState      004020c8 f   GUI_TOUCH.obj
 0001:000010c8       _WIDGET_EFFECT_None_DrawUp 004020c8 f   GUI_TOUCH.obj
 0001:000010c8       _GUI_X_Init                004020c8 f   GUI_TOUCH.obj
 0001:000010c8       _WIDGET_EFFECT_None_DrawDownRect 004020c8 f   GUI_TOUCH.obj
 0001:000010c8       _WIDGET_EFFECT_None_DrawUpRect 004020c8 f   GUI_TOUCH.obj
 0001:000010c8       _LCD_L0_On                 004020c8 f   GUI_TOUCH.obj
 0001:000010c8       _WM__InvalidateTransAreaAbove 004020c8 f   GUI_TOUCH.obj
 0001:000010c8       _SIM_X_Init                004020c8 f   GUI_TOUCH.obj
 0001:000010c8       _GUI_TOUCH_StoreState      004020c8 f   GUI_TOUCH.obj
 0001:000010c8       __fpclear                  004020c8 f   GUI_TOUCH.obj
 0001:000010c8       _WIDGET_EFFECT_None_DrawDown 004020c8 f   GUI_TOUCH.obj
 0001:000010c9       _GUI_Warn                  004020c9 f   GUI_Warn.obj
 0001:000010d4       _GUI_Warn1                 004020d4 f   GUI_Warn.obj
 0001:00001115       _GUI_ALLOC_Init            00402115 f   GUIAlloc.obj
 0001:00001160       _GUI_ALLOC_Alloc           00402160 f   GUIAlloc.obj
 0001:000013ea       _GUI_ALLOC_Free            004023ea f   GUIAlloc.obj
 0001:00001488       _GUI_ALLOC_h2p             00402488 f   GUIAlloc.obj
 0001:000014b1       _GUI_ALLOC_GetMaxSize      004024b1 f   GUIAlloc.obj
 0001:00001530       _GL_DrawArc                00402530 f   guiarc.obj
 0001:00001905       _GUI_DrawArc               00402905 f   guiarc.obj
 0001:0000195b       _GUI_GetLineDistX          0040295b f   GUIChar.obj
 0001:000019db       _GUI__GetLineLen           004029db f   GUIChar.obj
 0001:00001a3a       _GUI_GetYAdjust            00402a3a f   GUIChar.obj
 0001:00001a6b       _GUI_GetFontDistY          00402a6b f   GUIChar.obj
 0001:00001a8a       _GUI_GetCharDistX          00402a8a f   GUIChar.obj
 0001:00001aa8       _GUI_SetTextMode           00402aa8 f   GUIChar.obj
 0001:00001ac9       _GUI_SetTextAlign          00402ac9 f   GUIChar.obj
 0001:00001aea       _GUI_DispNextLine          00402aea f   GUIChar.obj
 0001:00001b03       _GL_DispChar               00402b03 f   GUIChar.obj
 0001:00001b22       _GUI_SetFont               00402b22 f   GUIChar.obj
 0001:00001b44       _GUI_GotoY                 00402b44 f   GUIChar.obj
 0001:00001b6d       _GUI_GotoX                 00402b6d f   GUIChar.obj
 0001:00001b96       _GUI_GotoXY                00402b96 f   GUIChar.obj
 0001:00001bbd       _GL_DispLine               00402bbd f   GUIChar.obj
 0001:00001c4a       _GUI__DispLine             00402c4a f   GUIChar.obj
 0001:00001ce0       _GUI_DispStringHCenterAt   00402ce0 f   GUIChar.obj
 0001:00001d0e       _GUI_DispString            00402d0e f   GUIChar.obj
 0001:00001e4c       _GUI_DispStringAt          00402e4c f   GUIChar.obj
 0001:00001e76       _GUIMONO_DispChar          00402e76 f   GUICharM.obj
 0001:00002011       _GUIMONO_GetCharDistX      00403011 f   GUICharM.obj
 0001:0000201e       _GUIMONO_GetFontInfo       0040301e f   GUICharM.obj
 0001:00002028       _GUIMONO_IsInFont          00403028 f   GUICharM.obj
 0001:00002058       _GUIPROP_DispChar          00403058 f   GUICharP.obj
 0001:00002177       _GUIPROP_GetCharDistX      00403177 f   GUICharP.obj
 0001:000021a3       _GUIPROP_GetFontInfo       004031a3 f   GUICharP.obj
 0001:000021ad       _GUIPROP_IsInFont          004031ad f   GUICharP.obj
 0001:000021c6       _GL_FillCircle             004031c6 f   GUICirc.obj
 0001:000022d6       _GUI_SetBkColor            004032d6 f   GUICore.obj
 0001:000022ea       _GUI_SetColor              004032ea f   GUICore.obj
 0001:000022fe       _GUI_SetDrawMode           004032fe f   GUICore.obj
 0001:00002319       _GUI_SetLineStyle          00403319 f   GUICore.obj
 0001:00002337       _GUI_ClearRect             00403337 f   GUICore.obj
 0001:000023aa       _GUI_Clear                 004033aa f   GUICore.obj
 0001:000023ca       _GUI_SelectLCD             004033ca f   GUICore.obj
 0001:00002411       _GUI_Init                  00403411 f   GUICore.obj
 0001:00002484       _GUI_GetLineDistX_SJIS     00403484 f   GUIEncJS.obj
 0001:000024e9       _GUI_GetLineLen_SJIS       004034e9 f   GUIEncJS.obj
 0001:0000250e       _GL_DispLine_SJIS          0040350e f   GUIEncJS.obj
 0001:00002557       _GUI_Unlock                00403557 f   guitask.obj
 0001:00002579       _GUI_Lock                  00403579 f   guitask.obj
 0001:00002647       _GUITASK_Init              00403647 f   guitask.obj
 0001:00002673       _GUI_GetTime               00403673 f   GUITime.obj
 0001:00002678       _GUI_Delay                 00403678 f   GUITime.obj
 0001:000026ab       _GUI_DB2UC                 004036ab f   GUIUC0.obj
 0001:000026df       _LCD_SetColorIndex         004036df f   LCD.obj
 0001:00002701       _LCD_SetBkColorIndex       00403701 f   LCD.obj
 0001:00002714       _LCD_SetDrawMode           00403714 f   LCD.obj
 0001:00002749       _LCD_DrawPixel             00403749 f   LCD.obj
 0001:000027a9       _LCD_DrawHLine             004037a9 f   LCD.obj
 0001:000027fa       _LCD_DrawVLine             004037fa f   LCD.obj
 0001:0000284b       _LCD_FillRect              0040384b f   LCD.obj
 0001:000028ab       _LCD_DrawBitmap            004038ab f   LCD.obj
 0001:00002ae9       _LCD_SetClipRectEx         00403ae9 f   LCD.obj
 0001:00002b10       _LCD_SetClipRectMax        00403b10 f   LCD.obj
 0001:00002b1f       _LCD_Init                  00403b1f f   LCD.obj
 0001:00002b5b       _LCD_Color2Index           00403b5b f   LCD.obj
 0001:00002b68       _LCD_Index2Color           00403b68 f   LCD.obj
 0001:00002b76       _LCD_SetBkColor            00403b76 f   LCD.obj
 0001:00002b88       _LCD_SetColor              00403b88 f   LCD.obj
 0001:00002b9a       _LCD_GetBkColorIndex       00403b9a f   LCD_GetColorIndex.obj
 0001:00002ba2       _LCD_GetColorIndex         00403ba2 f   LCD_GetColorIndex.obj
 0001:00002baa       _LCD_GetNumDisplays        00403baa f   LCD_GetNumDisplays.obj
 0001:00002baa       _LCD_GetXMag               00403baa f   LCD_GetNumDisplays.obj
 0001:00002baa       _LCD_GetYMag               00403baa f   LCD_GetNumDisplays.obj
 0001:00002bae       _LCD_L0_Color2Index        00403bae f   LCD_L0_Generic.obj
 0001:00002bb9       _LCD_L0_Index2Color        00403bb9 f   LCD_L0_Generic.obj
 0001:00002bc4       _LCD_L0_GetRect            00403bc4 f   LCD_L0_Generic.obj
 0001:00002bde       _LCD_GetpPalConvTableUncached 00403bde f   LCDColor.obj
 0001:00002c1d       _LCD_GetpPalConvTable      00403c1d f   LCDColor.obj
 0001:00002c28       _LCD_InitLUT               00403c28 f   LCDColor.obj
 0001:00002c49       _LCD_GetDevCap             00403c49 f   LCDInfo.obj
 0001:00002caf       _LCD_GetVXSize             00403caf f   LCDInfo0.obj
 0001:00002caf       _LCD_GetXSize              00403caf f   LCDInfo0.obj
 0001:00002cb5       _LCD_GetYSize              00403cb5 f   LCDInfo0.obj
 0001:00002cb5       _LCD_GetVYSize             00403cb5 f   LCDInfo0.obj
 0001:00002cbb       _LCD_GetBitsPerPixel       00403cbb f   LCDInfo0.obj
 0001:00002cbf       _LCD_GetNumColors          00403cbf f   LCDInfo0.obj
 0001:00002cc5       _LCD_GetFixedPalette       00403cc5 f   LCDInfo0.obj
 0001:00002ccb       _LCD_GetYMag_1             00403ccb f   LCDInfo1.obj
 0001:00002ccb       _LCD_GetXMag_1             00403ccb f   LCDInfo1.obj
 0001:00002ccb       _LCD_GetBitsPerPixel_1     00403ccb f   LCDInfo1.obj
 0001:00002ccb       _LCD_GetVYSize_1           00403ccb f   LCDInfo1.obj
 0001:00002ccb       _LCD_GetXSize_1            00403ccb f   LCDInfo1.obj
 0001:00002ccb       _LCD_GetNumColors_1        00403ccb f   LCDInfo1.obj
 0001:00002ccb       _LCD_GetFixedPalette_1     00403ccb f   LCDInfo1.obj
 0001:00002ccb       _LCD_GetYSize_1            00403ccb f   LCDInfo1.obj
 0001:00002ccb       _LCD_GetVXSize_1           00403ccb f   LCDInfo1.obj
 0001:00002ccb       __matherr                  00403ccb f   LCDInfo1.obj
 0001:00002cf4       _LCD_L0_DrawHLine          00403cf4 f   LCDWin.obj
 0001:00002d36       _LCD_L0_DrawVLine          00403d36 f   LCDWin.obj
 0001:00002d78       _LCD_L0_FillRect           00403d78 f   LCDWin.obj
 0001:00002d99       _LCD_L0_DrawBitmap         00403d99 f   LCDWin.obj
 0001:00003224       _LCD_L0_SetLUTEntry        00404224 f   LCDWin.obj
 0001:00003234       _LCD_L0_Init               00404234 f   LCDWin.obj
 0001:00003263       _LCD_L0_GetPixelIndex      00404263 f   LCDWin.obj
 0001:00003273       _LCD_L0_XorPixel           00404273 f   LCDWin.obj
 0001:00003283       _LCD_L0_SetPixelIndex      00404283 f   LCDWin.obj
 0001:00003298       _GUI_MEMDEV_XY2PTR         00404298 f   GUIDEV.obj
 0001:00003bb6       _GUI_MEMDEV_Delete         00404bb6 f   GUIDEV.obj
 0001:00003bf8       _GUI_MEMDEV_CreateEx       00404bf8 f   GUIDEV.obj
 0001:00003ce4       _GUI_MEMDEV_Select         00404ce4 f   GUIDEV.obj
 0001:00003d31       _GUI_MEMDEV_CopyToLCDAt    00404d31 f   GUIDEV.obj
 0001:00003f57       _GUI_MEMDEV_CopyToLCD      00404f57 f   GUIDEV.obj
 0001:00003f6b       _GUI_MEMDEV_Draw           00404f6b f   GUIDEV_Banding.obj
 0001:000040c7       _GUI_MEMDEV_Clear          004050c7 f   GUIDEV_Clear.obj
 0001:000040fa       _GUI_MEMDEV_GetYSize       004050fa f   GUIDEV_GetYSize.obj
 0001:0000411c       __MarkPixel                0040511c f   GUIDEV_Measure.obj
 0001:00004160       __MarkRect                 00405160 f   GUIDEV_Measure.obj
 0001:000043a9       _GUI_MEMDEV_ReduceYSize    004053a9 f   GUIDEV_ReduceYSize.obj
 0001:000043d4       _GUI_MEMDEV_SetOrg         004053d4 f   GUIDEV_SetOrg.obj
 0001:00004447       _GUI_USAGE_DecUseCnt       00405447 f   GUIDEV_Usage.obj
 0001:0000464a       _GUI_USAGE_BM_Delete       0040564a f   GUIDEV_UsageBM.obj
 0001:00004655       _GUI_USAGE_BM_Create       00405655 f   GUIDEV_UsageBM.obj
 0001:000046c8       _WIDGET_EFFECT_3D_DrawUpRect 004056c8 f   Widget_3D.obj
 0001:0000476b       _WIDGET_EFFECT_3D_DrawUp   0040576b f   Widget_3D.obj
 0001:00004786       _WIDGET_EFFECT_3D_DrawDownRect 00405786 f   Widget_3D.obj
 0001:00004859       _WIDGET_EFFECT_3D_DrawDown 00405859 f   Widget_3D.obj
 0001:00004874       _WIDGET_EFFECT_3D_GetRect  00405874 f   Widget_3D.obj
 0001:0000488d       _WIDGET_EFFECT_None_GetRect 0040588d f   Widget_None.obj
 0001:00004898       _WIDGET_EFFECT_Simple_DrawUpRect 00405898 f   Widget_Simple.obj
 0001:000048d7       _WIDGET_EFFECT_Simple_DrawUp 004058d7 f   Widget_Simple.obj
 0001:000048f2       _WIDGET_EFFECT_Simple_DrawDownRect 004058f2 f   Widget_Simple.obj
 0001:00004931       _WIDGET_EFFECT_Simple_DrawDown 00405931 f   Widget_Simple.obj
 0001:0000494c       _WIDGET_EFFECT_Simple_GetRect 0040594c f   Widget_Simple.obj
 0001:00004965       __ClipAtParentBorders      00405965 f   wm.obj
 0001:00004993       __AddChild                 00405993 f   wm.obj
 0001:00004a21       _WM__Client2Screen         00405a21 f   wm.obj
 0001:00004a3b       __AddToLinList             00405a3b f   wm.obj
 0001:00004a77       _WM__RectIsNZ              00405a77 f   wm.obj
 0001:00004a97       _WM_SendMessage            00405a97 f   wm.obj
 0001:00004adc       _WM__SendMsgNoData         00405adc f   wm.obj
 0001:00004afe       _WM__GetClientRectWin      00405afe f   wm.obj
 0001:00004b27       _WM__InvalidateAreaBelow   00405b27 f   wm.obj
 0001:00004c55       _WM_InvalidateRect         00405c55 f   wm.obj
 0001:00004ce1       _WM_InvalidateWindow       00405ce1 f   wm.obj
 0001:00004cef       _WM_GetDesktopWindow       00405cef f   wm.obj
 0001:00004cf6       _WM_CreateWindowAsChild    00405cf6 f   wm.obj
 0001:00004e5a       _WM_CreateWindow           00405e5a f   wm.obj
 0001:00004e7e       _WM__SetMaxClipRect        00405e7e f   wm.obj
 0001:00004e92       _WM_SelectWindow           00405e92 f   wm.obj
 0001:00004efb       _WM_ShowWindow             00405efb f   wm.obj
 0001:00004f2e       _WM__GetOrgX               00405f2e f   wm.obj
 0001:00004f3f       _WM__GetOrgY               00405f3f f   wm.obj
 0001:00004f51       _WM__GetNextIVR            00405f51 f   wm.obj
 0001:00005285       _WM__InitIVRSearch         00406285 f   wm.obj
 0001:00005386       _WM_SetDefault             00406386 f   wm.obj
 0001:00005393       _WM_Exec1                  00406393 f   wm.obj
 0001:000054f0       _WM_Exec                   004064f0 f   wm.obj
 0001:0000550c       _WM_Activate               0040650c f   wm.obj
 0001:00005514       _WM_Deactivate             00406514 f   wm.obj
 0001:0000552b       _WM_Init                   0040652b f   wm.obj
 0001:000055cc       _WM_DefaultProc            004065cc f   wm.obj
 0001:0000565a       _WM__SendMessage           0040665a f   WM__SendMessage.obj
 0001:00005682       _WM_GetClientRect          00406682 f   WM_GetClientRect.obj
 0001:000056c4       _WM_GetParent              004066c4 f   WM_GetParent.obj
 0001:000056e8       _WM_HideWindow             004066e8 f   WM_Hide.obj
 0001:00005751       _WM_OnKey                  00406751 f   WM_OnKey.obj
 0001:0000579c       _WM_SendToParent           0040679c f   WM_SendToParent.obj
 0001:000057d0       _sprintf                   004067d0 f   libcmt:sprintf.obj
 0001:00005830       __CIsin                    00406830 f   libcmt:sin.obj
 0001:00005844       _sin                       00406844 f   libcmt:sin.obj
 0001:000058e0       __CIcos                    004068e0 f   libcmt:cos.obj
 0001:000058f4       _cos                       004068f4 f   libcmt:cos.obj
 0001:0000598e       __fpmath                   0040698e f   libcmt:fpinit.obj
 0001:000059a5       __cfltcvt_init             004069a5 f   libcmt:fpinit.obj
 0001:000059e0       __ftol                     004069e0 f   libcmt:ftol.obj
 0001:00005a10       _strlen                    00406a10 f   libcmt:strlen.obj
 0001:00005a90       _strncpy                   00406a90 f   libcmt:strncpy.obj
 0001:00005b90       _memset                    00406b90 f   libcmt:memset.obj
 0001:00005bf0       _memmove                   00406bf0 f   libcmt:memmove.obj
 0001:00005f25       _floor                     00406f25 f   libcmt:floor.obj
 0001:00005ff4       _ceil                      00406ff4 f   libcmt:ceil.obj
 0001:000060d0       __CIsqrt                   004070d0 f   libcmt:sqrt.obj
 0001:000060e4       _sqrt                      004070e4 f   libcmt:sqrt.obj
 0001:00006190       _memcpy                    00407190 f   libcmt:memcpy.obj
 0001:000064d0       _strcpy                    004074d0 f   libcmt:strcat.obj
 0001:000064e0       _strcat                    004074e0 f   libcmt:strcat.obj
 0001:000065c0       _strcmp                    004075c0 f   libcmt:strcmp.obj
 0001:00006644       _WinMainCRTStartup         00407644 f   libcmt:wincrt0.obj
 0001:0000674c       __amsg_exit                0040774c f   libcmt:wincrt0.obj
 0001:00006795       __flsbuf                   00407795 f   libcmt:_flsbuf.obj
 0001:000068ad       __output                   004078ad f   libcmt:output.obj
 0001:00007120       __trandisp1                00408120 f   libcmt:87disp.obj
 0001:00007187       __trandisp2                00408187 f   libcmt:87disp.obj
 0001:00007213       __rttospopde               00408213 f   libcmt:87disp.obj
 0001:00007218       __rttospop                 00408218 f   libcmt:87disp.obj
 0001:0000721a       __rtnospop                 0040821a f   libcmt:87disp.obj
 0001:0000721c       __rttosnpop                0040821c f   libcmt:87disp.obj
 0001:0000721d       __rtnospopde               0040821d f   libcmt:87disp.obj
 0001:00007224       __rtzeropop                00408224 f   libcmt:87disp.obj
 0001:00007226       __rtzeronpop               00408226 f   libcmt:87disp.obj
 0001:0000722b       __rtonepop                 0040822b f   libcmt:87disp.obj
 0001:0000722d       __rtonenpop                0040822d f   libcmt:87disp.obj
 0001:00007232       __tosnan1                  00408232 f   libcmt:87disp.obj
 0001:0000725d       __nosnan2                  0040825d f   libcmt:87disp.obj
 0001:0000725f       __tosnan2                  0040825f f   libcmt:87disp.obj
 0001:00007287       __nan2                     00408287 f   libcmt:87disp.obj
 0001:000072c6       __rtindfpop                004082c6 f   libcmt:87disp.obj
 0001:000072c8       __rtindfnpop               004082c8 f   libcmt:87disp.obj
 0001:000072d9       __rttosnpopde              004082d9 f   libcmt:87disp.obj
 0001:000072e3       __rtchsifneg               004082e3 f   libcmt:87disp.obj
 0001:000072f0       __twoToTOS                 004082f0 f   libcmt:common.obj
 0001:00007305       __load_CW                  00408305 f   libcmt:common.obj
 0001:0000731c       __convertTOStoQNaN         0040831c f   libcmt:common.obj
 0001:00007335       __fload_withFB             00408335 f   libcmt:common.obj
 0001:00007378       __checkTOS_withFB          00408378 f   libcmt:common.obj
 0001:0000738e       __fast_exit                0040838e f   libcmt:common.obj
 0001:0000739b       __math_exit                0040839b f   libcmt:common.obj
 0001:000073c5       __check_overflow_exit      004083c5 f   libcmt:common.obj
 0001:000073d9       __check_range_exit         004083d9 f   libcmt:common.obj
 0001:00007480       __startTwoArgErrorHandling 00408480 f   libcmt:genexcep.obj
 0001:00007497       __startOneArgErrorHandling 00408497 f   libcmt:genexcep.obj
 0001:000074d3       __setdefaultprecision      004084d3 f   libcmt:fp8.obj
 0001:000074e5       __ms_p5_test_fdiv          004084e5 f   libcmt:testfdiv.obj
 0001:00007523       __ms_p5_mp_test_fdiv       00408523 f   libcmt:testfdiv.obj
 0001:0000754c       __forcdecpt                0040854c f   libcmt:cvt.obj
 0001:000075a6       __cropzeros                004085a6 f   libcmt:cvt.obj
 0001:000075f4       __positive                 004085f4 f   libcmt:cvt.obj
 0001:0000760c       __fassign                  0040860c f   libcmt:cvt.obj
 0001:0000764a       __cftoe                    0040864a f   libcmt:cvt.obj
 0001:0000776d       __cftof                    0040876d f   libcmt:cvt.obj
 0001:00007869       __cftog                    00408869 f   libcmt:cvt.obj
 0001:000078fc       __cfltcvt                  004088fc f   libcmt:cvt.obj
 0001:00007972       __handle_qnan1             00408972 f   libcmt:fpexcept.obj
 0001:000079c6       __except1                  004089c6 f   libcmt:fpexcept.obj
 0001:00007a5e       __raise_exc                00408a5e f   libcmt:fpexcept.obj
 0001:00007d11       __handle_exc               00408d11 f   libcmt:fpexcept.obj
 0001:00007f28       __umatherr                 00408f28 f   libcmt:fpexcept.obj
 0001:00007fb0       __set_errno                00408fb0 f   libcmt:fpexcept.obj
 0001:00007ffd       __errcode                  00408ffd f   libcmt:fpexcept.obj
 0001:0000802a       __frnd                     0040902a f   libcmt:frnd.obj
 0001:0000803c       __set_exp                  0040903c f   libcmt:util.obj
 0001:00008065       __sptype                   00409065 f   libcmt:util.obj
 0001:000080bf       __decomp                   004090bf f   libcmt:util.obj
 0001:00008180       __statfp                   00409180 f   libcmt:fpctrl.obj
 0001:0000818e       __clrfp                    0040918e f   libcmt:fpctrl.obj
 0001:0000819d       __ctrlfp                   0040919d f   libcmt:fpctrl.obj
 0001:000081c0       __set_statfp               004091c0 f   libcmt:fpctrl.obj
 0001:00008216       __cinit                    00409216 f   libcmt:crt0dat.obj
 0001:00008243       _exit                      00409243 f   libcmt:crt0dat.obj
 0001:00008254       __exit                     00409254 f   libcmt:crt0dat.obj
 0001:0000830a       __lockexit                 0040930a f   libcmt:crt0dat.obj
 0001:00008313       __unlockexit               00409313 f   libcmt:crt0dat.obj
 0001:00008336       __XcptFilter               00409336 f   libcmt:winxfltr.obj
 0001:000084ae       __wincmdln                 004094ae f   libcmt:wincmdln.obj
 0001:00008506       __setenvp                  00409506 f   libcmt:stdenvp.obj
 0001:000085bf       __setargv                  004095bf f   libcmt:stdargv.obj
 0001:0000880c       ___crtGetEnvironmentStringsA 0040980c f   libcmt:a_env.obj
 0001:0000893e       __ioinit                   0040993e f   libcmt:ioinit.obj
 0001:00008afa       __mtinit                   00409afa f   libcmt:tidtable.obj
 0001:00008b4e       __initptd                  00409b4e f   libcmt:tidtable.obj
 0001:00008b61       __getptd                   00409b61 f   libcmt:tidtable.obj
 0001:00008bc8       __GetLinkerVersion         00409bc8 f   libcmt:heapinit.obj
 0001:00008bf5       ___heap_select             00409bf5 f   libcmt:heapinit.obj
 0001:00008d3d       __heap_init                00409d3d f   libcmt:heapinit.obj
 0001:00008d9c       __global_unwind2           00409d9c f   libcmt:exsup.obj
 0001:00008dde       __local_unwind2            00409dde f   libcmt:exsup.obj
 0001:00008e36       __NLG_Return2              00409e36 f   libcmt:exsup.obj
 0001:00008e46       __abnormal_termination     00409e46 f   libcmt:exsup.obj
 0001:00008e69       __NLG_Notify1              00409e69 f   libcmt:exsup.obj
 0001:00008e72       __NLG_Notify               00409e72 f   libcmt:exsup.obj
 0001:00008e85       __NLG_Dispatch             00409e85 f   libcmt:exsup.obj
 0001:00008e94       __except_handler3          00409e94 f   libcmt:exsup3.obj
 0001:00008f51       __seh_longjmp_unwind@4     00409f51 f   libcmt:exsup3.obj
 0001:00008f6c       __FF_MSGBANNER             00409f6c f   libcmt:crt0msg.obj
 0001:00008fa5       __NMSG_WRITE               00409fa5 f   libcmt:crt0msg.obj
 0001:000090f8       __lseek                    0040a0f8 f   libcmt:lseek.obj
 0001:0000915d       __lseek_lk                 0040a15d f   libcmt:lseek.obj
 0001:000091d0       __write                    0040a1d0 f   libcmt:write.obj
 0001:00009235       __write_lk                 0040a235 f   libcmt:write.obj
 0001:000093c0       __getbuf                   0040a3c0 f   libcmt:_getbuf.obj
 0001:00009404       __isatty                   0040a404 f   libcmt:isatty.obj
 0001:0000942d       ___initstdio               0040a42d f   libcmt:_file.obj
 0001:000094d5       ___endstdio                0040a4d5 f   libcmt:_file.obj
 0001:000094e9       __lock_file                0040a4e9 f   libcmt:_file.obj
 0001:00009518       __lock_file2               0040a518 f   libcmt:_file.obj
 0001:0000953b       __unlock_file              0040a53b f   libcmt:_file.obj
 0001:0000956a       __unlock_file2             0040a56a f   libcmt:_file.obj
 0001:0000958d       _free                      0040a58d f   libcmt:free.obj
 0001:00009676       _malloc                    0040a676 f   libcmt:malloc.obj
 0001:00009688       __nh_malloc                0040a688 f   libcmt:malloc.obj
 0001:000096b4       __heap_alloc               0040a6b4 f   libcmt:malloc.obj
 0001:000097b0       _wctomb                    0040a7b0 f   libcmt:wctomb.obj
 0001:00009809       __wctomb_lk                0040a809 f   libcmt:wctomb.obj
 0001:00009880       __aulldiv                  0040a880 f   libcmt:ulldiv.obj
 0001:000098f0       __aullrem                  0040a8f0 f   libcmt:ullrem.obj
 0001:00009965       __87except                 0040a965 f   libcmt:87except.obj
 0001:00009a35       __control87                0040aa35 f   libcmt:ieee87.obj
 0001:00009a6a       __controlfp                0040aa6a f   libcmt:ieee87.obj
 0001:00009b9b       __isctype                  0040ab9b f   libcmt:isctype.obj
 0001:00009c10       _tolower                   0040ac10 f   libcmt:tolower.obj
 0001:00009c7f       __tolower_lk               0040ac7f f   libcmt:tolower.obj
 0001:00009d4a       __ZeroTail                 0040ad4a f   libcmt:intrncvt.obj
 0001:00009d93       __IncMan                   0040ad93 f   libcmt:intrncvt.obj
 0001:00009de9       __RoundMan                 0040ade9 f   libcmt:intrncvt.obj
 0001:00009e75       __CopyMan                  0040ae75 f   libcmt:intrncvt.obj
 0001:00009e90       __FillZeroMan              0040ae90 f   libcmt:intrncvt.obj
 0001:00009e9c       __IsZeroMan                0040ae9c f   libcmt:intrncvt.obj
 0001:00009eb7       __ShrMan                   0040aeb7 f   libcmt:intrncvt.obj
 0001:00009f44       __ld12cvt                  0040af44 f   libcmt:intrncvt.obj
 0001:0000a0b0       __ld12tod                  0040b0b0 f   libcmt:intrncvt.obj
 0001:0000a0c6       __ld12tof                  0040b0c6 f   libcmt:intrncvt.obj
 0001:0000a0dc       __atodbl                   0040b0dc f   libcmt:intrncvt.obj
 0001:0000a109       __atoflt                   0040b109 f   libcmt:intrncvt.obj
 0001:0000a136       __fptostr                  0040b136 f   libcmt:_fptostr.obj
 0001:0000a1ad       __fltout2                  0040b1ad f   libcmt:cfout.obj
 0001:0000a209       ___dtold                   0040b209 f   libcmt:cfout.obj
 0001:0000a2bf       __fptrap                   0040b2bf f   libcmt:crt0fp.obj
 0001:0000a2c8       __dosmaperr                0040b2c8 f   libcmt:dosmap.obj
 0001:0000a33b       __errno                    0040b33b f   libcmt:dosmap.obj
 0001:0000a344       ___doserrno                0040b344 f   libcmt:dosmap.obj
 0001:0000a34d       __mtinitlocks              0040b34d f   libcmt:mlock.obj
 0001:0000a376       __lock                     0040b376 f   libcmt:mlock.obj
 0001:0000a3d7       __unlock                   0040b3d7 f   libcmt:mlock.obj
 0001:0000a3ec       __ismbblead                0040b3ec f   libcmt:ismbbyte.obj
 0001:0000a42e       __setmbcp                  0040b42e f   libcmt:mbctype.obj
 0001:0000a806       ___initmbctable            0040b806 f   libcmt:mbctype.obj
 0001:0000a822       _calloc                    0040b822 f   libcmt:calloc.obj
 0001:0000a95f       _strtol                    0040b95f f   libcmt:strtol.obj
 0001:0000ab90       _strchr                    0040bb90 f   libcmt:strchr.obj
 0001:0000ab96       ___from_strstr_to_strchr   0040bb96 f   libcmt:strchr.obj
 0001:0000ac50       _strstr                    0040bc50 f   libcmt:strstr.obj
 0001:0000acd0       _strncmp                   0040bcd0 f   libcmt:strncmp.obj
 0001:0000ad10       __chkstk                   0040bd10 f   libcmt:chkstk.obj
 0001:0000ad10       __alloca_probe             0040bd10 f   libcmt:chkstk.obj
 0001:0000ad3f       ___sbh_heap_init           0040bd3f f   libcmt:sbheap.obj
 0001:0000ad87       ___sbh_find_block          0040bd87 f   libcmt:sbheap.obj
 0001:0000adb2       ___sbh_free_block          0040bdb2 f   libcmt:sbheap.obj
 0001:0000b0db       ___sbh_alloc_block         0040c0db f   libcmt:sbheap.obj
 0001:0000b3e4       ___sbh_alloc_new_region    0040c3e4 f   libcmt:sbheap.obj
 0001:0000b495       ___sbh_alloc_new_group     0040c495 f   libcmt:sbheap.obj
 0001:0000b590       ___sbh_resize_block        0040c590 f   libcmt:sbheap.obj
 0001:0000b886       ___old_sbh_new_region      0040c886 f   libcmt:sbheap.obj
 0001:0000b9ca       ___old_sbh_release_region  0040c9ca f   libcmt:sbheap.obj
 0001:0000ba20       ___old_sbh_decommit_pages  0040ca20 f   libcmt:sbheap.obj
 0001:0000bae2       ___old_sbh_find_block      0040cae2 f   libcmt:sbheap.obj
 0001:0000bb39       ___old_sbh_free_block      0040cb39 f   libcmt:sbheap.obj
 0001:0000bb7e       ___old_sbh_alloc_block     0040cb7e f   libcmt:sbheap.obj
 0001:0000bd86       ___old_sbh_alloc_block_from_page 0040cd86 f   libcmt:sbheap.obj
 0001:0000beaa       ___old_sbh_resize_block    0040ceaa f   libcmt:sbheap.obj
 0001:0000bf53       ___crtMessageBoxA          0040cf53 f   libcmt:crtmbox.obj
 0001:0000bfdc       __free_osfhnd              0040cfdc f   libcmt:osfinfo.obj
 0001:0000c05b       __get_osfhandle            0040d05b f   libcmt:osfinfo.obj
 0001:0000c09d       __lock_fhandle             0040d09d f   libcmt:osfinfo.obj
 0001:0000c0fc       __unlock_fhandle           0040d0fc f   libcmt:osfinfo.obj
 0001:0000c11e       __fcloseall                0040d11e f   libcmt:closeall.obj
 0001:0000c19f       __fflush_lk                0040d19f f   libcmt:fflush.obj
 0001:0000c1cd       __flush                    0040d1cd f   libcmt:fflush.obj
 0001:0000c229       __flushall                 0040d229 f   libcmt:fflush.obj
 0001:0000c2d6       __callnewh                 0040d2d6 f   libcmt:handler.obj
 0001:0000c2f1       ___crtGetStringTypeA       0040d2f1 f   libcmt:a_str.obj
 0001:0000c43a       ___crtLCMapStringA         0040d43a f   libcmt:a_map.obj
 0001:0000c689       ___addl                    0040d689 f   libcmt:mantold.obj
 0001:0000c6aa       ___add_12                  0040d6aa f   libcmt:mantold.obj
 0001:0000c708       ___shl_12                  0040d708 f   libcmt:mantold.obj
 0001:0000c736       ___shr_12                  0040d736 f   libcmt:mantold.obj
 0001:0000c763       ___mtold12                 0040d763 f   libcmt:mantold.obj
 0001:0000c82a       ___strgtold12              0040d82a f   libcmt:strgtold.obj
 0001:0000ccfb       _$I10_OUTPUT               0040dcfb f   libcmt:x10fout.obj
 0001:0000cf8e       _toupper                   0040df8e f   libcmt:toupper.obj
 0001:0000cffd       __toupper_lk               0040dffd f   libcmt:toupper.obj
 0001:0000d0c9       _fclose                    0040e0c9 f   libcmt:fclose.obj
 0001:0000d0fa       __fclose_lk                0040e0fa f   libcmt:fclose.obj
 0001:0000d146       __commit                   0040e146 f   libcmt:commit.obj
 0001:0000d1e0       _strcspn                   0040e1e0 f   libcmt:strcspn.obj
 0001:0000d220       _strpbrk                   0040e220 f   libcmt:strpbrk.obj
 0001:0000d25a       ___ld12mul                 0040e25a f   libcmt:tenpow.obj
 0001:0000d47a       ___multtenpow12            0040e47a f   libcmt:tenpow.obj
 0001:0000d4f6       __close                    0040e4f6 f   libcmt:close.obj
 0001:0000d553       __close_lk                 0040e553 f   libcmt:close.obj
 0001:0000d5d6       __freebuf                  0040e5d6 f   libcmt:_freebuf.obj
 0001:0000d610       __stricmp                  0040e610 f   libcmt:stricmp.obj
 0001:0000d610       __strcmpi                  0040e610 f   libcmt:stricmp.obj
 0001:0000d6e0       __strnicmp                 0040e6e0 f   libcmt:strnicmp.obj
 0001:0000d7f0       __allmul                   0040e7f0 f   libcmt:llmul.obj
 0001:0000d824       _realloc                   0040e824 f   libcmt:realloc.obj
 0001:0000db53       _GUI_X_GetTime             0040eb53 f   GUISim:GUI_X_Sim.OBJ
 0001:0000db58       _GUI_X_Delay               0040eb58 f   GUISim:GUI_X_Sim.OBJ
 0001:0000db63       _GUI_X_InitOS              0040eb63 f   GUISim:GUI_X_Sim.OBJ
 0001:0000db78       _GUI_X_GetTaskId           0040eb78 f   GUISim:GUI_X_Sim.OBJ
 0001:0000db7e       _GUI_X_Lock                0040eb7e f   GUISim:GUI_X_Sim.OBJ
 0001:0000dba7       _GUI_X_Unlock              0040eba7 f   GUISim:GUI_X_Sim.OBJ
 0001:0000dbba       _GUI_X_Warn                0040ebba f   GUISim:GUI_X_Sim.OBJ
 0001:0000dbc5       _GUI_X_ErrorOut            0040ebc5 f   GUISim:GUI_X_Sim.OBJ
 0001:0000dbd0       _LCDSIM_Init               0040ebd0 f   GUISim:LCDSIM.OBJ
 0001:0000dd7a       _LCDSIM_PaintEx            0040ed7a f   GUISim:LCDSIM.OBJ
 0001:0000de8d       _LCDSIM_PaintAt            0040ee8d f   GUISim:LCDSIM.OBJ
 0001:0000dee2       _LCDSIM_Paint              0040eee2 f   GUISim:LCDSIM.OBJ
 0001:0000def3       _LCDSIM_GetModifyCnt       0040eef3 f   GUISim:LCDSIM.OBJ
 0001:0000def9       _LCDSIM_GetModifyCntInfo   0040eef9 f   GUISim:LCDSIM.OBJ
 0001:0000deff       _LCDSIM_Index2Color        0040eeff f   GUISim:LCDSIM.OBJ
 0001:0000df42       _LCDSIM_SetPixelIndex      0040ef42 f   GUISim:LCDSIM.OBJ
 0001:0000e110       _LCDSIM_GetPixelIndex      0040f110 f   GUISim:LCDSIM.OBJ
 0001:0000e1db       _LCDSIM_GetPixelColor      0040f1db f   GUISim:LCDSIM.OBJ
 0001:0000e215       _LCDSIM_SetLUTEntry        0040f215 f   GUISim:LCDSIM.OBJ
 0001:0000e26f       _LCDSIM_SetMouseState      0040f26f f   GUISim:LCDSIM.OBJ
 0001:0000e2b6       __HandleKeyEvents          0040f2b6 f   GUISim:WinMain.OBJ
 0001:0000e371       _SIM_GetTime               0040f371 f   GUISim:WinMain.OBJ
 0001:0000e37e       _SIM_Delay                 0040f37e f   GUISim:WinMain.OBJ
 0001:0000e50e       _SIM_Warn                  0040f50e f   GUISim:WinMain.OBJ
 0001:0000e542       _SIM_ErrorOut              0040f542 f   GUISim:WinMain.OBJ
 0001:0000e60d       _WinMain@16                0040f60d f   GUISim:WinMain.OBJ
 0001:0001040e       _BRANDING_GetCopyright     0041140e f   GUISim:Branding.OBJ
 0001:00010414       _BRANDING_GetAppNameShort  00411414 f   GUISim:Branding.OBJ
 0001:0001041a       _BRANDING_GetAppNameLong   0041141a f   GUISim:Branding.OBJ
 0001:00010420       _LCDSIM_1_Init             00411420 f   GUISim:LCDSIM_1.OBJ
 0001:00010606       _LCDSIM_1_PaintEx          00411606 f   GUISim:LCDSIM_1.OBJ
 0001:00010718       _LCDSIM_1_PaintAt          00411718 f   GUISim:LCDSIM_1.OBJ
 0001:0001076d       _LCDSIM_1_Paint            0041176d f   GUISim:LCDSIM_1.OBJ
 0001:0001077e       _LCDSIM_1_GetModifyCnt     0041177e f   GUISim:LCDSIM_1.OBJ
 0001:00010784       _LCDSIM_1_SetLUTEntry      00411784 f   GUISim:LCDSIM_1.OBJ
 0001:000108a4       _RtlUnwind@16              004118a4 f   kernel32:KERNEL32.dll
 0001:000108aa       __onexit                   004118aa f   libcmt:onexit.obj
 0001:00010928       _atexit                    00411928 f   libcmt:onexit.obj
 0001:0001093a       ___onexitinit              0041193a f   libcmt:onexit.obj
 0001:00010970       _exp                       00411970 f   libcmt:87ctran.obj
 0001:0001097a       __CIexp                    0041197a f   libcmt:87ctran.obj
 0001:00010990       __CIlog                    00411990 f   libcmt:log.obj
 0001:000109a4       _log                       004119a4 f   libcmt:log.obj
 0001:00010a5c       __msize                    00411a5c f   libcmt:msize.obj
 0001:00010b61       __fFEXP                    00411b61 f   libcmt:87tran.obj
 0001:00010bc8       __rtinfpopse               00411bc8 f   libcmt:87tran.obj
 0001:00010bca       __rtinfnpopse              00411bca f   libcmt:87tran.obj
 0001:00010bda       __fFLN                     00411bda f   libcmt:87tran.obj
 0001:00010c8f       __rtinfpop                 00411c8f f   libcmt:87tran.obj
 0001:00010c91       __rtinfnpop                00411c91 f   libcmt:87tran.obj
 0001:00010cae       __ffexpm1                  00411cae f   libcmt:87tran.obj
 0001:00010d60       __cintrindisp2             00411d60 f   libcmt:87cdisp.obj
 0001:00010d9e       __cintrindisp1             00411d9e f   libcmt:87cdisp.obj
 0001:00010ddb       __ctrandisp2               00411ddb f   libcmt:87cdisp.obj
 0001:00010f5b       __ctrandisp1               00411f5b f   libcmt:87cdisp.obj
 0001:00010f8e       __fload                    00411f8e f   libcmt:87cdisp.obj
 0001:00010fca       __powhlp                   00411fca f   libcmt:powhlp.obj
 0001:000110fa       __d_inttype                004120fa f   libcmt:powhlp.obj
 0001:00011160       _fdiv_main_routine         00412160 f   libcmt:adj_fdiv.obj
 0001:00011277       __adj_fdiv_r               00412277 f   libcmt:adj_fdiv.obj
 0001:00011716       __fdivp_sti_st             00412716 f   libcmt:adj_fdiv.obj
 0001:00011729       __fdivrp_sti_st            00412729 f   libcmt:adj_fdiv.obj
 0001:0001173c       __adj_fdiv_m32             0041273c f   libcmt:adj_fdiv.obj
 0001:00011788       __adj_fdiv_m64             00412788 f   libcmt:adj_fdiv.obj
 0001:000117d4       __adj_fdiv_m16i            004127d4 f   libcmt:adj_fdiv.obj
 0001:00011808       __adj_fdiv_m32i            00412808 f   libcmt:adj_fdiv.obj
 0001:0001183c       __adj_fdivr_m32            0041283c f   libcmt:adj_fdiv.obj
 0001:00011888       __adj_fdivr_m64            00412888 f   libcmt:adj_fdiv.obj
 0001:000118d4       __adj_fdivr_m16i           004128d4 f   libcmt:adj_fdiv.obj
 0001:00011908       __adj_fdivr_m32i           00412908 f   libcmt:adj_fdiv.obj
 0001:0001193c       __safe_fdiv                0041293c f   libcmt:adj_fdiv.obj
 0001:00011951       __safe_fdivr               00412951 f   libcmt:adj_fdiv.obj
 0001:00011966       __fprem_common             00412966 f   libcmt:adj_fdiv.obj
 0001:00011b6c       __adj_fprem                00412b6c f   libcmt:adj_fdiv.obj
 0001:00011c1e       __fprem1_common            00412c1e f   libcmt:adj_fdiv.obj
 0001:00011e24       __adj_fprem1               00412e24 f   libcmt:adj_fdiv.obj
 0001:00011ed9       __safe_fprem               00412ed9 f   libcmt:adj_fdiv.obj
 0001:00011edf       __safe_fprem1              00412edf f   libcmt:adj_fdiv.obj
 0001:00011ee5       __adj_fpatan               00412ee5 f   libcmt:adj_fdiv.obj
 0001:00011ee8       __adj_fptan                00412ee8 f   libcmt:adj_fdiv.obj
 0001:00011eeb       __fpclass                  00412eeb f   libcmt:ieeemisc.obj
 0002:00000000       __imp__StretchDIBits@52    00413000     gdi32:GDI32.dll
 0002:00000004       __imp__SetStretchBltMode@8 00413004     gdi32:GDI32.dll
 0002:00000008       __imp__DeleteObject@4      00413008     gdi32:GDI32.dll
 0002:0000000c       __imp__GetObjectA@12       0041300c     gdi32:GDI32.dll
 0002:00000010       __imp__SetTextColor@8      00413010     gdi32:GDI32.dll
 0002:00000014       __imp__GetTextExtentPoint32A@16 00413014     gdi32:GDI32.dll
 0002:00000018       __imp__SelectObject@8      00413018     gdi32:GDI32.dll
 0002:0000001c       __imp__GetStockObject@4    0041301c     gdi32:GDI32.dll
 0002:00000020       __imp__DeleteDC@4          00413020     gdi32:GDI32.dll
 0002:00000024       __imp__BitBlt@36           00413024     gdi32:GDI32.dll
 0002:00000028       __imp__CreateCompatibleDC@4 00413028     gdi32:GDI32.dll
 0002:0000002c       __imp__CombineRgn@16       0041302c     gdi32:GDI32.dll
 0002:00000030       __imp__CreateRectRgn@16    00413030     gdi32:GDI32.dll
 0002:00000034       __imp__GetDIBits@28        00413034     gdi32:GDI32.dll
 0002:00000038       __imp__Rectangle@20        00413038     gdi32:GDI32.dll
 0002:0000003c       __imp__CreateSolidBrush@4  0041303c     gdi32:GDI32.dll
 0002:00000040       __imp__SetDIBitsToDevice@48 00413040     gdi32:GDI32.dll
 0002:00000044       \177GDI32_NULL_THUNK_DATA  00413044     gdi32:GDI32.dll
 0002:00000048       __imp__SetHandleCount@4    00413048     kernel32:KERNEL32.dll
 0002:0000004c       __imp__GetStdHandle@4      0041304c     kernel32:KERNEL32.dll
 0002:00000050       __imp__GetFileType@4       00413050     kernel32:KERNEL32.dll
 0002:00000054       __imp__DeleteCriticalSection@4 00413054     kernel32:KERNEL32.dll
 0002:00000058       __imp__GetCurrentThreadId@0 00413058     kernel32:KERNEL32.dll
 0002:0000005c       __imp__TlsSetValue@8       0041305c     kernel32:KERNEL32.dll
 0002:00000060       __imp__TlsAlloc@0          00413060     kernel32:KERNEL32.dll
 0002:00000064       __imp__SetLastError@4      00413064     kernel32:KERNEL32.dll
 0002:00000068       __imp__TlsGetValue@4       00413068     kernel32:KERNEL32.dll
 0002:0000006c       __imp__GetLastError@0      0041306c     kernel32:KERNEL32.dll
 0002:00000070       __imp__GetEnvironmentVariableA@12 00413070     kernel32:KERNEL32.dll
 0002:00000074       __imp__GetVersionExA@4     00413074     kernel32:KERNEL32.dll
 0002:00000078       __imp__HeapDestroy@4       00413078     kernel32:KERNEL32.dll
 0002:0000007c       __imp__HeapCreate@12       0041307c     kernel32:KERNEL32.dll
 0002:00000080       __imp__VirtualFree@12      00413080     kernel32:KERNEL32.dll
 0002:00000084       __imp__HeapFree@12         00413084     kernel32:KERNEL32.dll
 0002:00000088       __imp__RtlUnwind@16        00413088     kernel32:KERNEL32.dll
 0002:0000008c       __imp__WriteFile@20        0041308c     kernel32:KERNEL32.dll
 0002:00000090       __imp__SetFilePointer@16   00413090     kernel32:KERNEL32.dll
 0002:00000094       __imp__EnterCriticalSection@4 00413094     kernel32:KERNEL32.dll
 0002:00000098       __imp__LeaveCriticalSection@4 00413098     kernel32:KERNEL32.dll
 0002:0000009c       __imp__HeapAlloc@12        0041309c     kernel32:KERNEL32.dll
 0002:000000a0       __imp__InterlockedDecrement@4 004130a0     kernel32:KERNEL32.dll
 0002:000000a4       __imp__InterlockedIncrement@4 004130a4     kernel32:KERNEL32.dll
 0002:000000a8       __imp__InitializeCriticalSection@4 004130a8     kernel32:KERNEL32.dll
 0002:000000ac       __imp__GetCPInfo@8         004130ac     kernel32:KERNEL32.dll
 0002:000000b0       __imp__GetACP@0            004130b0     kernel32:KERNEL32.dll
 0002:000000b4       __imp__GetOEMCP@0          004130b4     kernel32:KERNEL32.dll
 0002:000000b8       __imp__VirtualAlloc@16     004130b8     kernel32:KERNEL32.dll
 0002:000000bc       __imp__HeapReAlloc@16      004130bc     kernel32:KERNEL32.dll
 0002:000000c0       __imp__LoadLibraryA@4      004130c0     kernel32:KERNEL32.dll
 0002:000000c4       __imp__GetEnvironmentStringsW@0 004130c4     kernel32:KERNEL32.dll
 0002:000000c8       __imp__Sleep@4             004130c8     kernel32:KERNEL32.dll
 0002:000000cc       __imp__MultiByteToWideChar@24 004130cc     kernel32:KERNEL32.dll
 0002:000000d0       __imp__GetStringTypeA@20   004130d0     kernel32:KERNEL32.dll
 0002:000000d4       __imp__GetStringTypeW@16   004130d4     kernel32:KERNEL32.dll
 0002:000000d8       __imp__LCMapStringA@24     004130d8     kernel32:KERNEL32.dll
 0002:000000dc       __imp__LCMapStringW@24     004130dc     kernel32:KERNEL32.dll
 0002:000000e0       __imp__FlushFileBuffers@4  004130e0     kernel32:KERNEL32.dll
 0002:000000e4       __imp__CloseHandle@4       004130e4     kernel32:KERNEL32.dll
 0002:000000e8       __imp__CreateMutexA@12     004130e8     kernel32:KERNEL32.dll
 0002:000000ec       __imp__WaitForSingleObject@8 004130ec     kernel32:KERNEL32.dll
 0002:000000f0       __imp__ReleaseMutex@4      004130f0     kernel32:KERNEL32.dll
 0002:000000f4       __imp__MapViewOfFile@20    004130f4     kernel32:KERNEL32.dll
 0002:000000f8       __imp__CreateFileMappingA@24 004130f8     kernel32:KERNEL32.dll
 0002:000000fc       __imp__ExitThread@4        004130fc     kernel32:KERNEL32.dll
 0002:00000100       __imp__SetThreadPriority@8 00413100     kernel32:KERNEL32.dll
 0002:00000104       __imp__OutputDebugStringA@4 00413104     kernel32:KERNEL32.dll
 0002:00000108       __imp__HeapSize@12         00413108     kernel32:KERNEL32.dll
 0002:0000010c       __imp__CreateThread@24     0041310c     kernel32:KERNEL32.dll
 0002:00000110       __imp__ResumeThread@4      00413110     kernel32:KERNEL32.dll
 0002:00000114       __imp__TerminateThread@8   00413114     kernel32:KERNEL32.dll
 0002:00000118       __imp__GlobalUnlock@4      00413118     kernel32:KERNEL32.dll
 0002:0000011c       __imp__GlobalLock@4        0041311c     kernel32:KERNEL32.dll
 0002:00000120       __imp__GlobalAlloc@8       00413120     kernel32:KERNEL32.dll
 0002:00000124       __imp__SuspendThread@4     00413124     kernel32:KERNEL32.dll
 0002:00000128       __imp__GetEnvironmentStrings@0 00413128     kernel32:KERNEL32.dll
 0002:0000012c       __imp__WideCharToMultiByte@32 0041312c     kernel32:KERNEL32.dll
 0002:00000130       __imp__FreeEnvironmentStringsW@4 00413130     kernel32:KERNEL32.dll
 0002:00000134       __imp__FreeEnvironmentStringsA@4 00413134     kernel32:KERNEL32.dll
 0002:00000138       __imp__GetModuleFileNameA@12 00413138     kernel32:KERNEL32.dll
 0002:0000013c       __imp__UnhandledExceptionFilter@4 0041313c     kernel32:KERNEL32.dll
 0002:00000140       __imp__GetCurrentProcess@0 00413140     kernel32:KERNEL32.dll
 0002:00000144       __imp__TerminateProcess@8  00413144     kernel32:KERNEL32.dll
 0002:00000148       __imp__RaiseException@16   00413148     kernel32:KERNEL32.dll
 0002:0000014c       __imp__GetProcAddress@8    0041314c     kernel32:KERNEL32.dll
 0002:00000150       __imp__ExitProcess@4       00413150     kernel32:KERNEL32.dll
 0002:00000154       __imp__GetVersion@0        00413154     kernel32:KERNEL32.dll
 0002:00000158       __imp__GetCommandLineA@0   00413158     kernel32:KERNEL32.dll
 0002:0000015c       __imp__GetStartupInfoA@4   0041315c     kernel32:KERNEL32.dll
 0002:00000160       __imp__GetModuleHandleA@4  00413160     kernel32:KERNEL32.dll
 0002:00000164       __imp__SetStdHandle@8      00413164     kernel32:KERNEL32.dll
 0002:00000168       __imp__CreateFileA@28      00413168     kernel32:KERNEL32.dll
 0002:0000016c       \177KERNEL32_NULL_THUNK_DATA 0041316c     kernel32:KERNEL32.dll
 0002:00000170       __imp__LoadCursorA@8       00413170     user32:USER32.dll
 0002:00000174       __imp__EndPaint@8          00413174     user32:USER32.dll
 0002:00000178       __imp__BeginPaint@8        00413178     user32:USER32.dll
 0002:0000017c       __imp__DefWindowProcA@16   0041317c     user32:USER32.dll
 0002:00000180       __imp__DrawTextA@20        00413180     user32:USER32.dll
 0002:00000184       __imp__GetClientRect@8     00413184     user32:USER32.dll
 0002:00000188       __imp__LoadIconA@8         00413188     user32:USER32.dll
 0002:0000018c       __imp__SetTimer@16         0041318c     user32:USER32.dll
 0002:00000190       __imp__FillRect@12         00413190     user32:USER32.dll
 0002:00000194       __imp__PostQuitMessage@4   00413194     user32:USER32.dll
 0002:00000198       __imp__TrackPopupMenu@28   00413198     user32:USER32.dll
 0002:0000019c       __imp__ClientToScreen@8    0041319c     user32:USER32.dll
 0002:000001a0       __imp__wsprintfA           004131a0     user32:USER32.dll
 0002:000001a4       __imp__GetSystemMetrics@4  004131a4     user32:USER32.dll
 0002:000001a8       __imp__SetCapture@4        004131a8     user32:USER32.dll
 0002:000001ac       __imp__ReleaseCapture@0    004131ac     user32:USER32.dll
 0002:000001b0       __imp__MoveWindow@24       004131b0     user32:USER32.dll
 0002:000001b4       __imp__GetWindowRect@8     004131b4     user32:USER32.dll
 0002:000001b8       __imp__SetWindowLongA@12   004131b8     user32:USER32.dll
 0002:000001bc       __imp__SetWindowRgn@12     004131bc     user32:USER32.dll
 0002:000001c0       __imp__GetParent@4         004131c0     user32:USER32.dll
 0002:000001c4       __imp__GetWindowDC@4       004131c4     user32:USER32.dll
 0002:000001c8       __imp__DialogBoxParamA@20  004131c8     user32:USER32.dll
 0002:000001cc       __imp__CloseClipboard@0    004131cc     user32:USER32.dll
 0002:000001d0       __imp__SetClipboardData@8  004131d0     user32:USER32.dll
 0002:000001d4       __imp__EmptyClipboard@0    004131d4     user32:USER32.dll
 0002:000001d8       __imp__OpenClipboard@4     004131d8     user32:USER32.dll
 0002:000001dc       __imp__SetDlgItemTextA@12  004131dc     user32:USER32.dll
 0002:000001e0       __imp__SetWindowTextA@8    004131e0     user32:USER32.dll
 0002:000001e4       __imp__EndDialog@8         004131e4     user32:USER32.dll
 0002:000001e8       __imp__GetWindowLongA@8    004131e8     user32:USER32.dll
 0002:000001ec       __imp__KillTimer@8         004131ec     user32:USER32.dll
 0002:000001f0       __imp__EnableMenuItem@12   004131f0     user32:USER32.dll
 0002:000001f4       __imp__LoadBitmapA@8       004131f4     user32:USER32.dll
 0002:000001f8       __imp__SendMessageA@16     004131f8     user32:USER32.dll
 0002:000001fc       __imp__CopyAcceleratorTableA@12 004131fc     user32:USER32.dll
 0002:00000200       __imp__RegisterClassExA@4  00413200     user32:USER32.dll
 0002:00000204       __imp__LoadImageA@24       00413204     user32:USER32.dll
 0002:00000208       __imp__LoadMenuA@8         00413208     user32:USER32.dll
 0002:0000020c       __imp__GetSubMenu@8        0041320c     user32:USER32.dll
 0002:00000210       __imp__CreateWindowExA@48  00413210     user32:USER32.dll
 0002:00000214       __imp__ShowWindow@8        00413214     user32:USER32.dll
 0002:00000218       __imp__UpdateWindow@4      00413218     user32:USER32.dll
 0002:0000021c       __imp__LoadAcceleratorsA@8 0041321c     user32:USER32.dll
 0002:00000220       __imp__GetMessageA@16      00413220     user32:USER32.dll
 0002:00000224       __imp__TranslateMessage@4  00413224     user32:USER32.dll
 0002:00000228       __imp__DispatchMessageA@4  00413228     user32:USER32.dll
 0002:0000022c       __imp__DestroyWindow@4     0041322c     user32:USER32.dll
 0002:00000230       __imp__MessageBoxA@16      00413230     user32:USER32.dll
 0002:00000234       __imp__InvalidateRect@12   00413234     user32:USER32.dll
 0002:00000238       __imp__GetKeyboardState@4  00413238     user32:USER32.dll
 0002:0000023c       __imp__MapVirtualKeyA@8    0041323c     user32:USER32.dll
 0002:00000240       __imp__ToAscii@20          00413240     user32:USER32.dll
 0002:00000244       \177USER32_NULL_THUNK_DATA 00413244     user32:USER32.dll
 0002:00000248       __imp__timeGetTime@0       00413248     winmm:WINMM.dll
 0002:0000024c       \177WINMM_NULL_THUNK_DATA  0041324c     winmm:WINMM.dll
 0002:00000250       _aPoints                   00413250     main.obj
 0002:00000278       __real@8@4005fa00000000000000 00413278     main.obj
 0002:00000280       __real@8@4005f600000000000000 00413280     main.obj
 0002:00000288       __real@8@4006b400000000000000 00413288     main.obj
 0002:00000290       __real@8@4006a000000000000000 00413290     main.obj
 0002:00000298       __real@8@40068d00000000000000 00413298     main.obj
 0002:000002a0       __real@8@3ff98efa34e9a9c8c000 004132a0     main.obj
 0002:000002a8       _ColorsBitamp              004132a8     MicriumLogo.obj
 0002:000002b8       _PalBitamp                 004132b8     MicriumLogo.obj
 0002:000002c4       _acBitamp                  004132c4     MicriumLogo.obj
 0002:00000b88       _bmMicriumLogo             00413b88     MicriumLogo.obj
 0002:00000ba0       _ColorsMicriumLogo_1bpp    00413ba0     MicriumLogo_1bpp.obj
 0002:00000ba8       _PalMicriumLogo_1bpp       00413ba8     MicriumLogo_1bpp.obj
 0002:00000bb4       _acMicriumLogo_1bpp        00413bb4     MicriumLogo_1bpp.obj
 0002:000016d8       _bmMicriumLogo_1bpp        004146d8     MicriumLogo_1bpp.obj
 0002:00001710       _aTan                      00414710     gui2dlib.obj
 0002:00001734       _GUI_Pow10                 00414734     GUI_AddDec.obj
 0002:00001770       _ColorsGUI_MouseArrow      00414770     GUI_MouseArrow.obj
 0002:00001780       _PalGUI_MouseArrow         00414780     GUI_MouseArrow.obj
 0002:0000178c       _acGUI_MouseArrow          0041478c     GUI_MouseArrow.obj
 0002:000017c8       _GUI_MouseArrow            004147c8     GUI_MouseArrow.obj
 0002:000017e0       _ColorsGUI_MouseNoDrop     004147e0     GUI_MouseNoDrop.obj
 0002:000017f0       _PalGUI_MouseNoDrop        004147f0     GUI_MouseNoDrop.obj
 0002:000017fc       _acGUI_MouseNoDrop         004147fc     GUI_MouseNoDrop.obj
 0002:00001860       _GUI_MouseNoDrop           00414860     GUI_MouseNoDrop.obj
 0002:00001878       __real@8@3ffe8000000000000000 00414878     guiarc.obj
 0002:00001880       __real@8@3fffc000000000000000 00414880     guiarc.obj
 0002:00001888       _LCD_HL_APIList            00414888     GUICore.obj
 0002:00001890       __real@4@00000000000000000000 00414890     GUIPolyE.obj
 0002:00001898       _LCD_L0_APIList            00414898     LCD_L0_Generic.obj
 0002:000018c8       _acFont8_1_160             004148c8     F08_1.obj
 0002:000018d0       _acFont8_1_161             004148d0     F08_1.obj
 0002:000018d8       _acFont8_1_162             004148d8     F08_1.obj
 0002:000018e0       _acFont8_1_163             004148e0     F08_1.obj
 0002:000018e8       _acFont8_1_164             004148e8     F08_1.obj
 0002:000018f0       _acFont8_1_165             004148f0     F08_1.obj
 0002:000018f8       _acFont8_1_166             004148f8     F08_1.obj
 0002:00001900       _acFont8_1_167             00414900     F08_1.obj
 0002:00001908       _acFont8_1_168             00414908     F08_1.obj
 0002:00001910       _acFont8_1_169             00414910     F08_1.obj
 0002:00001918       _acFont8_1_170             00414918     F08_1.obj
 0002:00001920       _acFont8_1_171             00414920     F08_1.obj
 0002:00001928       _acFont8_1_172             00414928     F08_1.obj
 0002:00001930       _acFont8_1_173             00414930     F08_1.obj
 0002:00001938       _acFont8_1_174             00414938     F08_1.obj
 0002:00001940       _acFont8_1_175             00414940     F08_1.obj
 0002:00001948       _acFont8_1_176             00414948     F08_1.obj
 0002:00001950       _acFont8_1_177             00414950     F08_1.obj
 0002:00001958       _acFont8_1_178             00414958     F08_1.obj
 0002:00001960       _acFont8_1_179             00414960     F08_1.obj
 0002:00001968       _acFont8_1_180             00414968     F08_1.obj
 0002:00001970       _acFont8_1_181             00414970     F08_1.obj
 0002:00001978       _acFont8_1_182             00414978     F08_1.obj
 0002:00001980       _acFont8_1_183             00414980     F08_1.obj
 0002:00001988       _acFont8_1_184             00414988     F08_1.obj
 0002:00001990       _acFont8_1_185             00414990     F08_1.obj
 0002:00001998       _acFont8_1_186             00414998     F08_1.obj
 0002:000019a0       _acFont8_1_187             004149a0     F08_1.obj
 0002:000019a8       _acFont8_1_188             004149a8     F08_1.obj
 0002:000019b0       _acFont8_1_189             004149b0     F08_1.obj
 0002:000019b8       _acFont8_1_190             004149b8     F08_1.obj
 0002:000019c0       _acFont8_1_191             004149c0     F08_1.obj
 0002:000019c8       _acFont8_1_192             004149c8     F08_1.obj
 0002:000019d0       _acFont8_1_193             004149d0     F08_1.obj
 0002:000019d8       _acFont8_1_194             004149d8     F08_1.obj
 0002:000019e0       _acFont8_1_195             004149e0     F08_1.obj
 0002:000019e8       _acFont8_1_196             004149e8     F08_1.obj
 0002:000019f0       _acFont8_1_197             004149f0     F08_1.obj
 0002:000019f8       _acFont8_1_198             004149f8     F08_1.obj
 0002:00001a00       _acFont8_1_199             00414a00     F08_1.obj
 0002:00001a08       _acFont8_1_200             00414a08     F08_1.obj
 0002:00001a10       _acFont8_1_201             00414a10     F08_1.obj
 0002:00001a18       _acFont8_1_202             00414a18     F08_1.obj
 0002:00001a20       _acFont8_1_203             00414a20     F08_1.obj
 0002:00001a28       _acFont8_1_204             00414a28     F08_1.obj
 0002:00001a30       _acFont8_1_205             00414a30     F08_1.obj
 0002:00001a38       _acFont8_1_206             00414a38     F08_1.obj
 0002:00001a40       _acFont8_1_207             00414a40     F08_1.obj
 0002:00001a48       _acFont8_1_208             00414a48     F08_1.obj
 0002:00001a50       _acFont8_1_209             00414a50     F08_1.obj
 0002:00001a58       _acFont8_1_210             00414a58     F08_1.obj
 0002:00001a60       _acFont8_1_211             00414a60     F08_1.obj
 0002:00001a68       _acFont8_1_212             00414a68     F08_1.obj
 0002:00001a70       _acFont8_1_213             00414a70     F08_1.obj
 0002:00001a78       _acFont8_1_214             00414a78     F08_1.obj
 0002:00001a80       _acFont8_1_215             00414a80     F08_1.obj
 0002:00001a88       _acFont8_1_216             00414a88     F08_1.obj
 0002:00001a90       _acFont8_1_217             00414a90     F08_1.obj
 0002:00001a98       _acFont8_1_218             00414a98     F08_1.obj
 0002:00001aa0       _acFont8_1_219             00414aa0     F08_1.obj
 0002:00001aa8       _acFont8_1_220             00414aa8     F08_1.obj
 0002:00001ab0       _acFont8_1_221             00414ab0     F08_1.obj
 0002:00001ab8       _acFont8_1_222             00414ab8     F08_1.obj
 0002:00001ac0       _acFont8_1_223             00414ac0     F08_1.obj
 0002:00001ac8       _acFont8_1_224             00414ac8     F08_1.obj
 0002:00001ad0       _acFont8_1_225             00414ad0     F08_1.obj
 0002:00001ad8       _acFont8_1_226             00414ad8     F08_1.obj
 0002:00001ae0       _acFont8_1_227             00414ae0     F08_1.obj
 0002:00001ae8       _acFont8_1_228             00414ae8     F08_1.obj
 0002:00001af0       _acFont8_1_229             00414af0     F08_1.obj
 0002:00001af8       _acFont8_1_230             00414af8     F08_1.obj
 0002:00001b08       _acFont8_1_231             00414b08     F08_1.obj
 0002:00001b10       _acFont8_1_232             00414b10     F08_1.obj
 0002:00001b18       _acFont8_1_233             00414b18     F08_1.obj
 0002:00001b20       _acFont8_1_234             00414b20     F08_1.obj
 0002:00001b28       _acFont8_1_235             00414b28     F08_1.obj
 0002:00001b30       _acFont8_1_236             00414b30     F08_1.obj
 0002:00001b38       _acFont8_1_237             00414b38     F08_1.obj
 0002:00001b40       _acFont8_1_238             00414b40     F08_1.obj
 0002:00001b48       _acFont8_1_239             00414b48     F08_1.obj
 0002:00001b50       _acFont8_1_240             00414b50     F08_1.obj
 0002:00001b58       _acFont8_1_241             00414b58     F08_1.obj
 0002:00001b60       _acFont8_1_242             00414b60     F08_1.obj
 0002:00001b68       _acFont8_1_243             00414b68     F08_1.obj
 0002:00001b70       _acFont8_1_244             00414b70     F08_1.obj
 0002:00001b78       _acFont8_1_245             00414b78     F08_1.obj
 0002:00001b80       _acFont8_1_246             00414b80     F08_1.obj
 0002:00001b88       _acFont8_1_247             00414b88     F08_1.obj
 0002:00001b90       _acFont8_1_248             00414b90     F08_1.obj
 0002:00001b98       _acFont8_1_249             00414b98     F08_1.obj
 0002:00001ba0       _acFont8_1_250             00414ba0     F08_1.obj
 0002:00001ba8       _acFont8_1_251             00414ba8     F08_1.obj
 0002:00001bb0       _acFont8_1_252             00414bb0     F08_1.obj
 0002:00001bb8       _acFont8_1_253             00414bb8     F08_1.obj
 0002:00001bc0       _acFont8_1_254             00414bc0     F08_1.obj
 0002:00001bc8       _acFont8_1_255             00414bc8     F08_1.obj
 0002:00001bd0       _Font8_1_CharInfo          00414bd0     F08_1.obj
 0002:00001ed0       _GUI_Font8_1_Prop          00414ed0     F08_1.obj
 0002:00001ee0       _GUI_Font8_1               00414ee0     F08_1.obj
 0002:00001f00       _acFont8ASCII              00414f00     F08_ASCII.obj
 0002:000021f8       _GUI_Font8_ASCII_CharInfo  004151f8     F08_ASCII.obj
 0002:000024f0       _GUI_Font8ASCII_Prop       004154f0     F08_ASCII.obj
 0002:00002500       _GUI_Font8_ASCII           00415500     F08_ASCII.obj
 0002:00002520       _acFont10_1_160            00415520     F10_1.obj
 0002:0000252c       _acFont10_1_161            0041552c     F10_1.obj
 0002:00002538       _acFont10_1_162            00415538     F10_1.obj
 0002:00002544       _acFont10_1_163            00415544     F10_1.obj
 0002:00002550       _acFont10_1_164            00415550     F10_1.obj
 0002:0000255c       _acFont10_1_165            0041555c     F10_1.obj
 0002:00002568       _acFont10_1_166            00415568     F10_1.obj
 0002:00002574       _acFont10_1_167            00415574     F10_1.obj
 0002:00002580       _acFont10_1_168            00415580     F10_1.obj
 0002:0000258c       _acFont10_1_169            0041558c     F10_1.obj
 0002:00002598       _acFont10_1_170            00415598     F10_1.obj
 0002:000025a4       _acFont10_1_171            004155a4     F10_1.obj
 0002:000025b0       _acFont10_1_172            004155b0     F10_1.obj
 0002:000025bc       _acFont10_1_173            004155bc     F10_1.obj
 0002:000025c8       _acFont10_1_174            004155c8     F10_1.obj
 0002:000025d4       _acFont10_1_175            004155d4     F10_1.obj
 0002:000025e0       _acFont10_1_176            004155e0     F10_1.obj
 0002:000025ec       _acFont10_1_177            004155ec     F10_1.obj
 0002:000025f8       _acFont10_1_178            004155f8     F10_1.obj
 0002:00002604       _acFont10_1_179            00415604     F10_1.obj
 0002:00002610       _acFont10_1_180            00415610     F10_1.obj
 0002:0000261c       _acFont10_1_181            0041561c     F10_1.obj
 0002:00002628       _acFont10_1_182            00415628     F10_1.obj
 0002:00002634       _acFont10_1_183            00415634     F10_1.obj
 0002:00002640       _acFont10_1_184            00415640     F10_1.obj
 0002:0000264c       _acFont10_1_185            0041564c     F10_1.obj
 0002:00002658       _acFont10_1_186            00415658     F10_1.obj
 0002:00002664       _acFont10_1_187            00415664     F10_1.obj
 0002:00002670       _acFont10_1_188            00415670     F10_1.obj
 0002:00002684       _acFont10_1_189            00415684     F10_1.obj
 0002:00002698       _acFont10_1_190            00415698     F10_1.obj
 0002:000026ac       _acFont10_1_191            004156ac     F10_1.obj
 0002:000026b8       _acFont10_1_192            004156b8     F10_1.obj
 0002:000026c4       _acFont10_1_193            004156c4     F10_1.obj
 0002:000026d0       _acFont10_1_194            004156d0     F10_1.obj
 0002:000026dc       _acFont10_1_195            004156dc     F10_1.obj
 0002:000026e8       _acFont10_1_196            004156e8     F10_1.obj
 0002:000026f4       _acFont10_1_197            004156f4     F10_1.obj
 0002:00002700       _acFont10_1_198            00415700     F10_1.obj
 0002:00002714       _acFont10_1_199            00415714     F10_1.obj
 0002:00002720       _acFont10_1_200            00415720     F10_1.obj
 0002:0000272c       _acFont10_1_201            0041572c     F10_1.obj
 0002:00002738       _acFont10_1_202            00415738     F10_1.obj
 0002:00002744       _acFont10_1_203            00415744     F10_1.obj
 0002:00002750       _acFont10_1_204            00415750     F10_1.obj
 0002:0000275c       _acFont10_1_205            0041575c     F10_1.obj
 0002:00002768       _acFont10_1_206            00415768     F10_1.obj
 0002:00002774       _acFont10_1_207            00415774     F10_1.obj
 0002:00002780       _acFont10_1_208            00415780     F10_1.obj
 0002:0000278c       _acFont10_1_209            0041578c     F10_1.obj
 0002:00002798       _acFont10_1_210            00415798     F10_1.obj
 0002:000027a4       _acFont10_1_211            004157a4     F10_1.obj
 0002:000027b0       _acFont10_1_212            004157b0     F10_1.obj
 0002:000027bc       _acFont10_1_213            004157bc     F10_1.obj
 0002:000027c8       _acFont10_1_214            004157c8     F10_1.obj
 0002:000027d4       _acFont10_1_215            004157d4     F10_1.obj
 0002:000027e0       _acFont10_1_216            004157e0     F10_1.obj
 0002:000027ec       _acFont10_1_217            004157ec     F10_1.obj
 0002:000027f8       _acFont10_1_218            004157f8     F10_1.obj
 0002:00002804       _acFont10_1_219            00415804     F10_1.obj
 0002:00002810       _acFont10_1_220            00415810     F10_1.obj
 0002:0000281c       _acFont10_1_221            0041581c     F10_1.obj
 0002:00002828       _acFont10_1_222            00415828     F10_1.obj
 0002:00002834       _acFont10_1_223            00415834     F10_1.obj
 0002:00002840       _acFont10_1_224            00415840     F10_1.obj
 0002:0000284c       _acFont10_1_225            0041584c     F10_1.obj
 0002:00002858       _acFont10_1_226            00415858     F10_1.obj
 0002:00002864       _acFont10_1_227            00415864     F10_1.obj
 0002:00002870       _acFont10_1_228            00415870     F10_1.obj
 0002:0000287c       _acFont10_1_229            0041587c     F10_1.obj
 0002:00002888       _acFont10_1_230            00415888     F10_1.obj
 0002:0000289c       _acFont10_1_231            0041589c     F10_1.obj
 0002:000028a8       _acFont10_1_232            004158a8     F10_1.obj
 0002:000028b4       _acFont10_1_233            004158b4     F10_1.obj
 0002:000028c0       _acFont10_1_234            004158c0     F10_1.obj
 0002:000028cc       _acFont10_1_235            004158cc     F10_1.obj
 0002:000028d8       _acFont10_1_236            004158d8     F10_1.obj
 0002:000028e4       _acFont10_1_237            004158e4     F10_1.obj
 0002:000028f0       _acFont10_1_238            004158f0     F10_1.obj
 0002:000028fc       _acFont10_1_239            004158fc     F10_1.obj
 0002:00002908       _acFont10_1_240            00415908     F10_1.obj
 0002:00002914       _acFont10_1_241            00415914     F10_1.obj
 0002:00002920       _acFont10_1_242            00415920     F10_1.obj
 0002:0000292c       _acFont10_1_243            0041592c     F10_1.obj
 0002:00002938       _acFont10_1_244            00415938     F10_1.obj
 0002:00002944       _acFont10_1_245            00415944     F10_1.obj
 0002:00002950       _acFont10_1_246            00415950     F10_1.obj
 0002:0000295c       _acFont10_1_247            0041595c     F10_1.obj
 0002:00002968       _acFont10_1_248            00415968     F10_1.obj
 0002:00002974       _acFont10_1_249            00415974     F10_1.obj
 0002:00002980       _acFont10_1_250            00415980     F10_1.obj
 0002:0000298c       _acFont10_1_251            0041598c     F10_1.obj
 0002:00002998       _acFont10_1_252            00415998     F10_1.obj
 0002:000029a4       _acFont10_1_253            004159a4     F10_1.obj
 0002:000029b0       _acFont10_1_254            004159b0     F10_1.obj
 0002:000029bc       _acFont10_1_255            004159bc     F10_1.obj
 0002:000029c8       _Font10_1_CharInfo         004159c8     F10_1.obj
 0002:00002cc8       _Font10_1Prop1             00415cc8     F10_1.obj
 0002:00002cd8       _GUI_Font10_1              00415cd8     F10_1.obj
 0002:00002cf8       _acFont10_ASCII_32         00415cf8     F10_ASCII.obj
 0002:00002d04       _acFont10_ASCII_33         00415d04     F10_ASCII.obj
 0002:00002d10       _acFont10_ASCII_34         00415d10     F10_ASCII.obj
 0002:00002d1c       _acFont10_ASCII_35         00415d1c     F10_ASCII.obj
 0002:00002d28       _acFont10_ASCII_36         00415d28     F10_ASCII.obj
 0002:00002d34       _acFont10_ASCII_37         00415d34     F10_ASCII.obj
 0002:00002d48       _acFont10_ASCII_38         00415d48     F10_ASCII.obj
 0002:00002d54       _acFont10_ASCII_39         00415d54     F10_ASCII.obj
 0002:00002d60       _acFont10_ASCII_40         00415d60     F10_ASCII.obj
 0002:00002d6c       _acFont10_ASCII_41         00415d6c     F10_ASCII.obj
 0002:00002d78       _acFont10_ASCII_42         00415d78     F10_ASCII.obj
 0002:00002d84       _acFont10_ASCII_43         00415d84     F10_ASCII.obj
 0002:00002d90       _acFont10_ASCII_44         00415d90     F10_ASCII.obj
 0002:00002d9c       _acFont10_ASCII_45         00415d9c     F10_ASCII.obj
 0002:00002da8       _acFont10_ASCII_46         00415da8     F10_ASCII.obj
 0002:00002db4       _acFont10_ASCII_47         00415db4     F10_ASCII.obj
 0002:00002dc0       _acFont10_ASCII_48         00415dc0     F10_ASCII.obj
 0002:00002dcc       _acFont10_ASCII_49         00415dcc     F10_ASCII.obj
 0002:00002dd8       _acFont10_ASCII_50         00415dd8     F10_ASCII.obj
 0002:00002de4       _acFont10_ASCII_51         00415de4     F10_ASCII.obj
 0002:00002df0       _acFont10_ASCII_52         00415df0     F10_ASCII.obj
 0002:00002dfc       _acFont10_ASCII_53         00415dfc     F10_ASCII.obj
 0002:00002e08       _acFont10_ASCII_54         00415e08     F10_ASCII.obj
 0002:00002e14       _acFont10_ASCII_55         00415e14     F10_ASCII.obj
 0002:00002e20       _acFont10_ASCII_56         00415e20     F10_ASCII.obj
 0002:00002e2c       _acFont10_ASCII_57         00415e2c     F10_ASCII.obj
 0002:00002e38       _acFont10_ASCII_58         00415e38     F10_ASCII.obj
 0002:00002e44       _acFont10_ASCII_59         00415e44     F10_ASCII.obj
 0002:00002e50       _acFont10_ASCII_60         00415e50     F10_ASCII.obj
 0002:00002e5c       _acFont10_ASCII_61         00415e5c     F10_ASCII.obj
 0002:00002e68       _acFont10_ASCII_62         00415e68     F10_ASCII.obj
 0002:00002e74       _acFont10_ASCII_63         00415e74     F10_ASCII.obj
 0002:00002e80       _acFont10_ASCII_64         00415e80     F10_ASCII.obj
 0002:00002e94       _acFont10_ASCII_65         00415e94     F10_ASCII.obj
 0002:00002ea0       _acFont10_ASCII_66         00415ea0     F10_ASCII.obj
 0002:00002eac       _acFont10_ASCII_67         00415eac     F10_ASCII.obj
 0002:00002eb8       _acFont10_ASCII_68         00415eb8     F10_ASCII.obj
 0002:00002ec4       _acFont10_ASCII_69         00415ec4     F10_ASCII.obj
 0002:00002ed0       _acFont10_ASCII_70         00415ed0     F10_ASCII.obj
 0002:00002edc       _acFont10_ASCII_71         00415edc     F10_ASCII.obj
 0002:00002ee8       _acFont10_ASCII_72         00415ee8     F10_ASCII.obj
 0002:00002ef4       _acFont10_ASCII_73         00415ef4     F10_ASCII.obj
 0002:00002f00       _acFont10_ASCII_74         00415f00     F10_ASCII.obj
 0002:00002f0c       _acFont10_ASCII_75         00415f0c     F10_ASCII.obj
 0002:00002f18       _acFont10_ASCII_76         00415f18     F10_ASCII.obj
 0002:00002f24       _acFont10_ASCII_77         00415f24     F10_ASCII.obj
 0002:00002f30       _acFont10_ASCII_78         00415f30     F10_ASCII.obj
 0002:00002f3c       _acFont10_ASCII_79         00415f3c     F10_ASCII.obj
 0002:00002f48       _acFont10_ASCII_80         00415f48     F10_ASCII.obj
 0002:00002f54       _acFont10_ASCII_81         00415f54     F10_ASCII.obj
 0002:00002f60       _acFont10_ASCII_82         00415f60     F10_ASCII.obj
 0002:00002f6c       _acFont10_ASCII_83         00415f6c     F10_ASCII.obj
 0002:00002f78       _acFont10_ASCII_84         00415f78     F10_ASCII.obj
 0002:00002f84       _acFont10_ASCII_85         00415f84     F10_ASCII.obj
 0002:00002f90       _acFont10_ASCII_86         00415f90     F10_ASCII.obj
 0002:00002f9c       _acFont10_ASCII_87         00415f9c     F10_ASCII.obj
 0002:00002fb0       _acFont10_ASCII_88         00415fb0     F10_ASCII.obj
 0002:00002fbc       _acFont10_ASCII_89         00415fbc     F10_ASCII.obj
 0002:00002fc8       _acFont10_ASCII_90         00415fc8     F10_ASCII.obj
 0002:00002fd4       _acFont10_ASCII_91         00415fd4     F10_ASCII.obj
 0002:00002fe0       _acFont10_ASCII_92         00415fe0     F10_ASCII.obj
 0002:00002fec       _acFont10_ASCII_93         00415fec     F10_ASCII.obj
 0002:00002ff8       _acFont10_ASCII_94         00415ff8     F10_ASCII.obj
 0002:00003004       _acFont10_ASCII_95         00416004     F10_ASCII.obj
 0002:00003010       _acFont10_ASCII_96         00416010     F10_ASCII.obj
 0002:0000301c       _acFont10_ASCII_97         0041601c     F10_ASCII.obj
 0002:00003028       _acFont10_ASCII_98         00416028     F10_ASCII.obj
 0002:00003034       _acFont10_ASCII_99         00416034     F10_ASCII.obj
 0002:00003040       _acFont10_ASCII_100        00416040     F10_ASCII.obj
 0002:0000304c       _acFont10_ASCII_101        0041604c     F10_ASCII.obj
 0002:00003058       _acFont10_ASCII_102        00416058     F10_ASCII.obj
 0002:00003064       _acFont10_ASCII_103        00416064     F10_ASCII.obj
 0002:00003070       _acFont10_ASCII_104        00416070     F10_ASCII.obj
 0002:0000307c       _acFont10_ASCII_105        0041607c     F10_ASCII.obj
 0002:00003088       _acFont10_ASCII_106        00416088     F10_ASCII.obj
 0002:00003094       _acFont10_ASCII_107        00416094     F10_ASCII.obj
 0002:000030a0       _acFont10_ASCII_108        004160a0     F10_ASCII.obj
 0002:000030ac       _acFont10_ASCII_109        004160ac     F10_ASCII.obj
 0002:000030b8       _acFont10_ASCII_110        004160b8     F10_ASCII.obj
 0002:000030c4       _acFont10_ASCII_111        004160c4     F10_ASCII.obj
 0002:000030d0       _acFont10_ASCII_112        004160d0     F10_ASCII.obj
 0002:000030dc       _acFont10_ASCII_113        004160dc     F10_ASCII.obj
 0002:000030e8       _acFont10_ASCII_114        004160e8     F10_ASCII.obj
 0002:000030f4       _acFont10_ASCII_115        004160f4     F10_ASCII.obj
 0002:00003100       _acFont10_ASCII_116        00416100     F10_ASCII.obj
 0002:0000310c       _acFont10_ASCII_117        0041610c     F10_ASCII.obj
 0002:00003118       _acFont10_ASCII_118        00416118     F10_ASCII.obj
 0002:00003124       _acFont10_ASCII_119        00416124     F10_ASCII.obj
 0002:00003138       _acFont10_ASCII_120        00416138     F10_ASCII.obj
 0002:00003144       _acFont10_ASCII_121        00416144     F10_ASCII.obj
 0002:00003150       _acFont10_ASCII_122        00416150     F10_ASCII.obj
 0002:0000315c       _acFont10_ASCII_123        0041615c     F10_ASCII.obj
 0002:00003168       _acFont10_ASCII_124        00416168     F10_ASCII.obj
 0002:00003174       _acFont10_ASCII_125        00416174     F10_ASCII.obj
 0002:00003180       _acFont10_ASCII_126        00416180     F10_ASCII.obj
 0002:00003190       _GUI_Font10_ASCII_CharInfo 00416190     F10_ASCII.obj
 0002:00003490       _GUI_Font10ASCIIProp1      00416490     F10_ASCII.obj
 0002:000034a0       _GUI_Font10_ASCII          004164a0     F10_ASCII.obj
 0002:000034c0       _acFont10S_1_160           004164c0     F10S_1.obj
 0002:000034cc       _acFont10S_1_161           004164cc     F10S_1.obj
 0002:000034d8       _acFont10S_1_162           004164d8     F10S_1.obj
 0002:000034e4       _acFont10S_1_163           004164e4     F10S_1.obj
 0002:000034f0       _acFont10S_1_164           004164f0     F10S_1.obj
 0002:000034fc       _acFont10S_1_165           004164fc     F10S_1.obj
 0002:00003508       _acFont10S_1_166           00416508     F10S_1.obj
 0002:00003514       _acFont10S_1_167           00416514     F10S_1.obj
 0002:00003520       _acFont10S_1_168           00416520     F10S_1.obj
 0002:0000352c       _acFont10S_1_169           0041652c     F10S_1.obj
 0002:00003538       _acFont10S_1_170           00416538     F10S_1.obj
 0002:00003544       _acFont10S_1_171           00416544     F10S_1.obj
 0002:00003550       _acFont10S_1_172           00416550     F10S_1.obj
 0002:0000355c       _acFont10S_1_173           0041655c     F10S_1.obj
 0002:00003568       _acFont10S_1_174           00416568     F10S_1.obj
 0002:00003574       _acFont10S_1_175           00416574     F10S_1.obj
 0002:00003580       _acFont10S_1_176           00416580     F10S_1.obj
 0002:0000358c       _acFont10S_1_177           0041658c     F10S_1.obj
 0002:00003598       _acFont10S_1_178           00416598     F10S_1.obj
 0002:000035a4       _acFont10S_1_179           004165a4     F10S_1.obj
 0002:000035b0       _acFont10S_1_180           004165b0     F10S_1.obj
 0002:000035bc       _acFont10S_1_181           004165bc     F10S_1.obj
 0002:000035c8       _acFont10S_1_182           004165c8     F10S_1.obj
 0002:000035d4       _acFont10S_1_183           004165d4     F10S_1.obj
 0002:000035e0       _acFont10S_1_184           004165e0     F10S_1.obj
 0002:000035ec       _acFont10S_1_185           004165ec     F10S_1.obj
 0002:000035f8       _acFont10S_1_186           004165f8     F10S_1.obj
 0002:00003604       _acFont10S_1_187           00416604     F10S_1.obj
 0002:00003610       _acFont10S_1_188           00416610     F10S_1.obj
 0002:0000361c       _acFont10S_1_189           0041661c     F10S_1.obj
 0002:00003628       _acFont10S_1_190           00416628     F10S_1.obj
 0002:00003634       _acFont10S_1_191           00416634     F10S_1.obj
[...]
 0001:000041d2       __DrawHLine                004051d2 f   GUIDEV_Measure.obj
 0001:000041eb       __DrawVLine                004051eb f   GUIDEV_Measure.obj
 0001:00004204       __SetPixelIndex            00405204 f   GUIDEV_Measure.obj
 0001:00004204       __XorPixel                 00405204 f   GUIDEV_Measure.obj
 0001:00004214       __GetPixelIndex            00405214 f   GUIDEV_Measure.obj
 0001:00004217       __FillRect                 00405217 f   GUIDEV_Measure.obj
 0001:00004230       __GetRect                  00405230 f   GUIDEV_Measure.obj
 0001:0000424c       __Color2Index              0040524c f   GUIDEV_Measure.obj
 0001:00004262       __Index2Color              00405262 f   GUIDEV_Measure.obj
 0001:00004278       __FillPolygon              00405278 f   GUIDEV_Measure.obj
 0001:000042b9       _CalcPolyRect              004052b9 f   GUIDEV_Measure.obj
 0001:00004324       __FillPolygonAA            00405324 f   GUIDEV_Measure.obj
 0001:000040b8       _Min                       004050b8 f   GUIDEV_Banding.obj
 0001:00003322       __DrawBitmap               00404322 f   GUIDEV.obj
 0001:00003455       _DrawBitLine1BPP           00404455 f   GUIDEV.obj
 0001:000035b0       _DrawBitLine2BPP           004045b0 f   GUIDEV.obj
 0001:000036c3       _DrawBitLine4BPP           004046c3 f   GUIDEV.obj
 0001:000038a1       _DrawBitLine8BPP           004048a1 f   GUIDEV.obj
 0001:00003913       _DrawBitLine8BPP_DDB       00404913 f   GUIDEV.obj
 0001:00003976       __DrawHLine                00404976 f   GUIDEV.obj
 0001:00003a05       __DrawVLine                00404a05 f   GUIDEV.obj
 0001:00003a8d       __SetPixelIndex            00404a8d f   GUIDEV.obj
 0001:00003ad1       __XorPixel                 00404ad1 f   GUIDEV.obj
 0001:00003b1d       __GetPixelIndex            00404b1d f   GUIDEV.obj
 0001:00003b30       __FillRect                 00404b30 f   GUIDEV.obj
 0001:00003b51       __GetRect                  00404b51 f   GUIDEV.obj
 0001:00003b8a       __Color2Index              00404b8a f   GUIDEV.obj
 0001:00003ba0       __Index2Color              00404ba0 f   GUIDEV.obj
 0001:00003de6       __CopyToLCDAt              00404de6 f   GUIDEV.obj
 0001:00002cce       _XorPixel                  00403cce f   LCDWin.obj
 0001:00002e1f       _DrawBitLine1BPP           00403e1f f   LCDWin.obj
 0001:00002f11       _DrawBitLine2BPP           00403f11 f   LCDWin.obj
 0001:00003099       _DrawBitLine4BPP           00404099 f   LCDWin.obj
 0001:00003158       _DrawBitLine8BPP           00404158 f   LCDWin.obj
 0001:000026f2       _GetColorIndex             004036f2 f   LCD.obj
 0001:00002604       __GetTaskNo                00403604 f   guitask.obj
 0001:000024de       _DB2SJIS                   004034de f   GUIEncJS.obj
 0001:0000243e       __InitContext              0040343e f   GUICore.obj
 0001:00002157       _GUIPROP_FindChar          00403157 f   GUICharP.obj
 0001:00001b5f       __GotoY                    00402b5f f   GUIChar.obj
 0001:00001b88       __GotoX                    00402b88 f   GUIChar.obj
 0001:00001651       __DrawArc                  00402651 f   guiarc.obj
 0001:000018ac       _CalcX                     004028ac f   guiarc.obj
 0001:000018da       _CalcInterSectLin          004028da f   guiarc.obj
 0001:0000117c       __Alloc                    0040217c f   GUIAlloc.obj
 0001:000012a0       _Size2LegalSize            004022a0 f   GUIAlloc.obj
 0001:000012aa       _FindFreeHandle            004022aa f   GUIAlloc.obj
 0001:000012d9       _FindHole                  004022d9 f   GUIAlloc.obj
 0001:0000133f       _CreateHole                0040233f f   GUIAlloc.obj
 0001:000013db       _CheckInit                 004023db f   GUIAlloc.obj
 0001:000003da       __atan2                    004013da f   gui2dlib.obj
 0001:0000055f       __DrawLineEnd              0040155f f   gui2dlib.obj
 0001:0000060a       __DrawRect                 0040160a f   gui2dlib.obj
 0001:000007c7       _Abs                       004017c7 f   gui2dlib.obj
 0001:00011284       label0                     00412284 f   libcmt:adj_fdiv.obj
 0001:0001128a       label1                     0041228a f   libcmt:adj_fdiv.obj
 0001:0001128f       label2                     0041228f f   libcmt:adj_fdiv.obj
 0001:00011295       label3                     00412295 f   libcmt:adj_fdiv.obj
 0001:0001129a       label4                     0041229a f   libcmt:adj_fdiv.obj
 0001:000112a0       label5                     004122a0 f   libcmt:adj_fdiv.obj
 0001:000112a6       label6                     004122a6 f   libcmt:adj_fdiv.obj
 0001:000112ac       label7                     004122ac f   libcmt:adj_fdiv.obj
 0001:000112b2       label8                     004122b2 f   libcmt:adj_fdiv.obj
 0001:000112ce       label9                     004122ce f   libcmt:adj_fdiv.obj
 0001:000112d3       label10                    004122d3 f   libcmt:adj_fdiv.obj
 0001:000112e9       label11                    004122e9 f   libcmt:adj_fdiv.obj
 0001:000112ee       label12                    004122ee f   libcmt:adj_fdiv.obj
 0001:0001130a       label13                    0041230a f   libcmt:adj_fdiv.obj
 0001:0001131a       label14                    0041231a f   libcmt:adj_fdiv.obj
 0001:0001132e       label15                    0041232e f   libcmt:adj_fdiv.obj
 0001:0001133e       label16                    0041233e f   libcmt:adj_fdiv.obj
 0001:0001135e       label17                    0041235e f   libcmt:adj_fdiv.obj
 0001:00011363       label18                    00412363 f   libcmt:adj_fdiv.obj
 0001:0001137d       label19                    0041237d f   libcmt:adj_fdiv.obj
 0001:00011382       label20                    00412382 f   libcmt:adj_fdiv.obj
 0001:000113a2       label21                    004123a2 f   libcmt:adj_fdiv.obj
 0001:000113b6       label22                    004123b6 f   libcmt:adj_fdiv.obj
 0001:000113ce       label23                    004123ce f   libcmt:adj_fdiv.obj
 0001:000113e2       label24                    004123e2 f   libcmt:adj_fdiv.obj
 0001:00011402       label25                    00412402 f   libcmt:adj_fdiv.obj
 0001:00011407       label26                    00412407 f   libcmt:adj_fdiv.obj
 0001:00011421       label27                    00412421 f   libcmt:adj_fdiv.obj
 0001:00011426       label28                    00412426 f   libcmt:adj_fdiv.obj
 0001:00011446       label29                    00412446 f   libcmt:adj_fdiv.obj
 0001:0001145a       label30                    0041245a f   libcmt:adj_fdiv.obj
 0001:00011472       label31                    00412472 f   libcmt:adj_fdiv.obj
 0001:00011486       label32                    00412486 f   libcmt:adj_fdiv.obj
 0001:000114a6       label33                    004124a6 f   libcmt:adj_fdiv.obj
 0001:000114ab       label34                    004124ab f   libcmt:adj_fdiv.obj
 0001:000114c5       label35                    004124c5 f   libcmt:adj_fdiv.obj
 0001:000114ca       label36                    004124ca f   libcmt:adj_fdiv.obj
 0001:000114ea       label37                    004124ea f   libcmt:adj_fdiv.obj
 0001:000114fe       label38                    004124fe f   libcmt:adj_fdiv.obj
 0001:00011516       label39                    00412516 f   libcmt:adj_fdiv.obj
 0001:0001152a       label40                    0041252a f   libcmt:adj_fdiv.obj
 0001:0001154a       label41                    0041254a f   libcmt:adj_fdiv.obj
 0001:0001154f       label42                    0041254f f   libcmt:adj_fdiv.obj
 0001:00011569       label43                    00412569 f   libcmt:adj_fdiv.obj
 0001:0001156e       label44                    0041256e f   libcmt:adj_fdiv.obj
 0001:0001158e       label45                    0041258e f   libcmt:adj_fdiv.obj
 0001:000115a2       label46                    004125a2 f   libcmt:adj_fdiv.obj
 0001:000115ba       label47                    004125ba f   libcmt:adj_fdiv.obj
 0001:000115ce       label48                    004125ce f   libcmt:adj_fdiv.obj
 0001:000115ee       label49                    004125ee f   libcmt:adj_fdiv.obj
 0001:000115f3       label50                    004125f3 f   libcmt:adj_fdiv.obj
 0001:0001160d       label51                    0041260d f   libcmt:adj_fdiv.obj
 0001:00011612       label52                    00412612 f   libcmt:adj_fdiv.obj
 0001:00011632       label53                    00412632 f   libcmt:adj_fdiv.obj
 0001:00011646       label54                    00412646 f   libcmt:adj_fdiv.obj
 0001:0001165e       label55                    0041265e f   libcmt:adj_fdiv.obj
 0001:00011672       label56                    00412672 f   libcmt:adj_fdiv.obj
 0001:00011692       label57                    00412692 f   libcmt:adj_fdiv.obj
 0001:00011697       label58                    00412697 f   libcmt:adj_fdiv.obj
 0001:000116b1       label59                    004126b1 f   libcmt:adj_fdiv.obj
 0001:000116b6       label60                    004126b6 f   libcmt:adj_fdiv.obj
 0001:000116d6       label61                    004126d6 f   libcmt:adj_fdiv.obj
 0001:000116ea       label62                    004126ea f   libcmt:adj_fdiv.obj
 0001:00011702       label63                    00412702 f   libcmt:adj_fdiv.obj
 0001:00010b61       fFEXP                      00411b61 f   libcmt:87tran.obj
 0001:00010ca1       _rtforexpinf               00411ca1 f   libcmt:87tran.obj
 0001:0000c65e       _strncnt                   0040d65e f   libcmt:a_map.obj
 0001:0000c232       _flsall                    0040d232 f   libcmt:fflush.obj
 0001:0000a976       _strtoxl                   0040b976 f   libcmt:strtol.obj
 0001:0000a5db       _getSystemCP               0040b5db f   libcmt:mbctype.obj
 0001:0000a625       _CPtoLCID                  0040b625 f   libcmt:mbctype.obj
 0001:0000a658       _setSBCS                   0040b658 f   libcmt:mbctype.obj
 0001:0000a681       _setSBUpLow                0040b681 f   libcmt:mbctype.obj
 0001:0000a3fd       _x_ismbbtype               0040b3fd f   libcmt:ismbbyte.obj
 0001:00009a80       __abstract_cw              0040aa80 f   libcmt:ieee87.obj
 0001:00009b12       __hw_cw                    0040ab12 f   libcmt:ieee87.obj
 0001:00008db4       _gu_return                 00409db4 f   libcmt:exsup.obj
 0001:00008dbc       __unwind_handler           00409dbc f   libcmt:exsup.obj
 0001:00008658       _parse_cmdline             00409658 f   libcmt:stdargv.obj
 0001:00008474       _xcptlookup                00409474 f   libcmt:winxfltr.obj
 0001:00008265       _doexit                    00409265 f   libcmt:crt0dat.obj
 0001:0000831c       __initterm                 0040931c f   libcmt:crt0dat.obj
 0001:00007fd8       __get_fname                00408fd8 f   libcmt:fpexcept.obj
 0001:000076ab       __cftoe2                   004086ab f   libcmt:cvt.obj
 0001:000077c2       __cftof2                   004087c2 f   libcmt:cvt.obj
 0001:0000794d       __shift                    0040894d f   libcmt:cvt.obj
 0001:0000704b       _write_char                0040804b f   libcmt:output.obj
 0001:00007080       _write_multi_char          00408080 f   libcmt:output.obj
 0001:000070b1       _write_string              004080b1 f   libcmt:output.obj
 0001:000070e9       _get_int_arg               004080e9 f   libcmt:output.obj
 0001:000070f6       _get_int64_arg             004080f6 f   libcmt:output.obj
 0001:00007106       _get_short_arg             00408106 f   libcmt:output.obj
 0001:00006771       _fast_error_exit           00407771 f   libcmt:wincrt0.obj
 0001:00006200       LeadUp1                    00407200 f   libcmt:memcpy.obj
 0001:0000622c       LeadUp2                    0040722c f   libcmt:memcpy.obj
 0001:00006250       LeadUp3                    00407250 f   libcmt:memcpy.obj
 0001:000062cf       UnwindUp0                  004072cf f   libcmt:memcpy.obj
 0001:000062bc       UnwindUp1                  004072bc f   libcmt:memcpy.obj
 0001:000062b4       UnwindUp2                  004072b4 f   libcmt:memcpy.obj
 0001:000062ac       UnwindUp3                  004072ac f   libcmt:memcpy.obj
 0001:000062a4       UnwindUp4                  004072a4 f   libcmt:memcpy.obj
 0001:0000629c       UnwindUp5                  0040729c f   libcmt:memcpy.obj
 0001:00006294       UnwindUp6                  00407294 f   libcmt:memcpy.obj
 0001:0000628c       UnwindUp7                  0040728c f   libcmt:memcpy.obj
 0001:000062e8       TrailUp0                   004072e8 f   libcmt:memcpy.obj
 0001:000062f0       TrailUp1                   004072f0 f   libcmt:memcpy.obj
 0001:000062fc       TrailUp2                   004072fc f   libcmt:memcpy.obj
 0001:00006310       TrailUp3                   00407310 f   libcmt:memcpy.obj
 0001:00006388       LeadDown1                  00407388 f   libcmt:memcpy.obj
 0001:000063a8       LeadDown2                  004073a8 f   libcmt:memcpy.obj
 0001:000063d0       LeadDown3                  004073d0 f   libcmt:memcpy.obj
 0001:00006424       UnwindDown7                00407424 f   libcmt:memcpy.obj
 0001:0000642c       UnwindDown6                0040742c f   libcmt:memcpy.obj
 0001:00006434       UnwindDown5                00407434 f   libcmt:memcpy.obj
 0001:0000643c       UnwindDown4                0040743c f   libcmt:memcpy.obj
 0001:00006444       UnwindDown3                00407444 f   libcmt:memcpy.obj
 0001:0000644c       UnwindDown2                0040744c f   libcmt:memcpy.obj
 0001:00006454       UnwindDown1                00407454 f   libcmt:memcpy.obj
 0001:00006467       UnwindDown0                00407467 f   libcmt:memcpy.obj
 0001:00006480       TrailDown0                 00407480 f   libcmt:memcpy.obj
 0001:00006488       TrailDown1                 00407488 f   libcmt:memcpy.obj
 0001:00006498       TrailDown2                 00407498 f   libcmt:memcpy.obj
 0001:000064ac       TrailDown3                 004074ac f   libcmt:memcpy.obj
 0001:00005c60       LeadUp1                    00406c60 f   libcmt:memmove.obj
 0001:00005c8c       LeadUp2                    00406c8c f   libcmt:memmove.obj
 0001:00005cb0       LeadUp3                    00406cb0 f   libcmt:memmove.obj
 0001:00005d2f       UnwindUp0                  00406d2f f   libcmt:memmove.obj
 0001:00005d1c       UnwindUp1                  00406d1c f   libcmt:memmove.obj
 0001:00005d14       UnwindUp2                  00406d14 f   libcmt:memmove.obj
 0001:00005d0c       UnwindUp3                  00406d0c f   libcmt:memmove.obj
 0001:00005d04       UnwindUp4                  00406d04 f   libcmt:memmove.obj
 0001:00005cfc       UnwindUp5                  00406cfc f   libcmt:memmove.obj
 0001:00005cf4       UnwindUp6                  00406cf4 f   libcmt:memmove.obj
 0001:00005cec       UnwindUp7                  00406cec f   libcmt:memmove.obj
 0001:00005d48       TrailUp0                   00406d48 f   libcmt:memmove.obj
 0001:00005d50       TrailUp1                   00406d50 f   libcmt:memmove.obj
 0001:00005d5c       TrailUp2                   00406d5c f   libcmt:memmove.obj
 0001:00005d70       TrailUp3                   00406d70 f   libcmt:memmove.obj
 0001:00005de8       LeadDown1                  00406de8 f   libcmt:memmove.obj
 0001:00005e08       LeadDown2                  00406e08 f   libcmt:memmove.obj
 0001:00005e30       LeadDown3                  00406e30 f   libcmt:memmove.obj
 0001:00005e84       UnwindDown7                00406e84 f   libcmt:memmove.obj
 0001:00005e8c       UnwindDown6                00406e8c f   libcmt:memmove.obj
 0001:00005e94       UnwindDown5                00406e94 f   libcmt:memmove.obj
 0001:00005e9c       UnwindDown4                00406e9c f   libcmt:memmove.obj
 0001:00005ea4       UnwindDown3                00406ea4 f   libcmt:memmove.obj
 0001:00005eac       UnwindDown2                00406eac f   libcmt:memmove.obj
 0001:00005eb4       UnwindDown1                00406eb4 f   libcmt:memmove.obj
 0001:00005ec7       UnwindDown0                00406ec7 f   libcmt:memmove.obj
 0001:00005ee0       TrailDown0                 00406ee0 f   libcmt:memmove.obj
 0001:00005ee8       TrailDown1                 00406ee8 f   libcmt:memmove.obj
 0001:00005ef8       TrailDown2                 00406ef8 f   libcmt:memmove.obj
 0001:00005f0c       TrailDown3                 00406f0c f   libcmt:memmove.obj
 0001:000105b9       _InitSMem                  004115b9 f   GUISim:LCDSIM_1.OBJ
 0001:000105f2       _Cleanup                   004115f2 f   GUISim:LCDSIM_1.OBJ
 0001:000107eb       _CorrectGamma              004117eb f   GUISim:LCDSIM_1.OBJ
 0001:0001082a       _Gamma                     0041182a f   GUISim:LCDSIM_1.OBJ
 0001:0000e300       __VirtKey2Key              0040f300 f   GUISim:WinMain.OBJ
 0001:0000e32c       __Keydown2ASCII            0040f32c f   GUISim:WinMain.OBJ
 0001:0000e38e       __THREAD_Sleep             0040f38e f   GUISim:WinMain.OBJ
 0001:0000e3d6       __LOG_Add                  0040f3d6 f   GUISim:WinMain.OBJ
 0001:0000e407       __LOG_AddPlain             0040f407 f   GUISim:WinMain.OBJ
 0001:0000e49a       __LOG_DelFirstLine         0040f49a f   GUISim:WinMain.OBJ
 0001:0000e4df       _LogTime                   0040f4df f   GUISim:WinMain.OBJ
 0001:0000e5a5       _SendToErrorFile           0040f5a5 f   GUISim:WinMain.OBJ
 0001:0000e67f       __WinMain_NoClean          0040f67f f   GUISim:WinMain.OBJ
 0001:0000e92d       __LOG_Create               0040f92d f   GUISim:WinMain.OBJ
 0001:0000e983       __LOG_Init                 0040f983 f   GUISim:WinMain.OBJ
 0001:0000e9f3       __WndProcLog@16            0040f9f3 f   GUISim:WinMain.OBJ
 0001:0000ea54       __LOG_Paint                0040fa54 f   GUISim:WinMain.OBJ
 0001:0000eb67       __THREAD_KillAll           0040fb67 f   GUISim:WinMain.OBJ
 0001:0000ebb0       __THREAD_StartApplication  0040fbb0 f   GUISim:WinMain.OBJ
 0001:0000ec03       __Thread                   0040fc03 f   GUISim:WinMain.OBJ
 0001:0000ec2c       __RegisterClasses          0040fc2c f   GUISim:WinMain.OBJ
 0001:0000ed63       __WndProcLCD@16            0040fd63 f   GUISim:WinMain.OBJ
 0001:0000ef14       __FindFreeLCDIndex         0040ff14 f   GUISim:WinMain.OBJ
 0001:0000ef30       __WndProcLCD1@16           0040ff30 f   GUISim:WinMain.OBJ
 0001:0000effa       __CreateWndLCD             0040fffa f   GUISim:WinMain.OBJ
 0001:0000f162       __CreateWndLCDInfo         00410162 f   GUISim:WinMain.OBJ
 0001:0000f274       __WndProcDevice@16         00410274 f   GUISim:WinMain.OBJ
 0001:0000f510       __SetBitmapRegion          00410510 f   GUISim:WinMain.OBJ
 0001:0000f67e       __GetScanLine              0041067e f   GUISim:WinMain.OBJ
 0001:0000f6eb       __FindHardkeys             004106eb f   GUISim:WinMain.OBJ
 0001:0000f798       __AddHardkeyRegion         00410798 f   GUISim:WinMain.OBJ
 0001:0000f862       __MainWnd_Command          00410862 f   GUISim:WinMain.OBJ
 0001:0000f915       __OnCopy                   00410915 f   GUISim:WinMain.OBJ
 0001:0000fad8       __THREAD_StopApplication   00410ad8 f   GUISim:WinMain.OBJ
 0001:0000fb63       __THREAD_ContinueApplication 00410b63 f   GUISim:WinMain.OBJ
 0001:0000fbee       __About@16                 00410bee f   GUISim:WinMain.OBJ
 0001:0000fc9e       __WndProcHardkey@16        00410c9e f   GUISim:WinMain.OBJ
 0001:0000fe4b       __WndProcLCDInfo@16        00410e4b f   GUISim:WinMain.OBJ
 0001:00010117       __WndProcMain@16           00411117 f   GUISim:WinMain.OBJ
 0001:000101b9       __InitMenu                 004111b9 f   GUISim:WinMain.OBJ
 0001:0001020a       __MainWnd_OnTimer          0041120a f   GUISim:WinMain.OBJ
 0001:000102dd       __MainWnd_Paint            004112dd f   GUISim:WinMain.OBJ
 0001:00010396       __TranslateAccelerator     00411396 f   GUISim:WinMain.OBJ
 0001:0000dd41       _InitSMem                  0040ed41 f   GUISim:LCDSIM.OBJ
 0001:0000dfa8       _Convert_Index16IntoIndex32 0040efa8 f   GUISim:LCDSIM.OBJ
 0001:0000e156       __COLORREF2Index           0040f156 f   GUISim:LCDSIM.OBJ

 57 bytes saved through ICF

